Component: ARM Compiler 5.06 update 7 (build 960) Tool: armlink [4d3601]

==============================================================================

Section Cross References

    startup_stm32f750xx.o(RESET) refers to startup_stm32f750xx.o(STACK) for __initial_sp
    startup_stm32f750xx.o(RESET) refers to startup_stm32f750xx.o(.text) for Reset_Handler
    startup_stm32f750xx.o(RESET) refers to stm32f7xx_it.o(i.NMI_Handler) for NMI_Handler
    startup_stm32f750xx.o(RESET) refers to stm32f7xx_it.o(i.HardFault_Handler) for HardFault_Handler
    startup_stm32f750xx.o(RESET) refers to stm32f7xx_it.o(i.MemManage_Handler) for MemManage_Handler
    startup_stm32f750xx.o(RESET) refers to stm32f7xx_it.o(i.BusFault_Handler) for BusFault_Handler
    startup_stm32f750xx.o(RESET) refers to stm32f7xx_it.o(i.UsageFault_Handler) for UsageFault_Handler
    startup_stm32f750xx.o(RESET) refers to port.o(.emb_text) for SVC_Handler
    startup_stm32f750xx.o(RESET) refers to stm32f7xx_it.o(i.DebugMon_Handler) for DebugMon_Handler
    startup_stm32f750xx.o(RESET) refers to port.o(i.SysTick_Handler) for SysTick_Handler
    startup_stm32f750xx.o(RESET) refers to stm32f7xx_it.o(i.TIM1_UP_TIM10_IRQHandler) for TIM1_UP_TIM10_IRQHandler
    startup_stm32f750xx.o(RESET) refers to stm32f7xx_it.o(i.TIM2_IRQHandler) for TIM2_IRQHandler
    startup_stm32f750xx.o(RESET) refers to stm32f7xx_it.o(i.TIM3_IRQHandler) for TIM3_IRQHandler
    startup_stm32f750xx.o(RESET) refers to usmart.o(i.TIM4_IRQHandler) for TIM4_IRQHandler
    startup_stm32f750xx.o(RESET) refers to uart.o(i.USART1_IRQHandler) for USART1_IRQHandler
    startup_stm32f750xx.o(RESET) refers to stm32f7xx_it.o(i.USART2_IRQHandler) for USART2_IRQHandler
    startup_stm32f750xx.o(RESET) refers to stm32f7xx_it.o(i.USART3_IRQHandler) for USART3_IRQHandler
    startup_stm32f750xx.o(RESET) refers to stm32f7xx_it.o(i.TIM8_TRG_COM_TIM14_IRQHandler) for TIM8_TRG_COM_TIM14_IRQHandler
    startup_stm32f750xx.o(RESET) refers to sin_generate.o(i.TIM5_IRQHandler) for TIM5_IRQHandler
    startup_stm32f750xx.o(RESET) refers to imu_task.o(i.UART4_IRQHandler) for UART4_IRQHandler
    startup_stm32f750xx.o(RESET) refers to delay.o(i.TIM7_IRQHandler) for TIM7_IRQHandler
    startup_stm32f750xx.o(RESET) refers to stm32f7xx_it.o(i.USART6_IRQHandler) for USART6_IRQHandler
    startup_stm32f750xx.o(RESET) refers to stm32f7xx_it.o(i.UART7_IRQHandler) for UART7_IRQHandler
    startup_stm32f750xx.o(.text) refers to system_stm32f7xx.o(i.SystemInit) for SystemInit
    startup_stm32f750xx.o(.text) refers to entry.o(.ARM.Collect$$$$00000000) for __main
    main.o(i.HAL_TIM_PeriodElapsedCallback) refers to stm32f7xx_hal.o(i.HAL_IncTick) for HAL_IncTick
    main.o(i.SystemClock_Config) refers to memseta.o(.text) for __aeabi_memclr4
    main.o(i.SystemClock_Config) refers to stm32f7xx_hal_rcc.o(i.HAL_RCC_OscConfig) for HAL_RCC_OscConfig
    main.o(i.SystemClock_Config) refers to stm32f7xx_hal_pwr_ex.o(i.HAL_PWREx_EnableOverDrive) for HAL_PWREx_EnableOverDrive
    main.o(i.SystemClock_Config) refers to stm32f7xx_hal_rcc.o(i.HAL_RCC_ClockConfig) for HAL_RCC_ClockConfig
    main.o(i.SystemClock_Config) refers to stm32f7xx_hal_rcc_ex.o(i.HAL_RCCEx_PeriphCLKConfig) for HAL_RCCEx_PeriphCLKConfig
    main.o(i.main) refers to stm32f7xx_hal.o(i.HAL_Init) for HAL_Init
    main.o(i.main) refers to main.o(i.SystemClock_Config) for SystemClock_Config
    main.o(i.main) refers to gpio.o(i.MX_GPIO_Init) for MX_GPIO_Init
    main.o(i.main) refers to tim.o(i.MX_TIM1_Init) for MX_TIM1_Init
    main.o(i.main) refers to tim.o(i.MX_TIM2_Init) for MX_TIM2_Init
    main.o(i.main) refers to tim.o(i.MX_TIM3_Init) for MX_TIM3_Init
    main.o(i.main) refers to usart.o(i.MX_UART7_Init) for MX_UART7_Init
    main.o(i.main) refers to usart.o(i.MX_USART2_UART_Init) for MX_USART2_UART_Init
    main.o(i.main) refers to usart.o(i.MX_USART3_UART_Init) for MX_USART3_UART_Init
    main.o(i.main) refers to usart.o(i.MX_USART6_UART_Init) for MX_USART6_UART_Init
    main.o(i.main) refers to sin_generate.o(i.Timer5_Init) for Timer5_Init
    main.o(i.main) refers to delay.o(i.delay_init) for delay_init
    main.o(i.main) refers to temporary_task.o(i.user_init) for user_init
    main.o(i.main) refers to stm32f7xx_hal_tim.o(i.HAL_TIM_PWM_Start_IT) for HAL_TIM_PWM_Start_IT
    main.o(i.main) refers to task_create.o(i.Start_task_create) for Start_task_create
    main.o(i.main) refers to freertos.o(i.MX_FREERTOS_Init) for MX_FREERTOS_Init
    main.o(i.main) refers to cmsis_os.o(i.osKernelStart) for osKernelStart
    main.o(i.main) refers to tim.o(.bss) for htim2
    gpio.o(i.MX_GPIO_Init) refers to memseta.o(.text) for __aeabi_memclr4
    gpio.o(i.MX_GPIO_Init) refers to stm32f7xx_hal_gpio.o(i.HAL_GPIO_WritePin) for HAL_GPIO_WritePin
    gpio.o(i.MX_GPIO_Init) refers to stm32f7xx_hal_gpio.o(i.HAL_GPIO_Init) for HAL_GPIO_Init
    freertos.o(i.vApplicationGetIdleTaskMemory) refers to freertos.o(.bss) for .bss
[...]
    i.usmart_strlen                          0x0800669a   Section        0  usmart_str.o(i.usmart_strlen)
    i.usmart_sys_cmd_exe                     0x080066ac   Section        0  usmart.o(i.usmart_sys_cmd_exe)
    i.uxListRemove                           0x08006d2c   Section        0  list.o(i.uxListRemove)
    i.vApplicationGetIdleTaskMemory          0x08006d54   Section        0  freertos.o(i.vApplicationGetIdleTaskMemory)
    i.vListInitialise                        0x08006d6c   Section        0  list.o(i.vListInitialise)
    i.vListInitialiseItem                    0x08006d82   Section        0  list.o(i.vListInitialiseItem)
    i.vListInsert                            0x08006d88   Section        0  list.o(i.vListInsert)
    i.vListInsertEnd                         0x08006db8   Section        0  list.o(i.vListInsertEnd)
    i.vPortEnterCritical                     0x08006dd0   Section        0  port.o(i.vPortEnterCritical)
    i.vPortExitCritical                      0x08006e18   Section        0  port.o(i.vPortExitCritical)
    i.vPortFree                              0x08006e44   Section        0  heap_4.o(i.vPortFree)
    i.vPortSetupTimerInterrupt               0x08006ea8   Section        0  port.o(i.vPortSetupTimerInterrupt)
    i.vTaskDelay                             0x08006ecc   Section        0  tasks.o(i.vTaskDelay)
    i.vTaskDelayUntil                        0x08006f1c   Section        0  tasks.o(i.vTaskDelayUntil)
    i.vTaskDelete                            0x08006fb4   Section        0  tasks.o(i.vTaskDelete)
    i.vTaskStartScheduler                    0x08007064   Section        0  tasks.o(i.vTaskStartScheduler)
    i.vTaskSuspendAll                        0x080070d4   Section        0  tasks.o(i.vTaskSuspendAll)
    i.vTaskSwitchContext                     0x080070e4   Section        0  tasks.o(i.vTaskSwitchContext)
    i.write_addr                             0x08007144   Section        0  usmart.o(i.write_addr)
    i.xPortStartScheduler                    0x08007148   Section        0  port.o(i.xPortStartScheduler)
    i.xTaskCreate                            0x08007208   Section        0  tasks.o(i.xTaskCreate)
    i.xTaskCreateStatic                      0x08007262   Section        0  tasks.o(i.xTaskCreateStatic)
    i.xTaskGetTickCount                      0x080072c0   Section        0  tasks.o(i.xTaskGetTickCount)
    i.xTaskIncrementTick                     0x080072cc   Section        0  tasks.o(i.xTaskIncrementTick)
    i.xTaskResumeAll                         0x08007398   Section        0  tasks.o(i.xTaskResumeAll)
    .constdata                               0x08007460   Section       16  system_stm32f7xx.o(.constdata)
    .constdata                               0x08007470   Section        8  system_stm32f7xx.o(.constdata)
    .conststring                             0x08007478   Section       40  usmart.o(.conststring)
    .conststring                             0x080074a0   Section      288  usmart_config.o(.conststring)
    .data                                    0x20000000   Section       12  stm32f7xx_hal.o(.data)
    .data                                    0x2000000c   Section        4  system_stm32f7xx.o(.data)
    .data                                    0x20000010   Section       60  tasks.o(.data)
    pxDelayedTaskList                        0x20000014   Data           4  tasks.o(.data)
    pxOverflowDelayedTaskList                0x20000018   Data           4  tasks.o(.data)
    uxDeletedTasksWaitingCleanUp             0x2000001c   Data           4  tasks.o(.data)
    uxCurrentNumberOfTasks                   0x20000020   Data           4  tasks.o(.data)
    xTickCount                               0x20000024   Data           4  tasks.o(.data)
    uxTopReadyPriority                       0x20000028   Data           4  tasks.o(.data)
    xSchedulerRunning                        0x2000002c   Data           4  tasks.o(.data)
    uxPendedTicks                            0x20000030   Data           4  tasks.o(.data)
    xYieldPending                            0x20000034   Data           4  tasks.o(.data)
    xNumOfOverflows                          0x20000038   Data           4  tasks.o(.data)
    uxTaskNumber                             0x2000003c   Data           4  tasks.o(.data)
    xNextTaskUnblockTime                     0x20000040   Data           4  tasks.o(.data)
    xIdleTaskHandle                          0x20000044   Data           4  tasks.o(.data)
    uxSchedulerSuspended                     0x20000048   Data           4  tasks.o(.data)
    .data                                    0x2000004c   Section       24  heap_4.o(.data)
    pxEnd                                    0x2000004c   Data           4  heap_4.o(.data)
    xFreeBytesRemaining                      0x20000050   Data           4  heap_4.o(.data)
    xMinimumEverFreeBytesRemaining           0x20000054   Data           4  heap_4.o(.data)
    xBlockAllocatedBit                       0x20000058   Data           4  heap_4.o(.data)
    xStart                                   0x2000005c   Data           8  heap_4.o(.data)
    .data                                    0x20000064   Section       12  port.o(.data)
    ucMaxSysCallPriority                     0x20000064   Data           1  port.o(.data)
    uxCriticalNesting                        0x20000068   Data           4  port.o(.data)
    ulMaxPRIGROUPValue                       0x2000006c   Data           4  port.o(.data)
    .data                                    0x20000070   Section        1  delay.o(.data)
    mouse                                    0x20000070   Data           1  delay.o(.data)
    .data                                    0x20000074   Section        8  task_create.o(.data)
    .data                                    0x2000007c   Section       16  sin_generate.o(.data)
    .data                                    0x2000008c   Section        4  uart.o(.data)
    .data                                    0x20000090   Section        4  uart.o(.data)
    .data                                    0x20000094   Section       28  usmart.o(.data)
    .data                                    0x200000b0   Section       64  usmart_config.o(.data)
    .data                                    0x200000f0   Section      244  usmart_config.o(.data)
    .data                                    0x200001e4   Section       24  encoder.o(.data)
    .data                                    0x200001fc   Section       24  motor_task.o(.data)
    mouse                                    0x200001fd   Data           1  motor_task.o(.data)
    .data                                    0x20000214   Section        2  imu_task.o(.data)
    i                                        0x20000214   Data           1  imu_task.o(.data)
    flag                                     0x20000215   Data           1  imu_task.o(.data)
    .data                                    0x20000218   Section       44  speed_ctrl.o(.data)
    .bss                                     0x20000244   Section      596  freertos.o(.bss)
    xIdleTaskTCBBuffer                       0x20000244   Data          84  freertos.o(.bss)
    xIdleStack                               0x20000298   Data         512  freertos.o(.bss)
    .bss                                     0x20000498   Section      228  tim.o(.bss)
    .bss                                     0x2000057c   Section      528  usart.o(.bss)
    .bss                                     0x2000078c   Section       76  stm32f7xx_hal_timebase_tim.o(.bss)
    .bss                                     0x200007d8   Section      240  tasks.o(.bss)
    pxReadyTasksLists                        0x200007d8   Data         140  tasks.o(.bss)
    xDelayedTaskList1                        0x20000864   Data          20  tasks.o(.bss)
    xDelayedTaskList2                        0x20000878   Data          20  tasks.o(.bss)
    xPendingReadyList                        0x2000088c   Data          20  tasks.o(.bss)
    xTasksWaitingTermination                 0x200008a0   Data          20  tasks.o(.bss)
    xSuspendedTaskList                       0x200008b4   Data          20  tasks.o(.bss)
    .bss                                     0x200008c8   Section    15360  heap_4.o(.bss)
    ucHeap                                   0x200008c8   Data       15360  heap_4.o(.bss)
    .bss                                     0x200044c8   Section       76  delay.o(.bss)
    .bss                                     0x20004514   Section      292  pid.o(.bss)
    .bss                                     0x20004638   Section       28  pid.o(.bss)
    .bss                                     0x20004654   Section       76  sin_generate.o(.bss)
    .bss                                     0x200046a0   Section      332  uart.o(.bss)
    .bss                                     0x200047ec   Section       76  usmart.o(.bss)
    .bss                                     0x20004838   Section      560  encoder.o(.bss)
    .bss                                     0x20004a68   Section      164  imu_task.o(.bss)
    data                                     0x20004a68   Data          11  imu_task.o(.bss)
    STACK                                    0x20004b10   Section     1024  startup_stm32f750xx.o(STACK)

    Global Symbols

    Symbol Name                              Value     Ov Type        Size  Object(Section)

    BuildAttributes$$THM_ISAv4$E$P$D$K$B$S$7EM$VFPi5$EXTD16$VFPS$VFMA$PE$PLD8$A:L22UL41UL21$X:L11$S22US41US21$IEEE1$IW$USESV6$~STKCKD$USESV7$~SHL$OTIME$ROPI$IEEEX$EBA8$MICROLIB$REQ8$PRES8$EABIv2 0x00000000   Number         0  anon$$obj.o ABSOLUTE
    __ARM_use_no_argv                        0x00000000   Number         0  main.o ABSOLUTE
    _printf_a                                0x00000000   Number         0  stubs.o ABSOLUTE
    _printf_c                                0x00000000   Number         0  stubs.o ABSOLUTE
    _printf_charcount                        0x00000000   Number         0  stubs.o ABSOLUTE
    _printf_d                                0x00000000   Number         0  stubs.o ABSOLUTE
    _printf_e                                0x00000000   Number         0  stubs.o ABSOLUTE
    _printf_f                                0x00000000   Number         0  stubs.o ABSOLUTE
    _printf_flags                            0x00000000   Number         0  stubs.o ABSOLUTE
    _printf_fp_dec                           0x00000000   Number         0  stubs.o ABSOLUTE
    _printf_fp_hex                           0x00000000   Number         0  stubs.o ABSOLUTE
    _printf_g                                0x00000000   Number         0  stubs.o ABSOLUTE
    _printf_i                                0x00000000   Number         0  stubs.o ABSOLUTE
    _printf_int_dec                          0x00000000   Number         0  stubs.o ABSOLUTE
    _printf_l                                0x00000000   Number         0  stubs.o ABSOLUTE
    _printf_lc                               0x00000000   Number         0  stubs.o ABSOLUTE
    _printf_ll                               0x00000000   Number         0  stubs.o ABSOLUTE
    _printf_lld                              0x00000000   Number         0  stubs.o ABSOLUTE
    _printf_lli                              0x00000000   Number         0  stubs.o ABSOLUTE
    _printf_llo                              0x00000000   Number         0  stubs.o ABSOLUTE
    _printf_llu                              0x00000000   Number         0  stubs.o ABSOLUTE
    _printf_llx                              0x00000000   Number         0  stubs.o ABSOLUTE
    _printf_longlong_dec                     0x00000000   Number         0  stubs.o ABSOLUTE
    _printf_longlong_hex                     0x00000000   Number         0  stubs.o ABSOLUTE
    _printf_longlong_oct                     0x00000000   Number         0  stubs.o ABSOLUTE
    _printf_ls                               0x00000000   Number         0  stubs.o ABSOLUTE
    _printf_mbtowc                           0x00000000   Number         0  stubs.o ABSOLUTE
    _printf_n                                0x00000000   Number         0  stubs.o ABSOLUTE
    _printf_o                                0x00000000   Number         0  stubs.o ABSOLUTE
    _printf_p                                0x00000000   Number         0  stubs.o ABSOLUTE
    _printf_percent                          0x00000000   Number         0  stubs.o ABSOLUTE
    _printf_pre_padding                      0x00000000   Number         0  stubs.o ABSOLUTE
    _printf_return_value                     0x00000000   Number         0  stubs.o ABSOLUTE
    _printf_s                                0x00000000   Number         0  stubs.o ABSOLUTE
    _printf_sizespec                         0x00000000   Number         0  stubs.o ABSOLUTE
    _printf_str                              0x00000000   Number         0  stubs.o ABSOLUTE
    _printf_truncate_signed                  0x00000000   Number         0  stubs.o ABSOLUTE
    _printf_truncate_unsigned                0x00000000   Number         0  stubs.o ABSOLUTE
    _printf_u                                0x00000000   Number         0  stubs.o ABSOLUTE
    _printf_wc                               0x00000000   Number         0  stubs.o ABSOLUTE
    _printf_wctomb                           0x00000000   Number         0  stubs.o ABSOLUTE
    _printf_widthprec                        0x00000000   Number         0  stubs.o ABSOLUTE
    _printf_x                                0x00000000   Number         0  stubs.o ABSOLUTE
    __arm_fini_                               - Undefined Weak Reference
    __cpp_initialize__aeabi_                  - Undefined Weak Reference
    __cxa_finalize                            - Undefined Weak Reference
    _clock_init                               - Undefined Weak Reference
    _microlib_exit                            - Undefined Weak Reference
    __Vectors_Size                           0x000001c8   Number         0  startup_stm32f750xx.o ABSOLUTE
    __Vectors                                0x08000000   Data           4  startup_stm32f750xx.o(RESET)
    __Vectors_End                            0x080001c8   Data           0  startup_stm32f750xx.o(RESET)
    __main                                   0x080001c9   Thumb Code     0  entry.o(.ARM.Collect$$$$00000000)
    _main_stk                                0x080001c9   Thumb Code     0  entry2.o(.ARM.Collect$$$$00000001)
    _main_scatterload                        0x080001cd   Thumb Code     0  entry5.o(.ARM.Collect$$$$00000004)
    __main_after_scatterload                 0x080001d1   Thumb Code     0  entry5.o(.ARM.Collect$$$$00000004)
    _main_clock                              0x080001d1   Thumb Code     0  entry7b.o(.ARM.Collect$$$$00000008)
    _main_cpp_init                           0x080001d1   Thumb Code     0  entry8b.o(.ARM.Collect$$$$0000000A)
    _main_init                               0x080001d1   Thumb Code     0  entry9a.o(.ARM.Collect$$$$0000000B)
    __rt_lib_shutdown_fini                   0x080001d9   Thumb Code     0  entry12b.o(.ARM.Collect$$$$0000000E)
    __rt_final_cpp                           0x080001dd   Thumb Code     0  entry10a.o(.ARM.Collect$$$$0000000F)
    __rt_final_exit                          0x080001dd   Thumb Code     0  entry11a.o(.ARM.Collect$$$$00000011)
    SVC_Handler                              0x080001e1   Thumb Code    28  port.o(.emb_text)
    __asm___6_port_c_39a90d8d__prvStartFirstTask 0x08000201   Thumb Code    36  port.o(.emb_text)
    __asm___6_port_c_39a90d8d__prvEnableVFP  0x08000229   Thumb Code    16  port.o(.emb_text)
    PendSV_Handler                           0x0800023d   Thumb Code    92  port.o(.emb_text)
    vPortGetIPSR                             0x0800029d   Thumb Code     6  port.o(.emb_text)
    Reset_Handler                            0x080002a5   Thumb Code     8  startup_stm32f750xx.o(.text)
    ADC_IRQHandler                           0x080002bf   Thumb Code     0  startup_stm32f750xx.o(.text)
    CAN1_RX0_IRQHandler                      0x080002bf   Thumb Code     0  startup_stm32f750xx.o(.text)
    CAN1_RX1_IRQHandler                      0x080002bf   Thumb Code     0  startup_stm32f750xx.o(.text)
    CAN1_SCE_IRQHandler                      0x080002bf   Thumb Code     0  startup_stm32f750xx.o(.text)
    CAN1_TX_IRQHandler                       0x080002bf   Thumb Code     0  startup_stm32f750xx.o(.text)
    CAN2_RX0_IRQHandler                      0x080002bf   Thumb Code     0  startup_stm32f750xx.o(.text)
    CAN2_RX1_IRQHandler                      0x080002bf   Thumb Code     0  startup_stm32f750xx.o(.text)
    CAN2_SCE_IRQHandler                      0x080002bf   Thumb Code     0  startup_stm32f750xx.o(.text)
    CAN2_TX_IRQHandler                       0x080002bf   Thumb Code     0  startup_stm32f750xx.o(.text)
    CEC_IRQHandler                           0x080002bf   Thumb Code     0  startup_stm32f750xx.o(.text)
    CRYP_IRQHandler                          0x080002bf   Thumb Code     0  startup_stm32f750xx.o(.text)
    DCMI_IRQHandler                          0x080002bf   Thumb Code     0  startup_stm32f750xx.o(.text)
    DMA1_Stream0_IRQHandler                  0x080002bf   Thumb Code     0  startup_stm32f750xx.o(.text)
    DMA1_Stream1_IRQHandler                  0x080002bf   Thumb Code     0  startup_stm32f750xx.o(.text)
    DMA1_Stream2_IRQHandler                  0x080002bf   Thumb Code     0  startup_stm32f750xx.o(.text)
    DMA1_Stream3_IRQHandler                  0x080002bf   Thumb Code     0  startup_stm32f750xx.o(.text)
    DMA1_Stream4_IRQHandler                  0x080002bf   Thumb Code     0  startup_stm32f750xx.o(.text)
    DMA1_Stream5_IRQHandler                  0x080002bf   Thumb Code     0  startup_stm32f750xx.o(.text)
    DMA1_Stream6_IRQHandler                  0x080002bf   Thumb Code     0  startup_stm32f750xx.o(.text)
    DMA1_Stream7_IRQHandler                  0x080002bf   Thumb Code     0  startup_stm32f750xx.o(.text)
    DMA2D_IRQHandler                         0x080002bf   Thumb Code     0  startup_stm32f750xx.o(.text)
    DMA2_Stream0_IRQHandler                  0x080002bf   Thumb Code     0  startup_stm32f750xx.o(.text)
    DMA2_Stream1_IRQHandler                  0x080002bf   Thumb Code     0  startup_stm32f750xx.o(.text)
    DMA2_Stream2_IRQHandler                  0x080002bf   Thumb Code     0  startup_stm32f750xx.o(.text)
    DMA2_Stream3_IRQHandler                  0x080002bf   Thumb Code     0  startup_stm32f750xx.o(.text)
    DMA2_Stream4_IRQHandler                  0x080002bf   Thumb Code     0  startup_stm32f750xx.o(.text)
    DMA2_Stream5_IRQHandler                  0x080002bf   Thumb Code     0  startup_stm32f750xx.o(.text)
    DMA2_Stream6_IRQHandler                  0x080002bf   Thumb Code     0  startup_stm32f750xx.o(.text)
    DMA2_Stream7_IRQHandler                  0x080002bf   Thumb Code     0  startup_stm32f750xx.o(.text)
    ETH_IRQHandler                           0x080002bf   Thumb Code     0  startup_stm32f750xx.o(.text)
    ETH_WKUP_IRQHandler                      0x080002bf   Thumb Code     0  startup_stm32f750xx.o(.text)
    EXTI0_IRQHandler                         0x080002bf   Thumb Code     0  startup_stm32f750xx.o(.text)
    EXTI15_10_IRQHandler                     0x080002bf   Thumb Code     0  startup_stm32f750xx.o(.text)
    EXTI1_IRQHandler                         0x080002bf   Thumb Code     0  startup_stm32f750xx.o(.text)
    EXTI2_IRQHandler                         0x080002bf   Thumb Code     0  startup_stm32f750xx.o(.text)
    EXTI3_IRQHandler                         0x080002bf   Thumb Code     0  startup_stm32f750xx.o(.text)
    EXTI4_IRQHandler                         0x080002bf   Thumb Code     0  startup_stm32f750xx.o(.text)
    EXTI9_5_IRQHandler                       0x080002bf   Thumb Code     0  startup_stm32f750xx.o(.text)
    FLASH_IRQHandler                         0x080002bf   Thumb Code     0  startup_stm32f750xx.o(.text)
    FMC_IRQHandler                           0x080002bf   Thumb Code     0  startup_stm32f750xx.o(.text)
    FPU_IRQHandler                           0x080002bf   Thumb Code     0  startup_stm32f750xx.o(.text)
    HASH_RNG_IRQHandler                      0x080002bf   Thumb Code     0  startup_stm32f750xx.o(.text)
    I2C1_ER_IRQHandler                       0x080002bf   Thumb Code     0  startup_stm32f750xx.o(.text)
    I2C1_EV_IRQHandler                       0x080002bf   Thumb Code     0  startup_stm32f750xx.o(.text)
    I2C2_ER_IRQHandler                       0x080002bf   Thumb Code     0  startup_stm32f750xx.o(.text)
    I2C2_EV_IRQHandler                       0x080002bf   Thumb Code     0  startup_stm32f750xx.o(.text)
    I2C3_ER_IRQHandler                       0x080002bf   Thumb Code     0  startup_stm32f750xx.o(.text)
    I2C3_EV_IRQHandler                       0x080002bf   Thumb Code     0  startup_stm32f750xx.o(.text)
    I2C4_ER_IRQHandler                       0x080002bf   Thumb Code     0  startup_stm32f750xx.o(.text)
    I2C4_EV_IRQHandler                       0x080002bf   Thumb Code     0  startup_stm32f750xx.o(.text)
    LPTIM1_IRQHandler                        0x080002bf   Thumb Code     0  startup_stm32f750xx.o(.text)
    LTDC_ER_IRQHandler                       0x080002bf   Thumb Code     0  startup_stm32f750xx.o(.text)
    LTDC_IRQHandler                          0x080002bf   Thumb Code     0  startup_stm32f750xx.o(.text)
    OTG_FS_IRQHandler                        0x080002bf   Thumb Code     0  startup_stm32f750xx.o(.text)
    OTG_FS_WKUP_IRQHandler                   0x080002bf   Thumb Code     0  startup_stm32f750xx.o(.text)
    OTG_HS_EP1_IN_IRQHandler                 0x080002bf   Thumb Code     0  startup_stm32f750xx.o(.text)
    OTG_HS_EP1_OUT_IRQHandler                0x080002bf   Thumb Code     0  startup_stm32f750xx.o(.text)
    OTG_HS_IRQHandler                        0x080002bf   Thumb Code     0  startup_stm32f750xx.o(.text)
    OTG_HS_WKUP_IRQHandler                   0x080002bf   Thumb Code     0  startup_stm32f750xx.o(.text)
    PVD_IRQHandler                           0x080002bf   Thumb Code     0  startup_stm32f750xx.o(.text)
    QUADSPI_IRQHandler                       0x080002bf   Thumb Code     0  startup_stm32f750xx.o(.text)
    RCC_IRQHandler                           0x080002bf   Thumb Code     0  startup_stm32f750xx.o(.text)
    RTC_Alarm_IRQHandler                     0x080002bf   Thumb Code     0  startup_stm32f750xx.o(.text)
    RTC_WKUP_IRQHandler                      0x080002bf   Thumb Code     0  startup_stm32f750xx.o(.text)
    SAI1_IRQHandler                          0x080002bf   Thumb Code     0  startup_stm32f750xx.o(.text)
    SAI2_IRQHandler                          0x080002bf   Thumb Code     0  startup_stm32f750xx.o(.text)
    SDMMC1_IRQHandler                        0x080002bf   Thumb Code     0  startup_stm32f750xx.o(.text)
    SPDIF_RX_IRQHandler                      0x080002bf   Thumb Code     0  startup_stm32f750xx.o(.text)
    SPI1_IRQHandler                          0x080002bf   Thumb Code     0  startup_stm32f750xx.o(.text)
    SPI2_IRQHandler                          0x080002bf   Thumb Code     0  startup_stm32f750xx.o(.text)
    SPI3_IRQHandler                          0x080002bf   Thumb Code     0  startup_stm32f750xx.o(.text)
    SPI4_IRQHandler                          0x080002bf   Thumb Code     0  startup_stm32f750xx.o(.text)
    SPI5_IRQHandler                          0x080002bf   Thumb Code     0  startup_stm32f750xx.o(.text)
    SPI6_IRQHandler                          0x080002bf   Thumb Code     0  startup_stm32f750xx.o(.text)
    TAMP_STAMP_IRQHandler                    0x080002bf   Thumb Code     0  startup_stm32f750xx.o(.text)
    TIM1_BRK_TIM9_IRQHandler                 0x080002bf   Thumb Code     0  startup_stm32f750xx.o(.text)
    TIM1_CC_IRQHandler                       0x080002bf   Thumb Code     0  startup_stm32f750xx.o(.text)
    TIM1_TRG_COM_TIM11_IRQHandler            0x080002bf   Thumb Code     0  startup_stm32f750xx.o(.text)
    TIM6_DAC_IRQHandler                      0x080002bf   Thumb Code     0  startup_stm32f750xx.o(.text)
    TIM8_BRK_TIM12_IRQHandler                0x080002bf   Thumb Code     0  startup_stm32f750xx.o(.text)
    TIM8_CC_IRQHandler                       0x080002bf   Thumb Code     0  startup_stm32f750xx.o(.text)
    TIM8_UP_TIM13_IRQHandler                 0x080002bf   Thumb Code     0  startup_stm32f750xx.o(.text)
    UART5_IRQHandler                         0x080002bf   Thumb Code     0  startup_stm32f750xx.o(.text)
    UART8_IRQHandler                         0x080002bf   Thumb Code     0  startup_stm32f750xx.o(.text)
    WWDG_IRQHandler                          0x080002bf   Thumb Code     0  startup_stm32f750xx.o(.text)
    __aeabi_uldivmod                         0x080002c9   Thumb Code    98  uldiv.o(.text)
    ___aeabi_memcpy8$move                    0x0800032b   Thumb Code     0  memmovea.o(.text)
    __aeabi_memcpy                           0x0800032b   Thumb Code    64  memmovea.o(.text)
    __aeabi_memcpy4                          0x0800032b   Thumb Code     0  memmovea.o(.text)
    __aeabi_memmove                          0x0800032b   Thumb Code     0  memmovea.o(.text)
    __aeabi_memmove4                         0x0800032b   Thumb Code     0  memmovea.o(.text)
    __aeabi_memmove8                         0x0800032b   Thumb Code     0  memmovea.o(.text)
    __aeabi_memset                           0x0800036b   Thumb Code    14  memseta.o(.text)
    __aeabi_memset4                          0x0800036b   Thumb Code     0  memseta.o(.text)
    __aeabi_memset8                          0x0800036b   Thumb Code     0  memseta.o(.text)
    __aeabi_memclr                           0x08000379   Thumb Code     4  memseta.o(.text)
    __aeabi_memclr4                          0x08000379   Thumb Code     0  memseta.o(.text)
    __aeabi_memclr8                          0x08000379   Thumb Code     0  memseta.o(.text)
    memset                                   0x0800037d   Thumb Code    18  memseta.o(.text)
    __aeabi_dmul                             0x0800038f   Thumb Code   228  dmul.o(.text)
    __aeabi_ddiv                             0x08000473   Thumb Code   222  ddiv.o(.text)
    __aeabi_i2d                              0x08000551   Thumb Code    34  dflti.o(.text)
    __aeabi_d2f                              0x08000573   Thumb Code    56  d2f.o(.text)
    __aeabi_llsl                             0x080005ab   Thumb Code    30  llshl.o(.text)
    _ll_shift_l                              0x080005ab   Thumb Code     0  llshl.o(.text)
    __aeabi_llsr                             0x080005c9   Thumb Code    32  llushr.o(.text)
    _ll_ushift_r                             0x080005c9   Thumb Code     0  llushr.o(.text)
    __I$use$fp                               0x080005e9   Thumb Code     0  iusefp.o(.text)
    _float_round                             0x080005e9   Thumb Code    18  fepilogue.o(.text)
    _float_epilogue                          0x080005fb   Thumb Code    92  fepilogue.o(.text)
    _double_round                            0x08000657   Thumb Code    30  depilogue.o(.text)
    _double_epilogue                         0x08000675   Thumb Code   156  depilogue.o(.text)
    __scatterload                            0x08000711   Thumb Code    28  init.o(.text)
    __scatterload_rt2                        0x08000711   Thumb Code     0  init.o(.text)
    __decompress                             0x08000735   Thumb Code     0  __dczerorl2.o(.text)
    __decompress1                            0x08000735   Thumb Code    86  __dczerorl2.o(.text)
    BusFault_Handler                         0x0800078b   Thumb Code     2  stm32f7xx_it.o(i.BusFault_Handler)
    DebugMon_Handler                         0x0800078d   Thumb Code     2  stm32f7xx_it.o(i.DebugMon_Handler)
    Encoder_init                             0x08000791   Thumb Code   522  encoder.o(i.Encoder_init)
    Error_Handler                            0x080009ad   Thumb Code     4  main.o(i.Error_Handler)
    HAL_DMA_Abort                            0x080009b1   Thumb Code   146  stm32f7xx_hal_dma.o(i.HAL_DMA_Abort)
    HAL_DMA_Abort_IT                         0x08000a43   Thumb Code    36  stm32f7xx_hal_dma.o(i.HAL_DMA_Abort_IT)
    HAL_GPIO_Init                            0x08000a69   Thumb Code   530  stm32f7xx_hal_gpio.o(i.HAL_GPIO_Init)
    HAL_GPIO_ReadPin                         0x08000cb1   Thumb Code    10  stm32f7xx_hal_gpio.o(i.HAL_GPIO_ReadPin)
    HAL_GPIO_TogglePin                       0x08000cbb   Thumb Code    16  stm32f7xx_hal_gpio.o(i.HAL_GPIO_TogglePin)
    HAL_GPIO_WritePin                        0x08000ccb   Thumb Code    10  stm32f7xx_hal_gpio.o(i.HAL_GPIO_WritePin)
    HAL_GetTick                              0x08000cd5   Thumb Code     6  stm32f7xx_hal.o(i.HAL_GetTick)
    HAL_IncTick                              0x08000ce1   Thumb Code    12  stm32f7xx_hal.o(i.HAL_IncTick)
    HAL_Init                                 0x08000cf1   Thumb Code    22  stm32f7xx_hal.o(i.HAL_Init)
    HAL_InitTick                             0x08000d09   Thumb Code   100  stm32f7xx_hal_timebase_tim.o(i.HAL_InitTick)
    HAL_MspInit                              0x08000d7d   Thumb Code    52  stm32f7xx_hal_msp.o(i.HAL_MspInit)
    HAL_NVIC_EnableIRQ                       0x08000db5   Thumb Code    26  stm32f7xx_hal_cortex.o(i.HAL_NVIC_EnableIRQ)
    HAL_NVIC_SetPriority                     0x08000dd1   Thumb Code    60  stm32f7xx_hal_cortex.o(i.HAL_NVIC_SetPriority)
    HAL_NVIC_SetPriorityGrouping             0x08000e11   Thumb Code    28  stm32f7xx_hal_cortex.o(i.HAL_NVIC_SetPriorityGrouping)
    HAL_PWREx_EnableOverDrive                0x08000e35   Thumb Code   100  stm32f7xx_hal_pwr_ex.o(i.HAL_PWREx_EnableOverDrive)
    HAL_RCCEx_PeriphCLKConfig                0x08000ea1   Thumb Code  1276  stm32f7xx_hal_rcc_ex.o(i.HAL_RCCEx_PeriphCLKConfig)
    HAL_RCC_ClockConfig                      0x0800139d   Thumb Code   284  stm32f7xx_hal_rcc.o(i.HAL_RCC_ClockConfig)
    HAL_RCC_GetClockConfig                   0x080014cd   Thumb Code    56  stm32f7xx_hal_rcc.o(i.HAL_RCC_GetClockConfig)
    HAL_RCC_GetPCLK1Freq                     0x0800150d   Thumb Code    20  stm32f7xx_hal_rcc.o(i.HAL_RCC_GetPCLK1Freq)
    HAL_RCC_GetPCLK2Freq                     0x0800152d   Thumb Code    20  stm32f7xx_hal_rcc.o(i.HAL_RCC_GetPCLK2Freq)
    HAL_RCC_GetSysClockFreq                  0x0800154d   Thumb Code    88  stm32f7xx_hal_rcc.o(i.HAL_RCC_GetSysClockFreq)
    HAL_RCC_OscConfig                        0x080015ad   Thumb Code   888  stm32f7xx_hal_rcc.o(i.HAL_RCC_OscConfig)
    HAL_TIMEx_Break2Callback                 0x08001931   Thumb Code     2  stm32f7xx_hal_tim_ex.o(i.HAL_TIMEx_Break2Callback)
    HAL_TIMEx_BreakCallback                  0x08001933   Thumb Code     2  stm32f7xx_hal_tim_ex.o(i.HAL_TIMEx_BreakCallback)
    HAL_TIMEx_CommutCallback                 0x08001935   Thumb Code     2  stm32f7xx_hal_tim_ex.o(i.HAL_TIMEx_CommutCallback)
    HAL_TIMEx_ConfigBreakDeadTime            0x08001939   Thumb Code   150  stm32f7xx_hal_tim_ex.o(i.HAL_TIMEx_ConfigBreakDeadTime)
    HAL_TIMEx_MasterConfigSynchronization    0x080019d9   Thumb Code   134  stm32f7xx_hal_tim_ex.o(i.HAL_TIMEx_MasterConfigSynchronization)
    HAL_TIM_Base_Init                        0x08001a7d   Thumb Code    98  stm32f7xx_hal_tim.o(i.HAL_TIM_Base_Init)
    HAL_TIM_Base_MspInit                     0x08001ae1   Thumb Code   214  tim.o(i.HAL_TIM_Base_MspInit)
    HAL_TIM_Base_Start_IT                    0x08001bd1   Thumb Code   106  stm32f7xx_hal_tim.o(i.HAL_TIM_Base_Start_IT)
    HAL_TIM_ConfigClockSource                0x08001c5d   Thumb Code   220  stm32f7xx_hal_tim.o(i.HAL_TIM_ConfigClockSource)
    HAL_TIM_IC_CaptureCallback               0x08001d3d   Thumb Code  1450  encoder.o(i.HAL_TIM_IC_CaptureCallback)
    HAL_TIM_IC_ConfigChannel                 0x080022f5   Thumb Code   290  stm32f7xx_hal_tim.o(i.HAL_TIM_IC_ConfigChannel)
    HAL_TIM_IC_Init                          0x08002417   Thumb Code    98  stm32f7xx_hal_tim.o(i.HAL_TIM_IC_Init)
    HAL_TIM_IC_MspInit                       0x08002479   Thumb Code     2  stm32f7xx_hal_tim.o(i.HAL_TIM_IC_MspInit)
    HAL_TIM_IC_Start_IT                      0x0800247d   Thumb Code   292  stm32f7xx_hal_tim.o(i.HAL_TIM_IC_Start_IT)
    HAL_TIM_IC_Stop_IT                       0x080025c1   Thumb Code   182  stm32f7xx_hal_tim.o(i.HAL_TIM_IC_Stop_IT)
    HAL_TIM_IRQHandler                       0x08002677   Thumb Code   386  stm32f7xx_hal_tim.o(i.HAL_TIM_IRQHandler)
    HAL_TIM_MspPostInit                      0x080027f9   Thumb Code   112  tim.o(i.HAL_TIM_MspPostInit)
    HAL_TIM_OC_DelayElapsedCallback          0x08002879   Thumb Code     2  stm32f7xx_hal_tim.o(i.HAL_TIM_OC_DelayElapsedCallback)
    HAL_TIM_PWM_ConfigChannel                0x0800287b   Thumb Code   292  stm32f7xx_hal_tim.o(i.HAL_TIM_PWM_ConfigChannel)
    HAL_TIM_PWM_Init                         0x0800299f   Thumb Code    98  stm32f7xx_hal_tim.o(i.HAL_TIM_PWM_Init)
    HAL_TIM_PWM_MspInit                      0x08002a01   Thumb Code     2  stm32f7xx_hal_tim.o(i.HAL_TIM_PWM_MspInit)
    HAL_TIM_PWM_PulseFinishedCallback        0x08002a03   Thumb Code     2  stm32f7xx_hal_tim.o(i.HAL_TIM_PWM_PulseFinishedCallback)
    HAL_TIM_PWM_Start                        0x08002a05   Thumb Code   216  stm32f7xx_hal_tim.o(i.HAL_TIM_PWM_Start)
    HAL_TIM_PWM_Start_IT                     0x08002afd   Thumb Code   262  stm32f7xx_hal_tim.o(i.HAL_TIM_PWM_Start_IT)
    HAL_TIM_PeriodElapsedCallback            0x08002c25   Thumb Code    14  main.o(i.HAL_TIM_PeriodElapsedCallback)
    HAL_TIM_TriggerCallback                  0x08002c39   Thumb Code     2  stm32f7xx_hal_tim.o(i.HAL_TIM_TriggerCallback)
    HAL_UARTEx_RxEventCallback               0x08002c3b   Thumb Code     2  stm32f7xx_hal_uart.o(i.HAL_UARTEx_RxEventCallback)
    HAL_UART_ErrorCallback                   0x08002c3d   Thumb Code     2  stm32f7xx_hal_uart.o(i.HAL_UART_ErrorCallback)
    HAL_UART_GetState                        0x08002c3f   Thumb Code    10  stm32f7xx_hal_uart.o(i.HAL_UART_GetState)
    HAL_UART_IRQHandler                      0x08002c49   Thumb Code   630  stm32f7xx_hal_uart.o(i.HAL_UART_IRQHandler)
    HAL_UART_Init                            0x08002ec9   Thumb Code   102  stm32f7xx_hal_uart.o(i.HAL_UART_Init)
    HAL_UART_MspInit                         0x08002f31   Thumb Code   498  usart.o(i.HAL_UART_MspInit)
    HAL_UART_Receive_IT                      0x08003155   Thumb Code    72  stm32f7xx_hal_uart.o(i.HAL_UART_Receive_IT)
    HAL_UART_RxCpltCallback                  0x0800319d   Thumb Code    76  uart.o(i.HAL_UART_RxCpltCallback)
    HAL_UART_TxCpltCallback                  0x080031f5   Thumb Code     2  stm32f7xx_hal_uart.o(i.HAL_UART_TxCpltCallback)
    HardFault_Handler                        0x080031f7   Thumb Code     2  stm32f7xx_it.o(i.HardFault_Handler)
    IIC_Ack                                  0x080031f9   Thumb Code    70  iic.o(i.IIC_Ack)
    IIC_Init                                 0x08003245   Thumb Code    72  iic.o(i.IIC_Init)
    IIC_NAck                                 0x08003295   Thumb Code    70  iic.o(i.IIC_NAck)
    IIC_Read_Byte                            0x080032e1   Thumb Code   106  iic.o(i.IIC_Read_Byte)
    IIC_Send_Byte                            0x08003351   Thumb Code   106  iic.o(i.IIC_Send_Byte)
    IIC_Start                                0x080033c1   Thumb Code    70  iic.o(i.IIC_Start)
    IIC_Stop                                 0x0800340d   Thumb Code    72  iic.o(i.IIC_Stop)
    IIC_Wait_Ack                             0x08003459   Thumb Code    96  iic.o(i.IIC_Wait_Ack)
    MX_FREERTOS_Init                         0x080034bd   Thumb Code     2  freertos.o(i.MX_FREERTOS_Init)
    MX_GPIO_Init                             0x080034c1   Thumb Code   292  gpio.o(i.MX_GPIO_Init)
    MX_TIM1_Init                             0x080035fd   Thumb Code   252  tim.o(i.MX_TIM1_Init)
    MX_TIM2_Init                             0x08003701   Thumb Code   194  tim.o(i.MX_TIM2_Init)
    MX_TIM3_Init                             0x080037c9   Thumb Code   190  tim.o(i.MX_TIM3_Init)
    MX_UART7_Init                            0x08003891   Thumb Code    52  usart.o(i.MX_UART7_Init)
    MX_USART2_UART_Init                      0x080038cd   Thumb Code    52  usart.o(i.MX_USART2_UART_Init)
    MX_USART3_UART_Init                      0x08003909   Thumb Code    52  usart.o(i.MX_USART3_UART_Init)
    MX_USART6_UART_Init                      0x08003945   Thumb Code    52  usart.o(i.MX_USART6_UART_Init)
    MemManage_Handler                        0x08003981   Thumb Code     2  stm32f7xx_it.o(i.MemManage_Handler)
    NMI_Handler                              0x08003983   Thumb Code     2  stm32f7xx_it.o(i.NMI_Handler)
    Rudder_Init                              0x08003985   Thumb Code   118  rudder_control.o(i.Rudder_Init)
    Rudder_ReadOneByte                       0x08003a05   Thumb Code    58  rudder_control.o(i.Rudder_ReadOneByte)
    Rudder_WriteOneByte                      0x08003a3f   Thumb Code    54  rudder_control.o(i.Rudder_WriteOneByte)
    Rudder_control                           0x08003a75   Thumb Code   182  rudder_control.o(i.Rudder_control)
    SDA                                      0x08003b2d   Thumb Code    66  iic.o(i.SDA)
    Start_task                               0x08003b75   Thumb Code    30  temporary_task.o(i.Start_task)
    Start_task_create                        0x08003b99   Thumb Code    24  task_create.o(i.Start_task_create)
    SysTick_Handler                          0x08003bc5   Thumb Code    42  port.o(i.SysTick_Handler)
    SystemClock_Config                       0x08003bf5   Thumb Code   188  main.o(i.SystemClock_Config)
    SystemInit                               0x08003cb9   Thumb Code    12  system_stm32f7xx.o(i.SystemInit)
    TIM1_UP_TIM10_IRQHandler                 0x08003cc9   Thumb Code     6  stm32f7xx_it.o(i.TIM1_UP_TIM10_IRQHandler)
    TIM2_IRQHandler                          0x08003cd5   Thumb Code     6  stm32f7xx_it.o(i.TIM2_IRQHandler)
    TIM3_IRQHandler                          0x08003ce1   Thumb Code     6  stm32f7xx_it.o(i.TIM3_IRQHandler)
    TIM4_IRQHandler                          0x08003ced   Thumb Code    44  usmart.o(i.TIM4_IRQHandler)
    TIM5_IRQHandler                          0x08003d21   Thumb Code    28  sin_generate.o(i.TIM5_IRQHandler)
    TIM7_IRQHandler                          0x08003d45   Thumb Code    86  delay.o(i.TIM7_IRQHandler)
    TIM8_TRG_COM_TIM14_IRQHandler            0x08003db1   Thumb Code     6  stm32f7xx_it.o(i.TIM8_TRG_COM_TIM14_IRQHandler)
    TIM_Base_SetConfig                       0x08003dbd   Thumb Code   158  stm32f7xx_hal_tim.o(i.TIM_Base_SetConfig)
    TIM_CCxChannelCmd                        0x08003e89   Thumb Code    26  stm32f7xx_hal_tim.o(i.TIM_CCxChannelCmd)
    TIM_ETR_SetConfig                        0x08003ea3   Thumb Code    18  stm32f7xx_hal_tim.o(i.TIM_ETR_SetConfig)
    TIM_OC2_SetConfig                        0x08003f39   Thumb Code   108  stm32f7xx_hal_tim.o(i.TIM_OC2_SetConfig)
    TIM_TI1_SetConfig                        0x08004155   Thumb Code   100  stm32f7xx_hal_tim.o(i.TIM_TI1_SetConfig)
    Timer4_Init                              0x08004231   Thumb Code    68  usmart.o(i.Timer4_Init)
    Timer5_Init                              0x08004281   Thumb Code    72  sin_generate.o(i.Timer5_Init)
    UART4_IRQHandler                         0x080042d5   Thumb Code   224  imu_task.o(i.UART4_IRQHandler)
    UART7_IRQHandler                         0x080043cd   Thumb Code     6  stm32f7xx_it.o(i.UART7_IRQHandler)
    UART_AdvFeatureConfig                    0x080043d9   Thumb Code   200  stm32f7xx_hal_uart.o(i.UART_AdvFeatureConfig)
    UART_CheckIdleState                      0x080044a1   Thumb Code    64  stm32f7xx_hal_uart.o(i.UART_CheckIdleState)
    UART_SetConfig                           0x0800467d   Thumb Code   516  stm32f7xx_hal_uart.o(i.UART_SetConfig)
    UART_Start_Receive_IT                    0x080048ad   Thumb Code   176  stm32f7xx_hal_uart.o(i.UART_Start_Receive_IT)
    UART_WaitOnFlagUntilTimeout              0x08004965   Thumb Code   202  stm32f7xx_hal_uart.o(i.UART_WaitOnFlagUntilTimeout)
    USART1_IRQHandler                        0x08004a31   Thumb Code    56  uart.o(i.USART1_IRQHandler)
    USART2_IRQHandler                        0x08004a75   Thumb Code     6  stm32f7xx_it.o(i.USART2_IRQHandler)
    USART3_IRQHandler                        0x08004a81   Thumb Code     6  stm32f7xx_it.o(i.USART3_IRQHandler)
    USART6_IRQHandler                        0x08004a8d   Thumb Code     6  stm32f7xx_it.o(i.USART6_IRQHandler)
    UsageFault_Handler                       0x08004a99   Thumb Code     2  stm32f7xx_it.o(i.UsageFault_Handler)
    __0printf$8                              0x08004a9d   Thumb Code    22  printf8.o(i.__0printf$8)
    __1printf$8                              0x08004a9d   Thumb Code     0  printf8.o(i.__0printf$8)
    __2printf                                0x08004a9d   Thumb Code     0  printf8.o(i.__0printf$8)
    __scatterload_copy                       0x08004adf   Thumb Code    14  handlers.o(i.__scatterload_copy)
    __scatterload_null                       0x08004aed   Thumb Code     2  handlers.o(i.__scatterload_null)
    __scatterload_zeroinit                   0x08004aef   Thumb Code    14  handlers.o(i.__scatterload_zeroinit)
    chage_target                             0x08004f55   Thumb Code    12  pid.o(i.chage_target)
    delay_init                               0x08004f69   Thumb Code    72  delay.o(i.delay_init)
    delay_ms                                 0x08004fbd   Thumb Code    28  delay.o(i.delay_ms)
    delay_us                                 0x08004fd9   Thumb Code    14  delay.o(i.delay_us)
    fputc                                    0x08004fed   Thumb Code    14  uart.o(i.fputc)
    getAngleZ                                0x08005001   Thumb Code    50  turn.o(i.getAngleZ)
    get_motor_speed                          0x08005045   Thumb Code   238  motor_task.o(i.get_motor_speed)
    gyro_init                                0x08005155   Thumb Code    42  imu_task.o(i.gyro_init)
    incremental_PID                          0x08005189   Thumb Code   176  pid.o(i.incremental_PID)
    main                                     0x0800523d   Thumb Code   130  main.o(i.main)
    main_task                                0x080052c9   Thumb Code     8  main_task.o(i.main_task)
    main_task_create                         0x080052d1   Thumb Code    24  task_create.o(i.main_task_create)
    motor_init                               0x080052fd   Thumb Code    74  motor.o(i.motor_init)
    motor_pid_clear                          0x08005351   Thumb Code    86  pid.o(i.motor_pid_clear)
    motor_set_pwm                            0x080053ad   Thumb Code   116  motor.o(i.motor_set_pwm)
    motor_task                               0x08005425   Thumb Code   228  motor_task.o(i.motor_task)
    motor_task_create                        0x0800553d   Thumb Code    24  motor_task.o(i.motor_task_create)
    mpuZreset                                0x08005569   Thumb Code    14  turn.o(i.mpuZreset)
    need2turn                                0x0800557d   Thumb Code    40  turn.o(i.need2turn)
    osKernelStart                            0x080055b1   Thumb Code    10  cmsis_os.o(i.osKernelStart)
    pid_init                                 0x080055bd   Thumb Code   262  pid.o(i.pid_init)
    positional_PID                           0x080056f9   Thumb Code   156  pid.o(i.positional_PID)
    pvPortMalloc                             0x08005af9   Thumb Code   222  heap_4.o(i.pvPortMalloc)
    pxPortInitialiseStack                    0x08005bdd   Thumb Code    42  port.o(i.pxPortInitialiseStack)
    read_addr                                0x08005c0d   Thumb Code     4  usmart.o(i.read_addr)
    runWithAngle                             0x08005c11   Thumb Code   130  turn.o(i.runWithAngle)
    speed_pid_kd                             0x08005ca9   Thumb Code    34  pid.o(i.speed_pid_kd)
    speed_pid_ki                             0x08005cd9   Thumb Code    34  pid.o(i.speed_pid_ki)
    speed_pid_kp                             0x08005d09   Thumb Code    34  pid.o(i.speed_pid_kp)
    uart_init                                0x08005d39   Thumb Code    44  uart.o(i.uart_init)
    user_init                                0x08005d71   Thumb Code   130  temporary_task.o(i.user_init)
    usmart_cmd_rec                           0x08005e01   Thumb Code   142  usmart.o(i.usmart_cmd_rec)
    usmart_exe                               0x08005e95   Thumb Code   514  usmart.o(i.usmart_exe)
    usmart_get_aparm                         0x080060f9   Thumb Code   166  usmart_str.o(i.usmart_get_aparm)
    usmart_get_cmdname                       0x0800619f   Thumb Code    46  usmart_str.o(i.usmart_get_cmdname)
    usmart_get_fname                         0x080061cd   Thumb Code   362  usmart_str.o(i.usmart_get_fname)
    usmart_get_fparam                        0x08006341   Thumb Code   222  usmart_str.o(i.usmart_get_fparam)
    usmart_get_parmpos                       0x08006425   Thumb Code    30  usmart_str.o(i.usmart_get_parmpos)
    usmart_get_runtime                       0x08006449   Thumb Code    42  usmart.o(i.usmart_get_runtime)
    usmart_init                              0x0800647d   Thumb Code    36  usmart.o(i.usmart_init)
    usmart_pid                               0x080064a5   Thumb Code     2  pid.o(i.usmart_pid)
    usmart_pow                               0x080064a7   Thumb Code    16  usmart_str.o(i.usmart_pow)
    usmart_reset_runtime                     0x080064b9   Thumb Code    34  usmart.o(i.usmart_reset_runtime)
    usmart_scan                              0x080064e5   Thumb Code    94  usmart.o(i.usmart_scan)
    usmart_search_nextc                      0x08006589   Thumb Code    16  usmart_str.o(i.usmart_search_nextc)
    usmart_str2num                           0x08006599   Thumb Code   216  usmart_str.o(i.usmart_str2num)
    usmart_strcmp                            0x08006671   Thumb Code    24  usmart_str.o(i.usmart_strcmp)
    usmart_strcopy                           0x08006689   Thumb Code    18  usmart_str.o(i.usmart_strcopy)
    usmart_strlen                            0x0800669b   Thumb Code    18  usmart_str.o(i.usmart_strlen)
    usmart_sys_cmd_exe                       0x080066ad   Thumb Code  1458  usmart.o(i.usmart_sys_cmd_exe)
    uxListRemove                             0x08006d2d   Thumb Code    38  list.o(i.uxListRemove)
    vApplicationGetIdleTaskMemory            0x08006d55   Thumb Code    18  freertos.o(i.vApplicationGetIdleTaskMemory)
    vListInitialise                          0x08006d6d   Thumb Code    22  list.o(i.vListInitialise)
    vListInitialiseItem                      0x08006d83   Thumb Code     6  list.o(i.vListInitialiseItem)
    vListInsert                              0x08006d89   Thumb Code    48  list.o(i.vListInsert)
    vListInsertEnd                           0x08006db9   Thumb Code    24  list.o(i.vListInsertEnd)
    vPortEnterCritical                       0x08006dd1   Thumb Code    62  port.o(i.vPortEnterCritical)
    vPortExitCritical                        0x08006e19   Thumb Code    38  port.o(i.vPortExitCritical)
    vPortFree                                0x08006e45   Thumb Code    96  heap_4.o(i.vPortFree)
    vPortSetupTimerInterrupt                 0x08006ea9   Thumb Code    32  port.o(i.vPortSetupTimerInterrupt)
    vTaskDelay                               0x08006ecd   Thumb Code    70  tasks.o(i.vTaskDelay)
    vTaskDelayUntil                          0x08006f1d   Thumb Code   144  tasks.o(i.vTaskDelayUntil)
    vTaskDelete                              0x08006fb5   Thumb Code   162  tasks.o(i.vTaskDelete)
    vTaskStartScheduler                      0x08007065   Thumb Code    94  tasks.o(i.vTaskStartScheduler)
    vTaskSuspendAll                          0x080070d5   Thumb Code    10  tasks.o(i.vTaskSuspendAll)
    vTaskSwitchContext                       0x080070e5   Thumb Code    86  tasks.o(i.vTaskSwitchContext)
    write_addr                               0x08007145   Thumb Code     4  usmart.o(i.write_addr)
    xPortStartScheduler                      0x08007149   Thumb Code   176  port.o(i.xPortStartScheduler)
    xTaskCreate                              0x08007209   Thumb Code    90  tasks.o(i.xTaskCreate)
    xTaskCreateStatic                        0x08007263   Thumb Code    94  tasks.o(i.xTaskCreateStatic)
    xTaskGetTickCount                        0x080072c1   Thumb Code     6  tasks.o(i.xTaskGetTickCount)
    xTaskIncrementTick                       0x080072cd   Thumb Code   196  tasks.o(i.xTaskIncrementTick)
    xTaskResumeAll                           0x08007399   Thumb Code   188  tasks.o(i.xTaskResumeAll)
    AHBPrescTable                            0x08007460   Data          16  system_stm32f7xx.o(.constdata)
    APBPrescTable                            0x08007470   Data           8  system_stm32f7xx.o(.constdata)
    Region$$Table$$Base                      0x080075c0   Number         0  anon$$obj.o(Region$$Table)
    Region$$Table$$Limit                     0x080075e0   Number         0  anon$$obj.o(Region$$Table)
    uwTickFreq                               0x20000000   Data           1  stm32f7xx_hal.o(.data)
    uwTickPrio                               0x20000004   Data           4  stm32f7xx_hal.o(.data)
    uwTick                                   0x20000008   Data           4  stm32f7xx_hal.o(.data)
    SystemCoreClock                          0x2000000c   Data           4  system_stm32f7xx.o(.data)
    pxCurrentTCB                             0x20000010   Data           4  tasks.o(.data)
    Start_handler                            0x20000074   Data           4  task_create.o(.data)
    main_handler                             0x20000078   Data           4  task_create.o(.data)
    sin1                                     0x2000007c   Data          16  sin_generate.o(.data)
    aRxBuffer                                0x2000008c   Data           1  uart.o(.data)
    USART_RX_STA                             0x2000008e   Data           2  uart.o(.data)
    __stdout                                 0x20000090   Data           4  uart.o(.data)
    sys_cmd_tab                              0x20000094   Data          28  usmart.o(.data)
    usmart_nametab                           0x200000b0   Data          64  usmart_config.o(.data)
    usmart_dev                               0x200000f0   Data         244  usmart_config.o(.data)
    capture_Cnt                              0x200001e4   Data           4  encoder.o(.data)
    level_before                             0x200001e8   Data           4  encoder.o(.data)
    level_latter                             0x200001ec   Data           4  encoder.o(.data)
    frist_flag                               0x200001f0   Data           4  encoder.o(.data)
    temp_i                                   0x200001f4   Data           4  encoder.o(.data)
    dog                                      0x200001f8   Data           4  encoder.o(.data)
    line_gyro_switch                         0x200001fc   Data           1  motor_task.o(.data)
    PIDMode                                  0x200001fe   Data           1  motor_task.o(.data)
    motor_handler                            0x20000200   Data           4  motor_task.o(.data)
    dirct                                    0x20000204   Data          16  motor_task.o(.data)
    motor_all                                0x20000218   Data          44  speed_ctrl.o(.data)
    htim1                                    0x20000498   Data          76  tim.o(.bss)
    htim2                                    0x200004e4   Data          76  tim.o(.bss)
    htim3                                    0x20000530   Data          76  tim.o(.bss)
    huart7                                   0x2000057c   Data         132  usart.o(.bss)
    huart2                                   0x20000600   Data         132  usart.o(.bss)
    huart3                                   0x20000684   Data         132  usart.o(.bss)
    huart6                                   0x20000708   Data         132  usart.o(.bss)
    htim14                                   0x2000078c   Data          76  stm32f7xx_hal_timebase_tim.o(.bss)
    TIM7_Handler                             0x200044c8   Data          76  delay.o(.bss)
    motor_L0                                 0x20004514   Data          24  pid.o(.bss)
    motor_L1                                 0x2000452c   Data          24  pid.o(.bss)
    motor_R0                                 0x20004544   Data          24  pid.o(.bss)
    motor_R1                                 0x2000455c   Data          24  pid.o(.bss)
    motor_pid_paramL0                        0x20004574   Data          28  pid.o(.bss)
    motor_pid_paramL1                        0x20004590   Data          28  pid.o(.bss)
    motor_pid_paramR0                        0x200045ac   Data          28  pid.o(.bss)
    motor_pid_paramR1                        0x200045c8   Data          28  pid.o(.bss)
    line_pid_param                           0x200045e4   Data          28  pid.o(.bss)
    gyroT_pid_param                          0x20004600   Data          28  pid.o(.bss)
    gyroG_pid_param                          0x2000461c   Data          28  pid.o(.bss)
    gyroG_pid                                0x20004638   Data          28  pid.o(.bss)
    TIM5_Handler                             0x20004654   Data          76  sin_generate.o(.bss)
    USART_RX_BUF                             0x200046a0   Data         200  uart.o(.bss)
    UART1_Handler                            0x20004768   Data         132  uart.o(.bss)
    TIM4_Handler                             0x200047ec   Data          76  usmart.o(.bss)
    capture_Buf_before                       0x20004838   Data          16  encoder.o(.bss)
    capture_Buf_latter                       0x20004848   Data          16  encoder.o(.bss)
    high_time                                0x20004858   Data          16  encoder.o(.bss)
    real_time                                0x20004868   Data          16  encoder.o(.bss)
    direction                                0x20004878   Data          16  encoder.o(.bss)
    pulse_num                                0x20004888   Data          16  encoder.o(.bss)
    temp_time                                0x20004898   Data         128  encoder.o(.bss)
    wheel_1                                  0x20004918   Data          84  encoder.o(.bss)
    wheel_2                                  0x2000496c   Data          84  encoder.o(.bss)
    wheel_3                                  0x200049c0   Data          84  encoder.o(.bss)
    wheel_4                                  0x20004a14   Data          84  encoder.o(.bss)
    imu                                      0x20004a74   Data          20  imu_task.o(.bss)
    gyro                                     0x20004a88   Data         132  imu_task.o(.bss)
    __initial_sp                             0x20004f10   Data           0  startup_stm32f750xx.o(STACK)



==============================================================================

Memory Map of the image

  Image Entry point : 0x080001c9

  Load Region LR_IROM1 (Base: 0x08000000, Size: 0x00007824, Max: 0x00010000, ABSOLUTE, COMPRESSED[0x0000766c])

    Execution Region ER_IROM1 (Exec base: 0x08000000, Load base: 0x08000000, Size: 0x000075e0, Max: 0x00010000, ABSOLUTE)

    Exec Addr    Load Addr    Size         Type   Attr      Idx    E Section Name        Object

    0x08000000   0x08000000   0x000001c8   Data   RO            3    RESET               startup_stm32f750xx.o
    0x080001c8   0x080001c8   0x00000000   Code   RO         6579  * .ARM.Collect$$$$00000000  mc_w.l(entry.o)
    0x080001c8   0x080001c8   0x00000004   Code   RO         6901    .ARM.Collect$$$$00000001  mc_w.l(entry2.o)
    0x080001cc   0x080001cc   0x00000004   Code   RO         6904    .ARM.Collect$$$$00000004  mc_w.l(entry5.o)
    0x080001d0   0x080001d0   0x00000000   Code   RO         6906    .ARM.Collect$$$$00000008  mc_w.l(entry7b.o)
    0x080001d0   0x080001d0   0x00000000   Code   RO         6908    .ARM.Collect$$$$0000000A  mc_w.l(entry8b.o)
    0x080001d0   0x080001d0   0x00000008   Code   RO         6909    .ARM.Collect$$$$0000000B  mc_w.l(entry9a.o)
    0x080001d8   0x080001d8   0x00000004   Code   RO         6916    .ARM.Collect$$$$0000000E  mc_w.l(entry12b.o)
    0x080001dc   0x080001dc   0x00000000   Code   RO         6911    .ARM.Collect$$$$0000000F  mc_w.l(entry10a.o)
    0x080001dc   0x080001dc   0x00000000   Code   RO         6913    .ARM.Collect$$$$00000011  mc_w.l(entry11a.o)
    0x080001dc   0x080001dc   0x00000004   Code   RO         6902    .ARM.Collect$$$$00002712  mc_w.l(entry2.o)
    0x080001e0   0x080001e0   0x000000c2   Code   RO         4972    .emb_text           port.o
    0x080002a2   0x080002a2   0x00000002   PAD
    0x080002a4   0x080002a4   0x00000024   Code   RO            4    .text               startup_stm32f750xx.o
    0x080002c8   0x080002c8   0x00000062   Code   RO         6582    .text               mc_w.l(uldiv.o)
    0x0800032a   0x0800032a   0x00000040   Code   RO         6586    .text               mc_w.l(memmovea.o)
    0x0800036a   0x0800036a   0x00000024   Code   RO         6590    .text               mc_w.l(memseta.o)
    0x0800038e   0x0800038e   0x000000e4   Code   RO         6859    .text               mf_w.l(dmul.o)
    0x08000472   0x08000472   0x000000de   Code   RO         6861    .text               mf_w.l(ddiv.o)
    0x08000550   0x08000550   0x00000022   Code   RO         6863    .text               mf_w.l(dflti.o)
    0x08000572   0x08000572   0x00000038   Code   RO         6871    .text               mf_w.l(d2f.o)
    0x080005aa   0x080005aa   0x0000001e   Code   RO         6919    .text               mc_w.l(llshl.o)
    0x080005c8   0x080005c8   0x00000020   Code   RO         6921    .text               mc_w.l(llushr.o)
    0x080005e8   0x080005e8   0x00000000   Code   RO         6932    .text               mc_w.l(iusefp.o)
    0x080005e8   0x080005e8   0x0000006e   Code   RO         6933    .text               mf_w.l(fepilogue.o)
    0x08000656   0x08000656   0x000000ba   Code   RO         6935    .text               mf_w.l(depilogue.o)
    0x08000710   0x08000710   0x00000024   Code   RO         6951    .text               mc_w.l(init.o)
    0x08000734   0x08000734   0x00000056   Code   RO         6963    .text               mc_w.l(__dczerorl2.o)
    0x0800078a   0x0800078a   0x00000002   Code   RO          443    i.BusFault_Handler  stm32f7xx_it.o
    0x0800078c   0x0800078c   0x00000002   Code   RO          444    i.DebugMon_Handler  stm32f7xx_it.o
    0x0800078e   0x0800078e   0x00000002   PAD
    0x08000790   0x08000790   0x0000021c   Code   RO         5744    i.Encoder_init      encoder.o
    0x080009ac   0x080009ac   0x00000004   Code   RO           13    i.Error_Handler     main.o
    0x080009b0   0x080009b0   0x00000092   Code   RO         1160    i.HAL_DMA_Abort     stm32f7xx_hal_dma.o
    0x08000a42   0x08000a42   0x00000024   Code   RO         1161    i.HAL_DMA_Abort_IT  stm32f7xx_hal_dma.o
    0x08000a66   0x08000a66   0x00000002   PAD
    0x08000a68   0x08000a68   0x00000248   Code   RO         1094    i.HAL_GPIO_Init     stm32f7xx_hal_gpio.o
    0x08000cb0   0x08000cb0   0x0000000a   Code   RO         1096    i.HAL_GPIO_ReadPin  stm32f7xx_hal_gpio.o
    0x08000cba   0x08000cba   0x00000010   Code   RO         1097    i.HAL_GPIO_TogglePin  stm32f7xx_hal_gpio.o
    0x08000cca   0x08000cca   0x0000000a   Code   RO         1098    i.HAL_GPIO_WritePin  stm32f7xx_hal_gpio.o
    0x08000cd4   0x08000cd4   0x0000000c   Code   RO         1535    i.HAL_GetTick       stm32f7xx_hal.o
    0x08000ce0   0x08000ce0   0x00000010   Code   RO         1541    i.HAL_IncTick       stm32f7xx_hal.o
    0x08000cf0   0x08000cf0   0x00000016   Code   RO         1542    i.HAL_Init          stm32f7xx_hal.o
    0x08000d06   0x08000d06   0x00000002   PAD
    0x08000d08   0x08000d08   0x00000074   Code   RO          573    i.HAL_InitTick      stm32f7xx_hal_timebase_tim.o
    0x08000d7c   0x08000d7c   0x00000038   Code   RO          549    i.HAL_MspInit       stm32f7xx_hal_msp.o
    0x08000db4   0x08000db4   0x0000001a   Code   RO          617    i.HAL_NVIC_EnableIRQ  stm32f7xx_hal_cortex.o
    0x08000dce   0x08000dce   0x00000002   PAD
    0x08000dd0   0x08000dd0   0x00000040   Code   RO          623    i.HAL_NVIC_SetPriority  stm32f7xx_hal_cortex.o
    0x08000e10   0x08000e10   0x00000024   Code   RO          624    i.HAL_NVIC_SetPriorityGrouping  stm32f7xx_hal_cortex.o
    0x08000e34   0x08000e34   0x0000006c   Code   RO         1434    i.HAL_PWREx_EnableOverDrive  stm32f7xx_hal_pwr_ex.o
    0x08000ea0   0x08000ea0   0x000004fc   Code   RO          855    i.HAL_RCCEx_PeriphCLKConfig  stm32f7xx_hal_rcc_ex.o
    0x0800139c   0x0800139c   0x00000130   Code   RO          748    i.HAL_RCC_ClockConfig  stm32f7xx_hal_rcc.o
    0x080014cc   0x080014cc   0x00000040   Code   RO          752    i.HAL_RCC_GetClockConfig  stm32f7xx_hal_rcc.o
    0x0800150c   0x0800150c   0x00000020   Code   RO          755    i.HAL_RCC_GetPCLK1Freq  stm32f7xx_hal_rcc.o
    0x0800152c   0x0800152c   0x00000020   Code   RO          756    i.HAL_RCC_GetPCLK2Freq  stm32f7xx_hal_rcc.o
    0x0800154c   0x0800154c   0x00000060   Code   RO          757    i.HAL_RCC_GetSysClockFreq  stm32f7xx_hal_rcc.o
    0x080015ac   0x080015ac   0x00000384   Code   RO          760    i.HAL_RCC_OscConfig  stm32f7xx_hal_rcc.o
    0x08001930   0x08001930   0x00000002   Code   RO         3010    i.HAL_TIMEx_Break2Callback  stm32f7xx_hal_tim_ex.o
    0x08001932   0x08001932   0x00000002   Code   RO         3011    i.HAL_TIMEx_BreakCallback  stm32f7xx_hal_tim_ex.o
    0x08001934   0x08001934   0x00000002   Code   RO         3012    i.HAL_TIMEx_CommutCallback  stm32f7xx_hal_tim_ex.o
    0x08001936   0x08001936   0x00000002   PAD
    0x08001938   0x08001938   0x000000a0   Code   RO         3014    i.HAL_TIMEx_ConfigBreakDeadTime  stm32f7xx_hal_tim_ex.o
    0x080019d8   0x080019d8   0x000000a4   Code   RO         3031    i.HAL_TIMEx_MasterConfigSynchronization  stm32f7xx_hal_tim_ex.o
    0x08001a7c   0x08001a7c   0x00000062   Code   RO         2296    i.HAL_TIM_Base_Init  stm32f7xx_hal_tim.o
    0x08001ade   0x08001ade   0x00000002   PAD
    0x08001ae0   0x08001ae0   0x000000f0   Code   RO          323    i.HAL_TIM_Base_MspInit  tim.o
    0x08001bd0   0x08001bd0   0x0000008c   Code   RO         2301    i.HAL_TIM_Base_Start_IT  stm32f7xx_hal_tim.o
    0x08001c5c   0x08001c5c   0x000000e0   Code   RO         2305    i.HAL_TIM_ConfigClockSource  stm32f7xx_hal_tim.o
    0x08001d3c   0x08001d3c   0x000005b8   Code   RO         5745    i.HAL_TIM_IC_CaptureCallback  encoder.o
    0x080022f4   0x080022f4   0x00000122   Code   RO         2332    i.HAL_TIM_IC_ConfigChannel  stm32f7xx_hal_tim.o
    0x08002416   0x08002416   0x00000062   Code   RO         2335    i.HAL_TIM_IC_Init   stm32f7xx_hal_tim.o
    0x08002478   0x08002478   0x00000002   Code   RO         2337    i.HAL_TIM_IC_MspInit  stm32f7xx_hal_tim.o
    0x0800247a   0x0800247a   0x00000002   PAD
    0x0800247c   0x0800247c   0x00000144   Code   RO         2340    i.HAL_TIM_IC_Start_IT  stm32f7xx_hal_tim.o
    0x080025c0   0x080025c0   0x000000b6   Code   RO         2343    i.HAL_TIM_IC_Stop_IT  stm32f7xx_hal_tim.o
    0x08002676   0x08002676   0x00000182   Code   RO         2344    i.HAL_TIM_IRQHandler  stm32f7xx_hal_tim.o
    0x080027f8   0x080027f8   0x00000080   Code   RO          324    i.HAL_TIM_MspPostInit  tim.o
    0x08002878   0x08002878   0x00000002   Code   RO         2347    i.HAL_TIM_OC_DelayElapsedCallback  stm32f7xx_hal_tim.o
    0x0800287a   0x0800287a   0x00000124   Code   RO         2368    i.HAL_TIM_PWM_ConfigChannel  stm32f7xx_hal_tim.o
    0x0800299e   0x0800299e   0x00000062   Code   RO         2371    i.HAL_TIM_PWM_Init  stm32f7xx_hal_tim.o
    0x08002a00   0x08002a00   0x00000002   Code   RO         2373    i.HAL_TIM_PWM_MspInit  stm32f7xx_hal_tim.o
    0x08002a02   0x08002a02   0x00000002   Code   RO         2374    i.HAL_TIM_PWM_PulseFinishedCallback  stm32f7xx_hal_tim.o
    0x08002a04   0x08002a04   0x000000f8   Code   RO         2376    i.HAL_TIM_PWM_Start  stm32f7xx_hal_tim.o
    0x08002afc   0x08002afc   0x00000128   Code   RO         2378    i.HAL_TIM_PWM_Start_IT  stm32f7xx_hal_tim.o
    0x08002c24   0x08002c24   0x00000014   Code   RO           14    i.HAL_TIM_PeriodElapsedCallback  main.o
    0x08002c38   0x08002c38   0x00000002   Code   RO         2387    i.HAL_TIM_TriggerCallback  stm32f7xx_hal_tim.o
    0x08002c3a   0x08002c3a   0x00000002   Code   RO         3298    i.HAL_UARTEx_RxEventCallback  stm32f7xx_hal_uart.o
    0x08002c3c   0x08002c3c   0x00000002   Code   RO         3314    i.HAL_UART_ErrorCallback  stm32f7xx_hal_uart.o
    0x08002c3e   0x08002c3e   0x0000000a   Code   RO         3316    i.HAL_UART_GetState  stm32f7xx_hal_uart.o
    0x08002c48   0x08002c48   0x00000280   Code   RO         3317    i.HAL_UART_IRQHandler  stm32f7xx_hal_uart.o
    0x08002ec8   0x08002ec8   0x00000066   Code   RO         3318    i.HAL_UART_Init     stm32f7xx_hal_uart.o
    0x08002f2e   0x08002f2e   0x00000002   PAD
    0x08002f30   0x08002f30   0x00000224   Code   RO          383    i.HAL_UART_MspInit  usart.o
    0x08003154   0x08003154   0x00000048   Code   RO         3323    i.HAL_UART_Receive_IT  stm32f7xx_hal_uart.o
    0x0800319c   0x0800319c   0x00000058   Code   RO         5490    i.HAL_UART_RxCpltCallback  uart.o
    0x080031f4   0x080031f4   0x00000002   Code   RO         3330    i.HAL_UART_TxCpltCallback  stm32f7xx_hal_uart.o
    0x080031f6   0x080031f6   0x00000002   Code   RO          445    i.HardFault_Handler  stm32f7xx_it.o
    0x080031f8   0x080031f8   0x0000004c   Code   RO         5052    i.IIC_Ack           iic.o
    0x08003244   0x08003244   0x00000050   Code   RO         5053    i.IIC_Init          iic.o
    0x08003294   0x08003294   0x0000004c   Code   RO         5054    i.IIC_NAck          iic.o
    0x080032e0   0x080032e0   0x00000070   Code   RO         5055    i.IIC_Read_Byte     iic.o
    0x08003350   0x08003350   0x00000070   Code   RO         5056    i.IIC_Send_Byte     iic.o
    0x080033c0   0x080033c0   0x0000004c   Code   RO         5057    i.IIC_Start         iic.o
    0x0800340c   0x0800340c   0x0000004c   Code   RO         5058    i.IIC_Stop          iic.o
    0x08003458   0x08003458   0x00000064   Code   RO         5059    i.IIC_Wait_Ack      iic.o
    0x080034bc   0x080034bc   0x00000002   Code   RO          277    i.MX_FREERTOS_Init  freertos.o
    0x080034be   0x080034be   0x00000002   PAD
    0x080034c0   0x080034c0   0x0000013c   Code   RO          253    i.MX_GPIO_Init      gpio.o
    0x080035fc   0x080035fc   0x00000104   Code   RO          325    i.MX_TIM1_Init      tim.o
    0x08003700   0x08003700   0x000000c8   Code   RO          326    i.MX_TIM2_Init      tim.o
    0x080037c8   0x080037c8   0x000000c8   Code   RO          327    i.MX_TIM3_Init      tim.o
    0x08003890   0x08003890   0x0000003c   Code   RO          384    i.MX_UART7_Init     usart.o
    0x080038cc   0x080038cc   0x0000003c   Code   RO          385    i.MX_USART2_UART_Init  usart.o
    0x08003908   0x08003908   0x0000003c   Code   RO          386    i.MX_USART3_UART_Init  usart.o
    0x08003944   0x08003944   0x0000003c   Code   RO          387    i.MX_USART6_UART_Init  usart.o
    0x08003980   0x08003980   0x00000002   Code   RO          446    i.MemManage_Handler  stm32f7xx_it.o
    0x08003982   0x08003982   0x00000002   Code   RO          447    i.NMI_Handler       stm32f7xx_it.o
    0x08003984   0x08003984   0x00000080   Code   RO         5124    i.Rudder_Init       rudder_control.o
    0x08003a04   0x08003a04   0x0000003a   Code   RO         5125    i.Rudder_ReadOneByte  rudder_control.o
    0x08003a3e   0x08003a3e   0x00000036   Code   RO         5126    i.Rudder_WriteOneByte  rudder_control.o
    0x08003a74   0x08003a74   0x000000b6   Code   RO         5127    i.Rudder_control    rudder_control.o
    0x08003b2a   0x08003b2a   0x00000002   PAD
    0x08003b2c   0x08003b2c   0x00000048   Code   RO         5060    i.SDA               iic.o
    0x08003b74   0x08003b74   0x00000024   Code   RO         5298    i.Start_task        temporary_task.o
    0x08003b98   0x08003b98   0x0000002c   Code   RO         5260    i.Start_task_create  task_create.o
    0x08003bc4   0x08003bc4   0x00000030   Code   RO         4973    i.SysTick_Handler   port.o
    0x08003bf4   0x08003bf4   0x000000c4   Code   RO           15    i.SystemClock_Config  main.o
    0x08003cb8   0x08003cb8   0x00000010   Code   RO         3730    i.SystemInit        system_stm32f7xx.o
    0x08003cc8   0x08003cc8   0x0000000c   Code   RO          448    i.TIM1_UP_TIM10_IRQHandler  stm32f7xx_it.o
    0x08003cd4   0x08003cd4   0x0000000c   Code   RO          449    i.TIM2_IRQHandler   stm32f7xx_it.o
    0x08003ce0   0x08003ce0   0x0000000c   Code   RO          450    i.TIM3_IRQHandler   stm32f7xx_it.o
    0x08003cec   0x08003cec   0x00000034   Code   RO         5550    i.TIM4_IRQHandler   usmart.o
    0x08003d20   0x08003d20   0x00000024   Code   RO         5425    i.TIM5_IRQHandler   sin_generate.o
    0x08003d44   0x08003d44   0x0000006c   Code   RO         5166    i.TIM7_IRQHandler   delay.o
    0x08003db0   0x08003db0   0x0000000c   Code   RO          451    i.TIM8_TRG_COM_TIM14_IRQHandler  stm32f7xx_it.o
    0x08003dbc   0x08003dbc   0x000000cc   Code   RO         2389    i.TIM_Base_SetConfig  stm32f7xx_hal_tim.o
    0x08003e88   0x08003e88   0x0000001a   Code   RO         2390    i.TIM_CCxChannelCmd  stm32f7xx_hal_tim.o
    0x08003ea2   0x08003ea2   0x00000012   Code   RO         2400    i.TIM_ETR_SetConfig  stm32f7xx_hal_tim.o
    0x08003eb4   0x08003eb4   0x00000010   Code   RO         2401    i.TIM_ITRx_SetConfig  stm32f7xx_hal_tim.o
    0x08003ec4   0x08003ec4   0x00000074   Code   RO         2402    i.TIM_OC1_SetConfig  stm32f7xx_hal_tim.o
    0x08003f38   0x08003f38   0x00000078   Code   RO         2403    i.TIM_OC2_SetConfig  stm32f7xx_hal_tim.o
    0x08003fb0   0x08003fb0   0x00000078   Code   RO         2404    i.TIM_OC3_SetConfig  stm32f7xx_hal_tim.o
    0x08004028   0x08004028   0x00000058   Code   RO         2405    i.TIM_OC4_SetConfig  stm32f7xx_hal_tim.o
    0x08004080   0x08004080   0x00000058   Code   RO         2406    i.TIM_OC5_SetConfig  stm32f7xx_hal_tim.o
    0x080040d8   0x080040d8   0x00000058   Code   RO         2407    i.TIM_OC6_SetConfig  stm32f7xx_hal_tim.o
    0x08004130   0x08004130   0x00000022   Code   RO         2409    i.TIM_TI1_ConfigInputStage  stm32f7xx_hal_tim.o
    0x08004152   0x08004152   0x00000002   PAD
    0x08004154   0x08004154   0x00000080   Code   RO         2410    i.TIM_TI1_SetConfig  stm32f7xx_hal_tim.o
    0x080041d4   0x080041d4   0x00000024   Code   RO         2411    i.TIM_TI2_ConfigInputStage  stm32f7xx_hal_tim.o
    0x080041f8   0x080041f8   0x00000036   Code   RO         2412    i.TIM_TI2_SetConfig  stm32f7xx_hal_tim.o
    0x0800422e   0x0800422e   0x00000002   PAD
    0x08004230   0x08004230   0x00000050   Code   RO         5551    i.Timer4_Init       usmart.o
    0x08004280   0x08004280   0x00000054   Code   RO         5426    i.Timer5_Init       sin_generate.o
    0x080042d4   0x080042d4   0x000000f8   Code   RO         6012    i.UART4_IRQHandler  imu_task.o
    0x080043cc   0x080043cc   0x0000000c   Code   RO          452    i.UART7_IRQHandler  stm32f7xx_it.o
    0x080043d8   0x080043d8   0x000000c8   Code   RO         3332    i.UART_AdvFeatureConfig  stm32f7xx_hal_uart.o
    0x080044a0   0x080044a0   0x00000040   Code   RO         3333    i.UART_CheckIdleState  stm32f7xx_hal_uart.o
    0x080044e0   0x080044e0   0x00000014   Code   RO         3334    i.UART_DMAAbortOnError  stm32f7xx_hal_uart.o
    0x080044f4   0x080044f4   0x0000004a   Code   RO         3344    i.UART_EndRxTransfer  stm32f7xx_hal_uart.o
    0x0800453e   0x0800453e   0x0000009e   Code   RO         3346    i.UART_RxISR_16BIT  stm32f7xx_hal_uart.o
    0x080045dc   0x080045dc   0x0000009e   Code   RO         3347    i.UART_RxISR_8BIT   stm32f7xx_hal_uart.o
    0x0800467a   0x0800467a   0x00000002   PAD
    0x0800467c   0x0800467c   0x00000230   Code   RO         3348    i.UART_SetConfig    stm32f7xx_hal_uart.o
    0x080048ac   0x080048ac   0x000000b8   Code   RO         3350    i.UART_Start_Receive_IT  stm32f7xx_hal_uart.o
    0x08004964   0x08004964   0x000000ca   Code   RO         3353    i.UART_WaitOnFlagUntilTimeout  stm32f7xx_hal_uart.o
    0x08004a2e   0x08004a2e   0x00000002   PAD
    0x08004a30   0x08004a30   0x00000044   Code   RO         5491    i.USART1_IRQHandler  uart.o
    0x08004a74   0x08004a74   0x0000000c   Code   RO          453    i.USART2_IRQHandler  stm32f7xx_it.o
    0x08004a80   0x08004a80   0x0000000c   Code   RO          454    i.USART3_IRQHandler  stm32f7xx_it.o
    0x08004a8c   0x08004a8c   0x0000000c   Code   RO          455    i.USART6_IRQHandler  stm32f7xx_it.o
    0x08004a98   0x08004a98   0x00000002   Code   RO          456    i.UsageFault_Handler  stm32f7xx_it.o
    0x08004a9a   0x08004a9a   0x00000002   PAD
    0x08004a9c   0x08004a9c   0x00000020   Code   RO         6803    i.__0printf$8       mc_w.l(printf8.o)
    0x08004abc   0x08004abc   0x00000022   Code   RO          630    i.__NVIC_SetPriority  stm32f7xx_hal_cortex.o
    0x08004ade   0x08004ade   0x0000000e   Code   RO         6957    i.__scatterload_copy  mc_w.l(handlers.o)
    0x08004aec   0x08004aec   0x00000002   Code   RO         6958    i.__scatterload_null  mc_w.l(handlers.o)
    0x08004aee   0x08004aee   0x0000000e   Code   RO         6959    i.__scatterload_zeroinit  mc_w.l(handlers.o)
    0x08004afc   0x08004afc   0x00000404   Code   RO         6810    i._printf_core      mc_w.l(printf8.o)
    0x08004f00   0x08004f00   0x00000024   Code   RO         6811    i._printf_post_padding  mc_w.l(printf8.o)
    0x08004f24   0x08004f24   0x0000002e   Code   RO         6812    i._printf_pre_padding  mc_w.l(printf8.o)
    0x08004f52   0x08004f52   0x00000002   PAD
    0x08004f54   0x08004f54   0x00000014   Code   RO         5344    i.chage_target      pid.o
    0x08004f68   0x08004f68   0x00000054   Code   RO         5167    i.delay_init        delay.o
    0x08004fbc   0x08004fbc   0x0000001c   Code   RO         5168    i.delay_ms          delay.o
    0x08004fd8   0x08004fd8   0x00000014   Code   RO         5169    i.delay_us          delay.o
    0x08004fec   0x08004fec   0x00000014   Code   RO         5493    i.fputc             uart.o
    0x08005000   0x08005000   0x00000044   Code   RO         6499    i.getAngleZ         turn.o
    0x08005044   0x08005044   0x00000110   Code   RO         5817    i.get_motor_speed   motor_task.o
    0x08005154   0x08005154   0x00000034   Code   RO         6013    i.gyro_init         imu_task.o
    0x08005188   0x08005188   0x000000b4   Code   RO         5345    i.incremental_PID   pid.o
    0x0800523c   0x0800523c   0x0000008c   Code   RO           16    i.main              main.o
    0x080052c8   0x080052c8   0x00000008   Code   RO         5227    i.main_task         main_task.o
    0x080052d0   0x080052d0   0x0000002c   Code   RO         5261    i.main_task_create  task_create.o
    0x080052fc   0x080052fc   0x00000054   Code   RO         5787    i.motor_init        motor.o
    0x08005350   0x08005350   0x0000005c   Code   RO         5346    i.motor_pid_clear   pid.o
    0x080053ac   0x080053ac   0x00000078   Code   RO         5788    i.motor_set_pwm     motor.o
    0x08005424   0x08005424   0x00000118   Code   RO         5818    i.motor_task        motor_task.o
    0x0800553c   0x0800553c   0x0000002c   Code   RO         5819    i.motor_task_create  motor_task.o
    0x08005568   0x08005568   0x00000014   Code   RO         6500    i.mpuZreset         turn.o
    0x0800557c   0x0800557c   0x00000034   Code   RO         6501    i.need2turn         turn.o
    0x080055b0   0x080055b0   0x0000000a   Code   RO         4549    i.osKernelStart     cmsis_os.o
    0x080055ba   0x080055ba   0x00000002   PAD
    0x080055bc   0x080055bc   0x0000013c   Code   RO         5347    i.pid_init          pid.o
    0x080056f8   0x080056f8   0x0000009c   Code   RO         5348    i.positional_PID    pid.o
    0x08005794   0x08005794   0x00000070   Code   RO         4232    i.prvAddCurrentTaskToDelayedList  tasks.o
    0x08005804   0x08005804   0x000000d0   Code   RO         4233    i.prvAddNewTaskToReadyList  tasks.o
    0x080058d4   0x080058d4   0x00000038   Code   RO         4234    i.prvDeleteTCB      tasks.o
    0x0800590c   0x0800590c   0x00000050   Code   RO         4911    i.prvHeapInit       heap_4.o
    0x0800595c   0x0800595c   0x00000060   Code   RO         4235    i.prvIdleTask       tasks.o
    0x080059bc   0x080059bc   0x0000009e   Code   RO         4236    i.prvInitialiseNewTask  tasks.o
    0x08005a5a   0x08005a5a   0x00000002   PAD
    0x08005a5c   0x08005a5c   0x0000004c   Code   RO         4912    i.prvInsertBlockIntoFreeList  heap_4.o
    0x08005aa8   0x08005aa8   0x00000020   Code   RO         4237    i.prvResetNextTaskUnblockTime  tasks.o
    0x08005ac8   0x08005ac8   0x00000030   Code   RO         4974    i.prvTaskExitError  port.o
    0x08005af8   0x08005af8   0x000000e4   Code   RO         4913    i.pvPortMalloc      heap_4.o
    0x08005bdc   0x08005bdc   0x00000030   Code   RO         4975    i.pxPortInitialiseStack  port.o
    0x08005c0c   0x08005c0c   0x00000004   Code   RO         5552    i.read_addr         usmart.o
    0x08005c10   0x08005c10   0x00000098   Code   RO         6502    i.runWithAngle      turn.o
    0x08005ca8   0x08005ca8   0x00000030   Code   RO         5349    i.speed_pid_kd      pid.o
    0x08005cd8   0x08005cd8   0x00000030   Code   RO         5350    i.speed_pid_ki      pid.o
    0x08005d08   0x08005d08   0x00000030   Code   RO         5351    i.speed_pid_kp      pid.o
    0x08005d38   0x08005d38   0x00000038   Code   RO         5494    i.uart_init         uart.o
    0x08005d70   0x08005d70   0x00000090   Code   RO         5299    i.user_init         temporary_task.o
    0x08005e00   0x08005e00   0x00000094   Code   RO         5553    i.usmart_cmd_rec    usmart.o
    0x08005e94   0x08005e94   0x00000264   Code   RO         5554    i.usmart_exe        usmart.o
    0x080060f8   0x080060f8   0x000000a6   Code   RO         5665    i.usmart_get_aparm  usmart_str.o
    0x0800619e   0x0800619e   0x0000002e   Code   RO         5666    i.usmart_get_cmdname  usmart_str.o
    0x080061cc   0x080061cc   0x00000174   Code   RO         5667    i.usmart_get_fname  usmart_str.o
    0x08006340   0x08006340   0x000000e4   Code   RO         5668    i.usmart_get_fparam  usmart_str.o
    0x08006424   0x08006424   0x00000024   Code   RO         5669    i.usmart_get_parmpos  usmart_str.o
    0x08006448   0x08006448   0x00000034   Code   RO         5555    i.usmart_get_runtime  usmart.o
    0x0800647c   0x0800647c   0x00000028   Code   RO         5556    i.usmart_init       usmart.o
    0x080064a4   0x080064a4   0x00000002   Code   RO         5352    i.usmart_pid        pid.o
    0x080064a6   0x080064a6   0x00000010   Code   RO         5670    i.usmart_pow        usmart_str.o
    0x080064b6   0x080064b6   0x00000002   PAD
    0x080064b8   0x080064b8   0x0000002c   Code   RO         5557    i.usmart_reset_runtime  usmart.o
    0x080064e4   0x080064e4   0x000000a4   Code   RO         5558    i.usmart_scan       usmart.o
    0x08006588   0x08006588   0x00000010   Code   RO         5671    i.usmart_search_nextc  usmart_str.o
    0x08006598   0x08006598   0x000000d8   Code   RO         5672    i.usmart_str2num    usmart_str.o
    0x08006670   0x08006670   0x00000018   Code   RO         5673    i.usmart_strcmp     usmart_str.o
    0x08006688   0x08006688   0x00000012   Code   RO         5674    i.usmart_strcopy    usmart_str.o
    0x0800669a   0x0800669a   0x00000012   Code   RO         5675    i.usmart_strlen     usmart_str.o
    0x080066ac   0x080066ac   0x00000680   Code   RO         5559    i.usmart_sys_cmd_exe  usmart.o
    0x08006d2c   0x08006d2c   0x00000026   Code   RO         3868    i.uxListRemove      list.o
    0x08006d52   0x08006d52   0x00000002   PAD
    0x08006d54   0x08006d54   0x00000018   Code   RO          278    i.vApplicationGetIdleTaskMemory  freertos.o
    0x08006d6c   0x08006d6c   0x00000016   Code   RO         3869    i.vListInitialise   list.o
    0x08006d82   0x08006d82   0x00000006   Code   RO         3870    i.vListInitialiseItem  list.o
    0x08006d88   0x08006d88   0x00000030   Code   RO         3871    i.vListInsert       list.o
    0x08006db8   0x08006db8   0x00000018   Code   RO         3872    i.vListInsertEnd    list.o
    0x08006dd0   0x08006dd0   0x00000048   Code   RO         4977    i.vPortEnterCritical  port.o
    0x08006e18   0x08006e18   0x0000002c   Code   RO         4978    i.vPortExitCritical  port.o
    0x08006e44   0x08006e44   0x00000064   Code   RO         4914    i.vPortFree         heap_4.o
    0x08006ea8   0x08006ea8   0x00000024   Code   RO         4979    i.vPortSetupTimerInterrupt  port.o
    0x08006ecc   0x08006ecc   0x00000050   Code   RO         4245    i.vTaskDelay        tasks.o
    0x08006f1c   0x08006f1c   0x00000098   Code   RO         4246    i.vTaskDelayUntil   tasks.o
    0x08006fb4   0x08006fb4   0x000000b0   Code   RO         4247    i.vTaskDelete       tasks.o
    0x08007064   0x08007064   0x00000070   Code   RO         4259    i.vTaskStartScheduler  tasks.o
    0x080070d4   0x080070d4   0x00000010   Code   RO         4261    i.vTaskSuspendAll   tasks.o
    0x080070e4   0x080070e4   0x00000060   Code   RO         4262    i.vTaskSwitchContext  tasks.o
    0x08007144   0x08007144   0x00000004   Code   RO         5560    i.write_addr        usmart.o
    0x08007148   0x08007148   0x000000c0   Code   RO         4981    i.xPortStartScheduler  port.o
    0x08007208   0x08007208   0x0000005a   Code   RO         4264    i.xTaskCreate       tasks.o
    0x08007262   0x08007262   0x0000005e   Code   RO         4265    i.xTaskCreateStatic  tasks.o
    0x080072c0   0x080072c0   0x0000000c   Code   RO         4270    i.xTaskGetTickCount  tasks.o
    0x080072cc   0x080072cc   0x000000cc   Code   RO         4272    i.xTaskIncrementTick  tasks.o
    0x08007398   0x08007398   0x000000c8   Code   RO         4278    i.xTaskResumeAll    tasks.o
    0x08007460   0x08007460   0x00000010   Data   RO         3731    .constdata          system_stm32f7xx.o
    0x08007470   0x08007470   0x00000008   Data   RO         3732    .constdata          system_stm32f7xx.o
    0x08007478   0x08007478   0x00000028   Data   RO         5562    .conststring        usmart.o
    0x080074a0   0x080074a0   0x00000120   Data   RO         5639    .conststring        usmart_config.o
    0x080075c0   0x080075c0   0x00000020   Data   RO         6955    Region$$Table       anon$$obj.o


    Execution Region RW_IRAM1 (Exec base: 0x20000000, Load base: 0x080075e0, Size: 0x00004f10, Max: 0x00050000, ABSOLUTE, COMPRESSED[0x0000008c])

    Exec Addr    Load Addr    Size         Type   Attr      Idx    E Section Name        Object

    0x20000000   COMPRESSED   0x0000000c   Data   RW         1549    .data               stm32f7xx_hal.o
    0x2000000c   COMPRESSED   0x00000004   Data   RW         3733    .data               system_stm32f7xx.o
    0x20000010   COMPRESSED   0x0000003c   Data   RW         4281    .data               tasks.o
    0x2000004c   COMPRESSED   0x00000018   Data   RW         4919    .data               heap_4.o
    0x20000064   COMPRESSED   0x0000000c   Data   RW         4982    .data               port.o
    0x20000070   COMPRESSED   0x00000001   Data   RW         5172    .data               delay.o
    0x20000071   COMPRESSED   0x00000003   PAD
    0x20000074   COMPRESSED   0x00000008   Data   RW         5262    .data               task_create.o
    0x2000007c   COMPRESSED   0x00000010   Data   RW         5429    .data               sin_generate.o
    0x2000008c   COMPRESSED   0x00000004   Data   RW         5496    .data               uart.o
    0x20000090   COMPRESSED   0x00000004   Data   RW         5497    .data               uart.o
    0x20000094   COMPRESSED   0x0000001c   Data   RW         5563    .data               usmart.o
    0x200000b0   COMPRESSED   0x00000040   Data   RW         5640    .data               usmart_config.o
    0x200000f0   COMPRESSED   0x000000f4   Data   RW         5641    .data               usmart_config.o
    0x200001e4   COMPRESSED   0x00000018   Data   RW         5747    .data               encoder.o
    0x200001fc   COMPRESSED   0x00000018   Data   RW         5821    .data               motor_task.o
    0x20000214   COMPRESSED   0x00000002   Data   RW         6015    .data               imu_task.o
    0x20000216   COMPRESSED   0x00000002   PAD
    0x20000218   COMPRESSED   0x0000002c   Data   RW         6461    .data               speed_ctrl.o
    0x20000244        -       0x00000254   Zero   RW          279    .bss                freertos.o
    0x20000498        -       0x000000e4   Zero   RW          328    .bss                tim.o
    0x2000057c        -       0x00000210   Zero   RW          388    .bss                usart.o
    0x2000078c        -       0x0000004c   Zero   RW          576    .bss                stm32f7xx_hal_timebase_tim.o
    0x200007d8        -       0x000000f0   Zero   RW         4280    .bss                tasks.o
    0x200008c8        -       0x00003c00   Zero   RW         4918    .bss                heap_4.o
    0x200044c8        -       0x0000004c   Zero   RW         5170    .bss                delay.o
    0x20004514        -       0x00000124   Zero   RW         5353    .bss                pid.o
    0x20004638        -       0x0000001c   Zero   RW         5356    .bss                pid.o
    0x20004654        -       0x0000004c   Zero   RW         5428    .bss                sin_generate.o
    0x200046a0        -       0x0000014c   Zero   RW         5495    .bss                uart.o
    0x200047ec        -       0x0000004c   Zero   RW         5561    .bss                usmart.o
    0x20004838        -       0x00000230   Zero   RW         5746    .bss                encoder.o
    0x20004a68        -       0x000000a4   Zero   RW         6014    .bss                imu_task.o
    0x20004b0c   COMPRESSED   0x00000004   PAD
    0x20004b10        -       0x00000400   Zero   RW            1    STACK               startup_stm32f750xx.o


==============================================================================

Image component sizes


      Code (inc. data)   RO Data    RW Data    ZI Data      Debug   Object Name

        10          0          0          0          0      21054   cmsis_os.o
       240         40          0          1         76       2853   delay.o
      2004         44          0         24        560       4278   encoder.o
         0          0          0          0          0      15764   event_groups.o
        26          6          0          0        596       6343   freertos.o
       316         24          0          0          0       1079   gpio.o
       484         24          0         24      15360       7375   heap_4.o
       780         52          0          0          0       5404   iic.o
       300         34          0          2        164       2166   imu_task.o
       138          0          0          0          0       3542   list.o
       360         24          0          0          0     869828   main.o
         8          0          0          0          0        468   main_task.o
       204         14          0          0          0       1249   motor.o
       596        106          0         24          0       2666   motor_task.o
       910        114          0          0        320       6827   pid.o
       682         70          0         12          0      11040   port.o
       422         10          0          0          0       3006   rudder_control.o
       120         20          0         16         76       2004   sin_generate.o
         0          0          0         44          0       1246   speed_ctrl.o
        36          8        456          0       1024        836   startup_stm32f750xx.o
        50         10          0         12          0       7710   stm32f7xx_hal.o
       160         12          0          0          0      38186   stm32f7xx_hal_cortex.o
       182          0          0          0          0       2131   stm32f7xx_hal_dma.o
       620         54          0          0          0       3568   stm32f7xx_hal_gpio.o
        56          4          0          0          0        862   stm32f7xx_hal_msp.o
       108          8          0          0          0       1264   stm32f7xx_hal_pwr_ex.o
      1428         72          0          0          0       5869   stm32f7xx_hal_rcc.o
      1276         16          0          0          0       2284   stm32f7xx_hal_rcc_ex.o
      3822        288          0          0          0      24881   stm32f7xx_hal_tim.o
       330         40          0          0          0       3992   stm32f7xx_hal_tim_ex.o
       116         16          0          0         76       1424   stm32f7xx_hal_timebase_tim.o
      2450         82          0          0          0      13885   stm32f7xx_hal_uart.o
       108         48          0          0          0       6539   stm32f7xx_it.o
         0          0          0          0          0        392   stream_buffer.o
        16          4         24          4          0       1127   system_stm32f7xx.o
        88         40          0          8          0       1293   task_create.o
      1894        136          0         60        240      22278   tasks.o
       180         20          0          0          0       1233   temporary_task.o
      1028         66          0          0        228       4414   tim.o
       292         58          0          0          0       2603   turn.o
       232         42          0          8        332       4134   uart.o
       788         82          0          0        528       4111   usart.o
      2864       1358         40         28         76       7819   usmart.o
         0          0        288        308          0       1484   usmart_config.o
      1156         22          0          0          0       9295   usmart_str.o

    ----------------------------------------------------------------------
     26920       3068        840        580      19660    1141806   Object Totals
         0          0         32          0          0          0   (incl. Generated)
        40          0          0          5          4          0   (incl. Padding)

    ----------------------------------------------------------------------

      Code (inc. data)   RO Data    RW Data    ZI Data      Debug   Library Member Name

        86          0          0          0          0          0   __dczerorl2.o
         0          0          0          0          0          0   entry.o
         0          0          0          0          0          0   entry10a.o
         0          0          0          0          0          0   entry11a.o
         4          0          0          0          0          0   entry12b.o
         8          4          0          0          0          0   entry2.o
         4          0          0          0          0          0   entry5.o
         0          0          0          0          0          0   entry7b.o
         0          0          0          0          0          0   entry8b.o
         8          4          0          0          0          0   entry9a.o
        30          0          0          0          0          0   handlers.o
        36          8          0          0          0         68   init.o
         0          0          0          0          0          0   iusefp.o
        30          0          0          0          0         68   llshl.o
        32          0          0          0          0         68   llushr.o
        64          0          0          0          0         76   memmovea.o
        36          0          0          0          0        108   memseta.o
      1142         54          0          0          0        352   printf8.o
        98          0          0          0          0         92   uldiv.o
        56          0          0          0          0         88   d2f.o
       222          0          0          0          0        100   ddiv.o
       186          0          0          0          0        176   depilogue.o
        34          0          0          0          0         76   dflti.o
       228          0          0          0          0         96   dmul.o
       110          0          0          0          0        168   fepilogue.o

    ----------------------------------------------------------------------
      2416         70          0          0          0       1536   Library Totals
         2          0          0          0          0          0   (incl. Padding)

    ----------------------------------------------------------------------

      Code (inc. data)   RO Data    RW Data    ZI Data      Debug   Library Name

      1578         70          0          0          0        832   mc_w.l
       836          0          0          0          0        704   mf_w.l

    ----------------------------------------------------------------------
      2416         70          0          0          0       1536   Library Totals

    ----------------------------------------------------------------------

==============================================================================


      Code (inc. data)   RO Data    RW Data    ZI Data      Debug   

     29336       3138        840        580      19660    1122698   Grand Totals
     29336       3138        840        140      19660    1122698   ELF Image Totals (compressed)
     29336       3138        840        140          0          0   ROM Totals

==============================================================================

    Total RO  Size (Code + RO Data)                30176 (  29.47kB)
    Total RW  Size (RW Data + ZI Data)             20240 (  19.77kB)
    Total ROM Size (Code + RO Data + RW Data)      30316 (  29.61kB)

==============================================================================

