Component: ARM Compiler 5.06 update 7 (build 960) Tool: armlink [4d3601]

==============================================================================

Section Cross References

    startup_stm32f750xx.o(RESET) refers to startup_stm32f750xx.o(STACK) for __initial_sp
    startup_stm32f750xx.o(RESET) refers to startup_stm32f750xx.o(.text) for Reset_Handler
    startup_stm32f750xx.o(RESET) refers to stm32f7xx_it.o(i.NMI_Handler) for NMI_Handler
    startup_stm32f750xx.o(RESET) refers to stm32f7xx_it.o(i.HardFault_Handler) for HardFault_Handler
    startup_stm32f750xx.o(RESET) refers to stm32f7xx_it.o(i.MemManage_Handler) for MemManage_Handler
    startup_stm32f750xx.o(RESET) refers to stm32f7xx_it.o(i.BusFault_Handler) for BusFault_Handler
    startup_stm32f750xx.o(RESET) refers to stm32f7xx_it.o(i.UsageFault_Handler) for UsageFault_Handler
    startup_stm32f750xx.o(RESET) refers to port.o(.emb_text) for SVC_Handler
    startup_stm32f750xx.o(RESET) refers to stm32f7xx_it.o(i.DebugMon_Handler) for DebugMon_Handler
    startup_stm32f750xx.o(RESET) refers to port.o(i.SysTick_Handler) for SysTick_Handler
    startup_stm32f750xx.o(RESET) refers to stm32f7xx_it.o(i.TIM1_UP_TIM10_IRQHandler) for TIM1_UP_TIM10_IRQHandler
    startup_stm32f750xx.o(RESET) refers to stm32f7xx_it.o(i.TIM2_IRQHandler) for TIM2_IRQHandler
    startup_stm32f750xx.o(RESET) refers to stm32f7xx_it.o(i.TIM3_IRQHandler) for TIM3_IRQHandler
    startup_stm32f750xx.o(RESET) refers to usmart.o(i.TIM4_IRQHandler) for TIM4_IRQHandler
    startup_stm32f750xx.o(RESET) refers to uart.o(i.USART1_IRQHandler) for USART1_IRQHandler
    startup_stm32f750xx.o(RESET) refers to stm32f7xx_it.o(i.USART2_IRQHandler) for USART2_IRQHandler
    startup_stm32f750xx.o(RESET) refers to stm32f7xx_it.o(i.USART3_IRQHandler) for USART3_IRQHandler
    startup_stm32f750xx.o(RESET) refers to stm32f7xx_it.o(i.TIM8_TRG_COM_TIM14_IRQHandler) for TIM8_TRG_COM_TIM14_IRQHandler
    startup_stm32f750xx.o(RESET) refers to sin_generate.o(i.TIM5_IRQHandler) for TIM5_IRQHandler
    startup_stm32f750xx.o(RESET) refers to imu_task.o(i.UART4_IRQHandler) for UART4_IRQHandler
    startup_stm32f750xx.o(RESET) refers to delay.o(i.TIM7_IRQHandler) for TIM7_IRQHandler
    startup_stm32f750xx.o(RESET) refers to stm32f7xx_it.o(i.USART6_IRQHandler) for USART6_IRQHandler
    startup_stm32f750xx.o(RESET) refers to openmv.o(i.UART7_IRQHandler) for UART7_IRQHandler
    startup_stm32f750xx.o(.text) refers to system_stm32f7xx.o(i.SystemInit) for SystemInit
    startup_stm32f750xx.o(.text) refers to entry.o(.ARM.Collect$$$$00000000) for __main
    main.o(i.HAL_TIM_PeriodElapsedCallback) refers to stm32f7xx_hal.o(i.HAL_IncTick) for HAL_IncTick
    main.o(i.SystemClock_Config) refers to memseta.o(.text) for __aeabi_memclr4
    main.o(i.SystemClock_Config) refers to stm32f7xx_hal_rcc.o(i.HAL_RCC_OscConfig) for HAL_RCC_OscConfig
    main.o(i.SystemClock_Config) refers to stm32f7xx_hal_pwr_ex.o(i.HAL_PWREx_EnableOverDrive) for HAL_PWREx_EnableOverDrive
    main.o(i.SystemClock_Config) refers to stm32f7xx_hal_rcc.o(i.HAL_RCC_ClockConfig) for HAL_RCC_ClockConfig
    main.o(i.SystemClock_Config) refers to stm32f7xx_hal_rcc_ex.o(i.HAL_RCCEx_PeriphCLKConfig) for HAL_RCCEx_PeriphCLKConfig
    main.o(i.main) refers to stm32f7xx_hal.o(i.HAL_Init) for HAL_Init
    main.o(i.main) refers to main.o(i.SystemClock_Config) for SystemClock_Config
    main.o(i.main) refers to gpio.o(i.MX_GPIO_Init) for MX_GPIO_Init
    main.o(i.main) refers to tim.o(i.MX_TIM1_Init) for MX_TIM1_Init
    main.o(i.main) refers to tim.o(i.MX_TIM2_Init) for MX_TIM2_Init
    main.o(i.main) refers to tim.o(i.MX_TIM3_Init) for MX_TIM3_Init
    main.o(i.main) refers to usart.o(i.MX_USART2_UART_Init) for MX_USART2_UART_Init
    main.o(i.main) refers to usart.o(i.MX_USART3_UART_Init) for MX_USART3_UART_Init
    main.o(i.main) refers to usart.o(i.MX_USART6_UART_Init) for MX_USART6_UART_Init
    main.o(i.main) refers to sin_generate.o(i.Timer5_Init) for Timer5_Init
    main.o(i.main) refers to delay.o(i.delay_init) for delay_init
    main.o(i.main) refers to map.o(i.mapInit) for mapInit
    main.o(i.main) refers to temporary_task.o(i.user_init) for user_init
    main.o(i.main) refers to stm32f7xx_hal_tim.o(i.HAL_TIM_PWM_Start_IT) for HAL_TIM_PWM_Start_IT
    main.o(i.main) refers to task_create.o(i.Start_task_create) for Start_task_create
    main.o(i.main) refers to freertos.o(i.MX_FREERTOS_Init) for MX_FREERTOS_Init
    main.o(i.main) refers to cmsis_os.o(i.osKernelStart) for osKernelStart
    main.o(i.main) refers to tim.o(.bss) for htim2
    gpio.o(i.MX_GPIO_Init) refers to memseta.o(.text) for __aeabi_memclr4
    gpio.o(i.MX_GPIO_Init) refers to stm32f7xx_hal_gpio.o(i.HAL_GPIO_WritePin) for HAL_GPIO_WritePin
    gpio.o(i.MX_GPIO_Init) refers to stm32f7xx_hal_gpio.o(i.HAL_GPIO_Init) for HAL_GPIO_Init
    freertos.o(i.vApplicationGetIdleTaskMemory) refers to freertos.o(.bss) for .bss
[...]
    _main_cpp_init                           0x080001d1   Thumb Code     0  entry8b.o(.ARM.Collect$$$$0000000A)
    _main_init                               0x080001d1   Thumb Code     0  entry9a.o(.ARM.Collect$$$$0000000B)
    __rt_lib_shutdown_fini                   0x080001d9   Thumb Code     0  entry12b.o(.ARM.Collect$$$$0000000E)
    __rt_final_cpp                           0x080001dd   Thumb Code     0  entry10a.o(.ARM.Collect$$$$0000000F)
    __rt_final_exit                          0x080001dd   Thumb Code     0  entry11a.o(.ARM.Collect$$$$00000011)
    SVC_Handler                              0x080001e1   Thumb Code    28  port.o(.emb_text)
    __asm___6_port_c_39a90d8d__prvStartFirstTask 0x08000201   Thumb Code    36  port.o(.emb_text)
    __asm___6_port_c_39a90d8d__prvEnableVFP  0x08000229   Thumb Code    16  port.o(.emb_text)
    PendSV_Handler                           0x0800023d   Thumb Code    92  port.o(.emb_text)
    vPortGetIPSR                             0x0800029d   Thumb Code     6  port.o(.emb_text)
    Reset_Handler                            0x080002a5   Thumb Code     8  startup_stm32f750xx.o(.text)
    ADC_IRQHandler                           0x080002bf   Thumb Code     0  startup_stm32f750xx.o(.text)
    CAN1_RX0_IRQHandler                      0x080002bf   Thumb Code     0  startup_stm32f750xx.o(.text)
    CAN1_RX1_IRQHandler                      0x080002bf   Thumb Code     0  startup_stm32f750xx.o(.text)
    CAN1_SCE_IRQHandler                      0x080002bf   Thumb Code     0  startup_stm32f750xx.o(.text)
    CAN1_TX_IRQHandler                       0x080002bf   Thumb Code     0  startup_stm32f750xx.o(.text)
    CAN2_RX0_IRQHandler                      0x080002bf   Thumb Code     0  startup_stm32f750xx.o(.text)
    CAN2_RX1_IRQHandler                      0x080002bf   Thumb Code     0  startup_stm32f750xx.o(.text)
    CAN2_SCE_IRQHandler                      0x080002bf   Thumb Code     0  startup_stm32f750xx.o(.text)
    CAN2_TX_IRQHandler                       0x080002bf   Thumb Code     0  startup_stm32f750xx.o(.text)
    CEC_IRQHandler                           0x080002bf   Thumb Code     0  startup_stm32f750xx.o(.text)
    CRYP_IRQHandler                          0x080002bf   Thumb Code     0  startup_stm32f750xx.o(.text)
    DCMI_IRQHandler                          0x080002bf   Thumb Code     0  startup_stm32f750xx.o(.text)
    DMA1_Stream0_IRQHandler                  0x080002bf   Thumb Code     0  startup_stm32f750xx.o(.text)
    DMA1_Stream1_IRQHandler                  0x080002bf   Thumb Code     0  startup_stm32f750xx.o(.text)
    DMA1_Stream2_IRQHandler                  0x080002bf   Thumb Code     0  startup_stm32f750xx.o(.text)
    DMA1_Stream3_IRQHandler                  0x080002bf   Thumb Code     0  startup_stm32f750xx.o(.text)
    DMA1_Stream4_IRQHandler                  0x080002bf   Thumb Code     0  startup_stm32f750xx.o(.text)
    DMA1_Stream5_IRQHandler                  0x080002bf   Thumb Code     0  startup_stm32f750xx.o(.text)
    DMA1_Stream6_IRQHandler                  0x080002bf   Thumb Code     0  startup_stm32f750xx.o(.text)
    DMA1_Stream7_IRQHandler                  0x080002bf   Thumb Code     0  startup_stm32f750xx.o(.text)
    DMA2D_IRQHandler                         0x080002bf   Thumb Code     0  startup_stm32f750xx.o(.text)
    DMA2_Stream0_IRQHandler                  0x080002bf   Thumb Code     0  startup_stm32f750xx.o(.text)
    DMA2_Stream1_IRQHandler                  0x080002bf   Thumb Code     0  startup_stm32f750xx.o(.text)
    DMA2_Stream2_IRQHandler                  0x080002bf   Thumb Code     0  startup_stm32f750xx.o(.text)
    DMA2_Stream3_IRQHandler                  0x080002bf   Thumb Code     0  startup_stm32f750xx.o(.text)
    DMA2_Stream4_IRQHandler                  0x080002bf   Thumb Code     0  startup_stm32f750xx.o(.text)
    DMA2_Stream5_IRQHandler                  0x080002bf   Thumb Code     0  startup_stm32f750xx.o(.text)
    DMA2_Stream6_IRQHandler                  0x080002bf   Thumb Code     0  startup_stm32f750xx.o(.text)
    DMA2_Stream7_IRQHandler                  0x080002bf   Thumb Code     0  startup_stm32f750xx.o(.text)
    ETH_IRQHandler                           0x080002bf   Thumb Code     0  startup_stm32f750xx.o(.text)
    ETH_WKUP_IRQHandler                      0x080002bf   Thumb Code     0  startup_stm32f750xx.o(.text)
    EXTI0_IRQHandler                         0x080002bf   Thumb Code     0  startup_stm32f750xx.o(.text)
    EXTI15_10_IRQHandler                     0x080002bf   Thumb Code     0  startup_stm32f750xx.o(.text)
    EXTI1_IRQHandler                         0x080002bf   Thumb Code     0  startup_stm32f750xx.o(.text)
    EXTI2_IRQHandler                         0x080002bf   Thumb Code     0  startup_stm32f750xx.o(.text)
    EXTI3_IRQHandler                         0x080002bf   Thumb Code     0  startup_stm32f750xx.o(.text)
    EXTI4_IRQHandler                         0x080002bf   Thumb Code     0  startup_stm32f750xx.o(.text)
    EXTI9_5_IRQHandler                       0x080002bf   Thumb Code     0  startup_stm32f750xx.o(.text)
    FLASH_IRQHandler                         0x080002bf   Thumb Code     0  startup_stm32f750xx.o(.text)
    FMC_IRQHandler                           0x080002bf   Thumb Code     0  startup_stm32f750xx.o(.text)
    FPU_IRQHandler                           0x080002bf   Thumb Code     0  startup_stm32f750xx.o(.text)
    HASH_RNG_IRQHandler                      0x080002bf   Thumb Code     0  startup_stm32f750xx.o(.text)
    I2C1_ER_IRQHandler                       0x080002bf   Thumb Code     0  startup_stm32f750xx.o(.text)
    I2C1_EV_IRQHandler                       0x080002bf   Thumb Code     0  startup_stm32f750xx.o(.text)
    I2C2_ER_IRQHandler                       0x080002bf   Thumb Code     0  startup_stm32f750xx.o(.text)
    I2C2_EV_IRQHandler                       0x080002bf   Thumb Code     0  startup_stm32f750xx.o(.text)
    I2C3_ER_IRQHandler                       0x080002bf   Thumb Code     0  startup_stm32f750xx.o(.text)
    I2C3_EV_IRQHandler                       0x080002bf   Thumb Code     0  startup_stm32f750xx.o(.text)
    I2C4_ER_IRQHandler                       0x080002bf   Thumb Code     0  startup_stm32f750xx.o(.text)
    I2C4_EV_IRQHandler                       0x080002bf   Thumb Code     0  startup_stm32f750xx.o(.text)
    LPTIM1_IRQHandler                        0x080002bf   Thumb Code     0  startup_stm32f750xx.o(.text)
    LTDC_ER_IRQHandler                       0x080002bf   Thumb Code     0  startup_stm32f750xx.o(.text)
    LTDC_IRQHandler                          0x080002bf   Thumb Code     0  startup_stm32f750xx.o(.text)
    OTG_FS_IRQHandler                        0x080002bf   Thumb Code     0  startup_stm32f750xx.o(.text)
    OTG_FS_WKUP_IRQHandler                   0x080002bf   Thumb Code     0  startup_stm32f750xx.o(.text)
    OTG_HS_EP1_IN_IRQHandler                 0x080002bf   Thumb Code     0  startup_stm32f750xx.o(.text)
    OTG_HS_EP1_OUT_IRQHandler                0x080002bf   Thumb Code     0  startup_stm32f750xx.o(.text)
    OTG_HS_IRQHandler                        0x080002bf   Thumb Code     0  startup_stm32f750xx.o(.text)
    OTG_HS_WKUP_IRQHandler                   0x080002bf   Thumb Code     0  startup_stm32f750xx.o(.text)
    PVD_IRQHandler                           0x080002bf   Thumb Code     0  startup_stm32f750xx.o(.text)
    QUADSPI_IRQHandler                       0x080002bf   Thumb Code     0  startup_stm32f750xx.o(.text)
    RCC_IRQHandler                           0x080002bf   Thumb Code     0  startup_stm32f750xx.o(.text)
    RTC_Alarm_IRQHandler                     0x080002bf   Thumb Code     0  startup_stm32f750xx.o(.text)
    RTC_WKUP_IRQHandler                      0x080002bf   Thumb Code     0  startup_stm32f750xx.o(.text)
    SAI1_IRQHandler                          0x080002bf   Thumb Code     0  startup_stm32f750xx.o(.text)
    SAI2_IRQHandler                          0x080002bf   Thumb Code     0  startup_stm32f750xx.o(.text)
    SDMMC1_IRQHandler                        0x080002bf   Thumb Code     0  startup_stm32f750xx.o(.text)
    SPDIF_RX_IRQHandler                      0x080002bf   Thumb Code     0  startup_stm32f750xx.o(.text)
    SPI1_IRQHandler                          0x080002bf   Thumb Code     0  startup_stm32f750xx.o(.text)
    SPI2_IRQHandler                          0x080002bf   Thumb Code     0  startup_stm32f750xx.o(.text)
    SPI3_IRQHandler                          0x080002bf   Thumb Code     0  startup_stm32f750xx.o(.text)
    SPI4_IRQHandler                          0x080002bf   Thumb Code     0  startup_stm32f750xx.o(.text)
    SPI5_IRQHandler                          0x080002bf   Thumb Code     0  startup_stm32f750xx.o(.text)
    SPI6_IRQHandler                          0x080002bf   Thumb Code     0  startup_stm32f750xx.o(.text)
    TAMP_STAMP_IRQHandler                    0x080002bf   Thumb Code     0  startup_stm32f750xx.o(.text)
    TIM1_BRK_TIM9_IRQHandler                 0x080002bf   Thumb Code     0  startup_stm32f750xx.o(.text)
    TIM1_CC_IRQHandler                       0x080002bf   Thumb Code     0  startup_stm32f750xx.o(.text)
    TIM1_TRG_COM_TIM11_IRQHandler            0x080002bf   Thumb Code     0  startup_stm32f750xx.o(.text)
    TIM6_DAC_IRQHandler                      0x080002bf   Thumb Code     0  startup_stm32f750xx.o(.text)
    TIM8_BRK_TIM12_IRQHandler                0x080002bf   Thumb Code     0  startup_stm32f750xx.o(.text)
    TIM8_CC_IRQHandler                       0x080002bf   Thumb Code     0  startup_stm32f750xx.o(.text)
    TIM8_UP_TIM13_IRQHandler                 0x080002bf   Thumb Code     0  startup_stm32f750xx.o(.text)
    UART5_IRQHandler                         0x080002bf   Thumb Code     0  startup_stm32f750xx.o(.text)
    UART8_IRQHandler                         0x080002bf   Thumb Code     0  startup_stm32f750xx.o(.text)
    WWDG_IRQHandler                          0x080002bf   Thumb Code     0  startup_stm32f750xx.o(.text)
    __aeabi_uldivmod                         0x080002c9   Thumb Code    98  uldiv.o(.text)
    ___aeabi_memcpy8$move                    0x0800032b   Thumb Code     0  memmovea.o(.text)
    __aeabi_memcpy                           0x0800032b   Thumb Code    64  memmovea.o(.text)
    __aeabi_memcpy4                          0x0800032b   Thumb Code     0  memmovea.o(.text)
    __aeabi_memmove                          0x0800032b   Thumb Code     0  memmovea.o(.text)
    __aeabi_memmove4                         0x0800032b   Thumb Code     0  memmovea.o(.text)
    __aeabi_memmove8                         0x0800032b   Thumb Code     0  memmovea.o(.text)
    __aeabi_memset                           0x0800036b   Thumb Code    14  memseta.o(.text)
    __aeabi_memset4                          0x0800036b   Thumb Code     0  memseta.o(.text)
    __aeabi_memset8                          0x0800036b   Thumb Code     0  memseta.o(.text)
    __aeabi_memclr                           0x08000379   Thumb Code     4  memseta.o(.text)
    __aeabi_memclr4                          0x08000379   Thumb Code     0  memseta.o(.text)
    __aeabi_memclr8                          0x08000379   Thumb Code     0  memseta.o(.text)
    memset                                   0x0800037d   Thumb Code    18  memseta.o(.text)
    __aeabi_dadd                             0x0800038f   Thumb Code   322  dadd.o(.text)
    __aeabi_dsub                             0x080004d1   Thumb Code     6  dadd.o(.text)
    __aeabi_drsub                            0x080004d7   Thumb Code     6  dadd.o(.text)
    __aeabi_dmul                             0x080004dd   Thumb Code   228  dmul.o(.text)
    __aeabi_ddiv                             0x080005c1   Thumb Code   222  ddiv.o(.text)
    __aeabi_i2d                              0x0800069f   Thumb Code    34  dflti.o(.text)
    __aeabi_ui2d                             0x080006c1   Thumb Code    26  dfltui.o(.text)
    __aeabi_f2d                              0x080006db   Thumb Code    38  f2d.o(.text)
    __aeabi_cdrcmple                         0x08000701   Thumb Code    48  cdrcmple.o(.text)
    __aeabi_d2f                              0x08000731   Thumb Code    56  d2f.o(.text)
    __aeabi_llsl                             0x08000769   Thumb Code    30  llshl.o(.text)
    _ll_shift_l                              0x08000769   Thumb Code     0  llshl.o(.text)
    __aeabi_llsr                             0x08000787   Thumb Code    32  llushr.o(.text)
    _ll_ushift_r                             0x08000787   Thumb Code     0  llushr.o(.text)
    __aeabi_lasr                             0x080007a7   Thumb Code    36  llsshr.o(.text)
    _ll_sshift_r                             0x080007a7   Thumb Code     0  llsshr.o(.text)
    __I$use$fp                               0x080007cb   Thumb Code     0  iusefp.o(.text)
    _float_round                             0x080007cb   Thumb Code    18  fepilogue.o(.text)
    _float_epilogue                          0x080007dd   Thumb Code    92  fepilogue.o(.text)
    _double_round                            0x08000839   Thumb Code    30  depilogue.o(.text)
    _double_epilogue                         0x08000857   Thumb Code   156  depilogue.o(.text)
    __scatterload                            0x080008f5   Thumb Code    28  init.o(.text)
    __scatterload_rt2                        0x080008f5   Thumb Code     0  init.o(.text)
    __decompress                             0x08000919   Thumb Code     0  __dczerorl2.o(.text)
    __decompress1                            0x08000919   Thumb Code    86  __dczerorl2.o(.text)
    AdCircle                                 0x08000971   Thumb Code    20  turn.o(i.AdCircle)
    Barrier_Bridge                           0x08000989   Thumb Code   368  barrier.o(i.Barrier_Bridge)
    Barrier_Down_HighMountain                0x08000b35   Thumb Code   352  barrier.o(i.Barrier_Down_HighMountain)
    Barrier_HighMountain                     0x08000cb5   Thumb Code   552  barrier.o(i.Barrier_HighMountain)
    Barrier_Hill                             0x08000f19   Thumb Code   120  barrier.o(i.Barrier_Hill)
    Barrier_WavedPlate                       0x08000fb1   Thumb Code   116  barrier.o(i.Barrier_WavedPlate)
    BusFault_Handler                         0x08001041   Thumb Code     2  stm32f7xx_it.o(i.BusFault_Handler)
    CarBrake                                 0x08001045   Thumb Code    24  speed_ctrl.o(i.CarBrake)
    Cross                                    0x08001065   Thumb Code   972  map.o(i.Cross)
    DebugMon_Handler                         0x0800149d   Thumb Code     2  stm32f7xx_it.o(i.DebugMon_Handler)
    Encoder_init                             0x080014a1   Thumb Code   776  encoder.o(i.Encoder_init)
    Error_Handler                            0x080017bd   Thumb Code     4  main.o(i.Error_Handler)
    Go_Line                                  0x080017c1   Thumb Code   108  scaner.o(i.Go_Line)
    HAL_DMA_Abort                            0x08001851   Thumb Code   146  stm32f7xx_hal_dma.o(i.HAL_DMA_Abort)
    HAL_DMA_Abort_IT                         0x080018e3   Thumb Code    36  stm32f7xx_hal_dma.o(i.HAL_DMA_Abort_IT)
    HAL_Delay                                0x08001909   Thumb Code    32  stm32f7xx_hal.o(i.HAL_Delay)
    HAL_GPIO_Init                            0x0800192d   Thumb Code   530  stm32f7xx_hal_gpio.o(i.HAL_GPIO_Init)
    HAL_GPIO_ReadPin                         0x08001b75   Thumb Code    10  stm32f7xx_hal_gpio.o(i.HAL_GPIO_ReadPin)
    HAL_GPIO_TogglePin                       0x08001b7f   Thumb Code    16  stm32f7xx_hal_gpio.o(i.HAL_GPIO_TogglePin)
    HAL_GPIO_WritePin                        0x08001b8f   Thumb Code    10  stm32f7xx_hal_gpio.o(i.HAL_GPIO_WritePin)
    HAL_GetTick                              0x08001b99   Thumb Code     6  stm32f7xx_hal.o(i.HAL_GetTick)
    HAL_IncTick                              0x08001ba5   Thumb Code    12  stm32f7xx_hal.o(i.HAL_IncTick)
    HAL_Init                                 0x08001bb5   Thumb Code    22  stm32f7xx_hal.o(i.HAL_Init)
    HAL_InitTick                             0x08001bcd   Thumb Code   100  stm32f7xx_hal_timebase_tim.o(i.HAL_InitTick)
    HAL_MspInit                              0x08001c41   Thumb Code    52  stm32f7xx_hal_msp.o(i.HAL_MspInit)
    HAL_NVIC_EnableIRQ                       0x08001c79   Thumb Code    26  stm32f7xx_hal_cortex.o(i.HAL_NVIC_EnableIRQ)
    HAL_NVIC_SetPriority                     0x08001c95   Thumb Code    60  stm32f7xx_hal_cortex.o(i.HAL_NVIC_SetPriority)
    HAL_NVIC_SetPriorityGrouping             0x08001cd5   Thumb Code    28  stm32f7xx_hal_cortex.o(i.HAL_NVIC_SetPriorityGrouping)
    HAL_PWREx_EnableOverDrive                0x08001cf9   Thumb Code   100  stm32f7xx_hal_pwr_ex.o(i.HAL_PWREx_EnableOverDrive)
    HAL_RCCEx_PeriphCLKConfig                0x08001d65   Thumb Code  1276  stm32f7xx_hal_rcc_ex.o(i.HAL_RCCEx_PeriphCLKConfig)
    HAL_RCC_ClockConfig                      0x08002261   Thumb Code   284  stm32f7xx_hal_rcc.o(i.HAL_RCC_ClockConfig)
    HAL_RCC_GetClockConfig                   0x08002391   Thumb Code    56  stm32f7xx_hal_rcc.o(i.HAL_RCC_GetClockConfig)
    HAL_RCC_GetPCLK1Freq                     0x080023d1   Thumb Code    20  stm32f7xx_hal_rcc.o(i.HAL_RCC_GetPCLK1Freq)
    HAL_RCC_GetPCLK2Freq                     0x080023f1   Thumb Code    20  stm32f7xx_hal_rcc.o(i.HAL_RCC_GetPCLK2Freq)
    HAL_RCC_GetSysClockFreq                  0x08002411   Thumb Code    88  stm32f7xx_hal_rcc.o(i.HAL_RCC_GetSysClockFreq)
    HAL_RCC_OscConfig                        0x08002471   Thumb Code   888  stm32f7xx_hal_rcc.o(i.HAL_RCC_OscConfig)
    HAL_TIMEx_Break2Callback                 0x080027f5   Thumb Code     2  stm32f7xx_hal_tim_ex.o(i.HAL_TIMEx_Break2Callback)
    HAL_TIMEx_BreakCallback                  0x080027f7   Thumb Code     2  stm32f7xx_hal_tim_ex.o(i.HAL_TIMEx_BreakCallback)
    HAL_TIMEx_CommutCallback                 0x080027f9   Thumb Code     2  stm32f7xx_hal_tim_ex.o(i.HAL_TIMEx_CommutCallback)
    HAL_TIMEx_ConfigBreakDeadTime            0x080027fd   Thumb Code   150  stm32f7xx_hal_tim_ex.o(i.HAL_TIMEx_ConfigBreakDeadTime)
    HAL_TIMEx_MasterConfigSynchronization    0x0800289d   Thumb Code   134  stm32f7xx_hal_tim_ex.o(i.HAL_TIMEx_MasterConfigSynchronization)
    HAL_TIM_Base_Init                        0x08002941   Thumb Code    98  stm32f7xx_hal_tim.o(i.HAL_TIM_Base_Init)
    HAL_TIM_Base_MspInit                     0x080029a5   Thumb Code   214  tim.o(i.HAL_TIM_Base_MspInit)
    HAL_TIM_Base_Start_IT                    0x08002a95   Thumb Code   106  stm32f7xx_hal_tim.o(i.HAL_TIM_Base_Start_IT)
    HAL_TIM_ConfigClockSource                0x08002b21   Thumb Code   220  stm32f7xx_hal_tim.o(i.HAL_TIM_ConfigClockSource)
    HAL_TIM_IC_CaptureCallback               0x08002c01   Thumb Code  2114  encoder.o(i.HAL_TIM_IC_CaptureCallback)
    HAL_TIM_IC_ConfigChannel                 0x08003443   Thumb Code   290  stm32f7xx_hal_tim.o(i.HAL_TIM_IC_ConfigChannel)
    HAL_TIM_IC_Init                          0x08003565   Thumb Code    98  stm32f7xx_hal_tim.o(i.HAL_TIM_IC_Init)
    HAL_TIM_IC_MspInit                       0x080035c7   Thumb Code     2  stm32f7xx_hal_tim.o(i.HAL_TIM_IC_MspInit)
    HAL_TIM_IC_Start_IT                      0x080035c9   Thumb Code   292  stm32f7xx_hal_tim.o(i.HAL_TIM_IC_Start_IT)
    HAL_TIM_IC_Stop_IT                       0x0800370d   Thumb Code   182  stm32f7xx_hal_tim.o(i.HAL_TIM_IC_Stop_IT)
    HAL_TIM_IRQHandler                       0x080037c3   Thumb Code   386  stm32f7xx_hal_tim.o(i.HAL_TIM_IRQHandler)
    HAL_TIM_MspPostInit                      0x08003945   Thumb Code   112  tim.o(i.HAL_TIM_MspPostInit)
    HAL_TIM_OC_DelayElapsedCallback          0x080039c5   Thumb Code     2  stm32f7xx_hal_tim.o(i.HAL_TIM_OC_DelayElapsedCallback)
    HAL_TIM_PWM_ConfigChannel                0x080039c7   Thumb Code   292  stm32f7xx_hal_tim.o(i.HAL_TIM_PWM_ConfigChannel)
    HAL_TIM_PWM_Init                         0x08003aeb   Thumb Code    98  stm32f7xx_hal_tim.o(i.HAL_TIM_PWM_Init)
    HAL_TIM_PWM_MspInit                      0x08003b4d   Thumb Code     2  stm32f7xx_hal_tim.o(i.HAL_TIM_PWM_MspInit)
    HAL_TIM_PWM_PulseFinishedCallback        0x08003b4f   Thumb Code     2  stm32f7xx_hal_tim.o(i.HAL_TIM_PWM_PulseFinishedCallback)
    HAL_TIM_PWM_Start                        0x08003b51   Thumb Code   216  stm32f7xx_hal_tim.o(i.HAL_TIM_PWM_Start)
    HAL_TIM_PWM_Start_IT                     0x08003c49   Thumb Code   262  stm32f7xx_hal_tim.o(i.HAL_TIM_PWM_Start_IT)
    HAL_TIM_PeriodElapsedCallback            0x08003d71   Thumb Code    14  main.o(i.HAL_TIM_PeriodElapsedCallback)
    HAL_TIM_TriggerCallback                  0x08003d85   Thumb Code     2  stm32f7xx_hal_tim.o(i.HAL_TIM_TriggerCallback)
    HAL_UARTEx_RxEventCallback               0x08003d87   Thumb Code     2  stm32f7xx_hal_uart.o(i.HAL_UARTEx_RxEventCallback)
    HAL_UART_ErrorCallback                   0x08003d89   Thumb Code     2  stm32f7xx_hal_uart.o(i.HAL_UART_ErrorCallback)
    HAL_UART_GetState                        0x08003d8b   Thumb Code    10  stm32f7xx_hal_uart.o(i.HAL_UART_GetState)
    HAL_UART_IRQHandler                      0x08003d95   Thumb Code   630  stm32f7xx_hal_uart.o(i.HAL_UART_IRQHandler)
    HAL_UART_Init                            0x08004015   Thumb Code   102  stm32f7xx_hal_uart.o(i.HAL_UART_Init)
    HAL_UART_MspInit                         0x0800407d   Thumb Code   498  usart.o(i.HAL_UART_MspInit)
    HAL_UART_Receive_IT                      0x080042a1   Thumb Code    72  stm32f7xx_hal_uart.o(i.HAL_UART_Receive_IT)
    HAL_UART_RxCpltCallback                  0x080042e9   Thumb Code    76  uart.o(i.HAL_UART_RxCpltCallback)
    HAL_UART_TxCpltCallback                  0x08004341   Thumb Code     2  stm32f7xx_hal_uart.o(i.HAL_UART_TxCpltCallback)
    HardFault_Handler                        0x08004343   Thumb Code     2  stm32f7xx_it.o(i.HardFault_Handler)
    IIC_Ack                                  0x08004345   Thumb Code    70  iic.o(i.IIC_Ack)
    IIC_Init                                 0x08004391   Thumb Code    72  iic.o(i.IIC_Init)
    IIC_NAck                                 0x080043e1   Thumb Code    70  iic.o(i.IIC_NAck)
    IIC_Read_Byte                            0x0800442d   Thumb Code   106  iic.o(i.IIC_Read_Byte)
    IIC_Send_Byte                            0x0800449d   Thumb Code   106  iic.o(i.IIC_Send_Byte)
    IIC_Start                                0x0800450d   Thumb Code    70  iic.o(i.IIC_Start)
    IIC_Stop                                 0x08004559   Thumb Code    72  iic.o(i.IIC_Stop)
    IIC_Wait_Ack                             0x080045a5   Thumb Code    96  iic.o(i.IIC_Wait_Ack)
    Line_Scan                                0x08004609   Thumb Code   332  scaner.o(i.Line_Scan)
    MX_FREERTOS_Init                         0x08004765   Thumb Code     2  freertos.o(i.MX_FREERTOS_Init)
    MX_GPIO_Init                             0x08004769   Thumb Code   292  gpio.o(i.MX_GPIO_Init)
    MX_TIM1_Init                             0x080048a5   Thumb Code   252  tim.o(i.MX_TIM1_Init)
    MX_TIM2_Init                             0x080049a9   Thumb Code   194  tim.o(i.MX_TIM2_Init)
    MX_TIM3_Init                             0x08004a71   Thumb Code   190  tim.o(i.MX_TIM3_Init)
    MX_USART2_UART_Init                      0x08004b39   Thumb Code    52  usart.o(i.MX_USART2_UART_Init)
    MX_USART3_UART_Init                      0x08004b75   Thumb Code    52  usart.o(i.MX_USART3_UART_Init)
    MX_USART6_UART_Init                      0x08004bb1   Thumb Code    52  usart.o(i.MX_USART6_UART_Init)
    MemManage_Handler                        0x08004bed   Thumb Code     2  stm32f7xx_it.o(i.MemManage_Handler)
    NMI_Handler                              0x08004bef   Thumb Code     2  stm32f7xx_it.o(i.NMI_Handler)
    QQB_1                                    0x08004bf1   Thumb Code   748  barrier.o(i.QQB_1)
    Rudder_Init                              0x08004f31   Thumb Code   118  rudder_control.o(i.Rudder_Init)
    Rudder_ReadOneByte                       0x08004fb1   Thumb Code    58  rudder_control.o(i.Rudder_ReadOneByte)
    Rudder_WriteOneByte                      0x08004feb   Thumb Code    54  rudder_control.o(i.Rudder_WriteOneByte)
    Rudder_control                           0x08005021   Thumb Code   182  rudder_control.o(i.Rudder_control)
    SDA                                      0x080050d9   Thumb Code    66  iic.o(i.SDA)
    S_curve                                  0x08005121   Thumb Code   230  barrier.o(i.S_curve)
    South_Pole                               0x0800523d   Thumb Code   410  barrier.o(i.South_Pole)
    Special_Node                             0x08005419   Thumb Code   442  barrier.o(i.Special_Node)
    Stage                                    0x080055f9   Thumb Code   392  barrier.o(i.Stage)
    Stage_P2                                 0x080057b9   Thumb Code   116  barrier.o(i.Stage_P2)
    Start_task                               0x08005851   Thumb Code    30  temporary_task.o(i.Start_task)
    Start_task_create                        0x08005875   Thumb Code    24  task_create.o(i.Start_task_create)
    Sword_Mountain                           0x080058a1   Thumb Code   200  barrier.o(i.Sword_Mountain)
    SysTick_Handler                          0x08005995   Thumb Code    42  port.o(i.SysTick_Handler)
    SystemClock_Config                       0x080059c5   Thumb Code   188  main.o(i.SystemClock_Config)
    SystemInit                               0x08005a89   Thumb Code    12  system_stm32f7xx.o(i.SystemInit)
    TIM1_UP_TIM10_IRQHandler                 0x08005a99   Thumb Code     6  stm32f7xx_it.o(i.TIM1_UP_TIM10_IRQHandler)
    TIM2_IRQHandler                          0x08005aa5   Thumb Code     6  stm32f7xx_it.o(i.TIM2_IRQHandler)
    TIM3_IRQHandler                          0x08005ab1   Thumb Code     6  stm32f7xx_it.o(i.TIM3_IRQHandler)
    TIM4_IRQHandler                          0x08005abd   Thumb Code    44  usmart.o(i.TIM4_IRQHandler)
    TIM5_IRQHandler                          0x08005af1   Thumb Code    28  sin_generate.o(i.TIM5_IRQHandler)
    TIM7_IRQHandler                          0x08005b15   Thumb Code    86  delay.o(i.TIM7_IRQHandler)
    TIM8_TRG_COM_TIM14_IRQHandler            0x08005b81   Thumb Code     6  stm32f7xx_it.o(i.TIM8_TRG_COM_TIM14_IRQHandler)
    TIM_Base_SetConfig                       0x08005b8d   Thumb Code   158  stm32f7xx_hal_tim.o(i.TIM_Base_SetConfig)
    TIM_CCxChannelCmd                        0x08005c59   Thumb Code    26  stm32f7xx_hal_tim.o(i.TIM_CCxChannelCmd)
    TIM_ETR_SetConfig                        0x08005c73   Thumb Code    18  stm32f7xx_hal_tim.o(i.TIM_ETR_SetConfig)
    TIM_OC2_SetConfig                        0x08005d09   Thumb Code   108  stm32f7xx_hal_tim.o(i.TIM_OC2_SetConfig)
    TIM_TI1_SetConfig                        0x08005f25   Thumb Code   100  stm32f7xx_hal_tim.o(i.TIM_TI1_SetConfig)
    Timer4_Init                              0x08006001   Thumb Code    68  usmart.o(i.Timer4_Init)
    Timer5_Init                              0x08006051   Thumb Code    72  sin_generate.o(i.Timer5_Init)
    Turn_Angle                               0x080060a5   Thumb Code   176  turn.o(i.Turn_Angle)
    Turn_Angle360                            0x08006171   Thumb Code   144  turn.o(i.Turn_Angle360)
    Turn_Angle_Relative                      0x08006211   Thumb Code    64  turn.o(i.Turn_Angle_Relative)
    UART4_IRQHandler                         0x08006261   Thumb Code   224  imu_task.o(i.UART4_IRQHandler)
    UART7_IRQHandler                         0x08006359   Thumb Code    58  openmv.o(i.UART7_IRQHandler)
    UART_AdvFeatureConfig                    0x0800639d   Thumb Code   200  stm32f7xx_hal_uart.o(i.UART_AdvFeatureConfig)
    UART_CheckIdleState                      0x08006465   Thumb Code    64  stm32f7xx_hal_uart.o(i.UART_CheckIdleState)
    UART_SetConfig                           0x08006641   Thumb Code   516  stm32f7xx_hal_uart.o(i.UART_SetConfig)
    UART_Start_Receive_IT                    0x08006871   Thumb Code   176  stm32f7xx_hal_uart.o(i.UART_Start_Receive_IT)
    UART_WaitOnFlagUntilTimeout              0x08006929   Thumb Code   202  stm32f7xx_hal_uart.o(i.UART_WaitOnFlagUntilTimeout)
    USART1_IRQHandler                        0x080069f5   Thumb Code    56  uart.o(i.USART1_IRQHandler)
    USART2_IRQHandler                        0x08006a39   Thumb Code     6  stm32f7xx_it.o(i.USART2_IRQHandler)
    USART3_IRQHandler                        0x08006a45   Thumb Code     6  stm32f7xx_it.o(i.USART3_IRQHandler)
    USART6_IRQHandler                        0x08006a51   Thumb Code     6  stm32f7xx_it.o(i.USART6_IRQHandler)
    UsageFault_Handler                       0x08006a5d   Thumb Code     2  stm32f7xx_it.o(i.UsageFault_Handler)
    __0printf$8                              0x08006a61   Thumb Code    22  printf8.o(i.__0printf$8)
    __1printf$8                              0x08006a61   Thumb Code     0  printf8.o(i.__0printf$8)
    __2printf                                0x08006a61   Thumb Code     0  printf8.o(i.__0printf$8)
    __scatterload_copy                       0x08006aa3   Thumb Code    14  handlers.o(i.__scatterload_copy)
    __scatterload_null                       0x08006ab1   Thumb Code     2  handlers.o(i.__scatterload_null)
    __scatterload_zeroinit                   0x08006ab3   Thumb Code    14  handlers.o(i.__scatterload_zeroinit)
    back                                     0x08006f19   Thumb Code   112  barrier.o(i.back)
    buzzer_off                               0x08006fad   Thumb Code    24  bsp_buzzer.o(i.buzzer_off)
    buzzer_on                                0x08006fc9   Thumb Code    22  bsp_buzzer.o(i.buzzer_on)
    chage_target                             0x08006fe5   Thumb Code    12  pid.o(i.chage_target)
    deal_arrive                              0x08006ff9   Thumb Code   320  map.o(i.deal_arrive)
    delay_init                               0x08007145   Thumb Code    72  delay.o(i.delay_init)
    delay_ms                                 0x08007199   Thumb Code    28  delay.o(i.delay_ms)
    delay_us                                 0x080071b5   Thumb Code    14  delay.o(i.delay_us)
    door                                     0x080071c9   Thumb Code   628  barrier.o(i.door)
    encoder_clear                            0x08007475   Thumb Code   118  encoder.o(i.encoder_clear)
    fputc                                    0x080074f9   Thumb Code    14  uart.o(i.fputc)
    getAngleZ                                0x0800750d   Thumb Code    50  turn.o(i.getAngleZ)
    getNextConnectNode                       0x08007551   Thumb Code    42  map.o(i.getNextConnectNode)
    get_detail                               0x08007589   Thumb Code   208  scaner.o(i.get_detail)
    get_motor_speed                          0x0800766d   Thumb Code   238  motor_task.o(i.get_motor_speed)
    getline_error                            0x0800777d   Thumb Code    28  scaner.o(i.getline_error)
    gradual_cal                              0x080077a1   Thumb Code    82  speed_ctrl.o(i.gradual_cal)
    gyro_init                                0x080077f5   Thumb Code    42  imu_task.o(i.gyro_init)
    ignore_node                              0x08007829   Thumb Code    16  barrier.o(i.ignore_node)
    incremental_PID                          0x0800783d   Thumb Code   176  pid.o(i.incremental_PID)
    infrared_open                            0x080078f1   Thumb Code    92  bsp_linefollower.o(i.infrared_open)
    main                                     0x08007959   Thumb Code   130  main.o(i.main)
    main_task                                0x080079e5   Thumb Code    22  main_task.o(i.main_task)
    main_task_create                         0x080079fd   Thumb Code    26  task_create.o(i.main_task_create)
    mapInit                                  0x08007a2d   Thumb Code    38  map.o(i.mapInit)
    map_function                             0x08007a61   Thumb Code   126  map.o(i.map_function)
    motor_init                               0x08007af5   Thumb Code    74  motor.o(i.motor_init)
    motor_pid_clear                          0x08007b49   Thumb Code    86  pid.o(i.motor_pid_clear)
    motor_set_pwm                            0x08007ba5   Thumb Code   116  motor.o(i.motor_set_pwm)
    motor_task                               0x08007c1d   Thumb Code   644  motor_task.o(i.motor_task)
    motor_task_create                        0x08007f09   Thumb Code    26  motor_task.o(i.motor_task_create)
    mpuZreset                                0x08007f39   Thumb Code    14  turn.o(i.mpuZreset)
    mv_init                                  0x08007f4d   Thumb Code    32  openmv.o(i.mv_init)
    need2turn                                0x08007f75   Thumb Code    40  turn.o(i.need2turn)
    osKernelStart                            0x08007fa9   Thumb Code    10  cmsis_os.o(i.osKernelStart)
    pid_init                                 0x08007fb5   Thumb Code   250  pid.o(i.pid_init)
    pid_mode_switch                          0x080080d5   Thumb Code   202  motor_task.o(i.pid_mode_switch)
    positional_PID                           0x080081b9   Thumb Code   156  pid.o(i.positional_PID)
    pvPortMalloc                             0x080085b9   Thumb Code   222  heap_4.o(i.pvPortMalloc)
    pxPortInitialiseStack                    0x0800869d   Thumb Code    42  port.o(i.pxPortInitialiseStack)
    read_addr                                0x080086cd   Thumb Code     4  usmart.o(i.read_addr)
    route_reset                              0x080086d1   Thumb Code   402  barrier.o(i.route_reset)
    runWithAngle                             0x08008889   Thumb Code   130  turn.o(i.runWithAngle)
    speed_pid_kd                             0x08008921   Thumb Code    34  pid.o(i.speed_pid_kd)
    speed_pid_ki                             0x08008951   Thumb Code    34  pid.o(i.speed_pid_ki)
    speed_pid_kp                             0x08008981   Thumb Code    34  pid.o(i.speed_pid_kp)
    uart_init                                0x080089b1   Thumb Code    44  uart.o(i.uart_init)
    undermou                                 0x080089e9   Thumb Code   122  barrier.o(i.undermou)
    user_init                                0x08008a85   Thumb Code   112  temporary_task.o(i.user_init)
    usmart_cmd_rec                           0x08008b01   Thumb Code   142  usmart.o(i.usmart_cmd_rec)
    usmart_exe                               0x08008b95   Thumb Code   514  usmart.o(i.usmart_exe)
    usmart_get_aparm                         0x08008df9   Thumb Code   166  usmart_str.o(i.usmart_get_aparm)
    usmart_get_cmdname                       0x08008e9f   Thumb Code    46  usmart_str.o(i.usmart_get_cmdname)
    usmart_get_fname                         0x08008ecd   Thumb Code   362  usmart_str.o(i.usmart_get_fname)
    usmart_get_fparam                        0x08009041   Thumb Code   222  usmart_str.o(i.usmart_get_fparam)
    usmart_get_parmpos                       0x08009125   Thumb Code    30  usmart_str.o(i.usmart_get_parmpos)
    usmart_get_runtime                       0x08009149   Thumb Code    42  usmart.o(i.usmart_get_runtime)
    usmart_init                              0x0800917d   Thumb Code    36  usmart.o(i.usmart_init)
    usmart_pid                               0x080091a5   Thumb Code     2  pid.o(i.usmart_pid)
    usmart_pow                               0x080091a7   Thumb Code    16  usmart_str.o(i.usmart_pow)
    usmart_reset_runtime                     0x080091b9   Thumb Code    34  usmart.o(i.usmart_reset_runtime)
    usmart_scan                              0x080091e5   Thumb Code    94  usmart.o(i.usmart_scan)
    usmart_search_nextc                      0x08009289   Thumb Code    16  usmart_str.o(i.usmart_search_nextc)
    usmart_str2num                           0x08009299   Thumb Code   216  usmart_str.o(i.usmart_str2num)
    usmart_strcmp                            0x08009371   Thumb Code    24  usmart_str.o(i.usmart_strcmp)
    usmart_strcopy                           0x08009389   Thumb Code    18  usmart_str.o(i.usmart_strcopy)
    usmart_strlen                            0x0800939b   Thumb Code    18  usmart_str.o(i.usmart_strlen)
    usmart_sys_cmd_exe                       0x080093ad   Thumb Code  1458  usmart.o(i.usmart_sys_cmd_exe)
    uxListRemove                             0x08009a2d   Thumb Code    38  list.o(i.uxListRemove)
    vApplicationGetIdleTaskMemory            0x08009a55   Thumb Code    18  freertos.o(i.vApplicationGetIdleTaskMemory)
    vListInitialise                          0x08009a6d   Thumb Code    22  list.o(i.vListInitialise)
    vListInitialiseItem                      0x08009a83   Thumb Code     6  list.o(i.vListInitialiseItem)
    vListInsert                              0x08009a89   Thumb Code    48  list.o(i.vListInsert)
    vListInsertEnd                           0x08009ab9   Thumb Code    24  list.o(i.vListInsertEnd)
    vPortEnterCritical                       0x08009ad1   Thumb Code    62  port.o(i.vPortEnterCritical)
    vPortExitCritical                        0x08009b19   Thumb Code    38  port.o(i.vPortExitCritical)
    vPortFree                                0x08009b45   Thumb Code    96  heap_4.o(i.vPortFree)
    vPortSetupTimerInterrupt                 0x08009ba9   Thumb Code    32  port.o(i.vPortSetupTimerInterrupt)
    vTaskDelay                               0x08009bcd   Thumb Code    70  tasks.o(i.vTaskDelay)
    vTaskDelayUntil                          0x08009c1d   Thumb Code   144  tasks.o(i.vTaskDelayUntil)
    vTaskDelete                              0x08009cb5   Thumb Code   162  tasks.o(i.vTaskDelete)
    vTaskStartScheduler                      0x08009d65   Thumb Code    94  tasks.o(i.vTaskStartScheduler)
    vTaskSuspendAll                          0x08009dd5   Thumb Code    10  tasks.o(i.vTaskSuspendAll)
    vTaskSwitchContext                       0x08009de5   Thumb Code    86  tasks.o(i.vTaskSwitchContext)
    view                                     0x08009e45   Thumb Code   172  barrier.o(i.view)
    view1                                    0x08009f21   Thumb Code    52  barrier.o(i.view1)
    write_addr                               0x08009f5d   Thumb Code     4  usmart.o(i.write_addr)
    xPortStartScheduler                      0x08009f61   Thumb Code   176  port.o(i.xPortStartScheduler)
    xTaskCreate                              0x0800a021   Thumb Code    90  tasks.o(i.xTaskCreate)
    xTaskCreateStatic                        0x0800a07b   Thumb Code    94  tasks.o(i.xTaskCreateStatic)
    xTaskGetTickCount                        0x0800a0d9   Thumb Code     6  tasks.o(i.xTaskGetTickCount)
    xTaskIncrementTick                       0x0800a0e5   Thumb Code   196  tasks.o(i.xTaskIncrementTick)
    xTaskResumeAll                           0x0800a1b1   Thumb Code   188  tasks.o(i.xTaskResumeAll)
    AHBPrescTable                            0x0800a278   Data          16  system_stm32f7xx.o(.constdata)
    APBPrescTable                            0x0800a288   Data           8  system_stm32f7xx.o(.constdata)
    line_weight                              0x0800a2ac   Data          64  scaner.o(.constdata)
    Region$$Table$$Base                      0x0800a434   Number         0  anon$$obj.o(Region$$Table)
    Region$$Table$$Limit                     0x0800a454   Number         0  anon$$obj.o(Region$$Table)
    uwTickFreq                               0x20000000   Data           1  stm32f7xx_hal.o(.data)
    uwTickPrio                               0x20000004   Data           4  stm32f7xx_hal.o(.data)
    uwTick                                   0x20000008   Data           4  stm32f7xx_hal.o(.data)
    SystemCoreClock                          0x2000000c   Data           4  system_stm32f7xx.o(.data)
    pxCurrentTCB                             0x20000010   Data           4  tasks.o(.data)
    Start_handler                            0x20000074   Data           4  task_create.o(.data)
    main_handler                             0x20000078   Data           4  task_create.o(.data)
    sin1                                     0x2000007c   Data          16  sin_generate.o(.data)
    aRxBuffer                                0x2000008c   Data           1  uart.o(.data)
    USART_RX_STA                             0x2000008e   Data           2  uart.o(.data)
    __stdout                                 0x20000090   Data           4  uart.o(.data)
    sys_cmd_tab                              0x20000094   Data          28  usmart.o(.data)
    usmart_nametab                           0x200000b0   Data          64  usmart_config.o(.data)
    usmart_dev                               0x200000f0   Data         244  usmart_config.o(.data)
    capture_Cnt                              0x200001e4   Data           4  encoder.o(.data)
    level_before                             0x200001e8   Data           4  encoder.o(.data)
    level_latter                             0x200001ec   Data           4  encoder.o(.data)
    frist_flag                               0x200001f0   Data           4  encoder.o(.data)
    temp_i                                   0x200001f4   Data           4  encoder.o(.data)
    dog                                      0x200001f8   Data           4  encoder.o(.data)
    line_gyro_switch                         0x200001fc   Data           1  motor_task.o(.data)
    PIDMode                                  0x200001fe   Data           1  motor_task.o(.data)
    motor_handler                            0x20000200   Data           4  motor_task.o(.data)
    dirct                                    0x20000204   Data          16  motor_task.o(.data)
    infrared                                 0x20000216   Data           4  bsp_linefollower.o(.data)
    color                                    0x2000021d   Data           1  openmv.o(.data)
    special_arrive                           0x20000224   Data           1  barrier.o(.data)
    value                                    0x20000226   Data           1  barrier.o(.data)
    map                                      0x20000229   Data           2  map.o(.data)
    route                                    0x20000230   Data         100  map.o(.data)
    door1route                               0x20000294   Data         100  map.o(.data)
    door2route                               0x200002f8   Data         100  map.o(.data)
    door3route                               0x2000035c   Data         100  map.o(.data)
    door4route                               0x200003c0   Data         100  map.o(.data)
    Node                                     0x20000424   Data        2520  map_message.o(.data)
    ConnectionNum                            0x20000dfc   Data          52  map_message.o(.data)
    Address                                  0x20000e30   Data          53  map_message.o(.data)
    scaner_set                               0x20000e68   Data           8  scaner.o(.data)
    motor_all                                0x20000e70   Data          44  speed_ctrl.o(.data)
    angle                                    0x20000e9c   Data           8  turn.o(.data)
    htim1                                    0x200010f8   Data          76  tim.o(.bss)
    htim2                                    0x20001144   Data          76  tim.o(.bss)
    htim3                                    0x20001190   Data          76  tim.o(.bss)
    huart2                                   0x200011dc   Data         132  usart.o(.bss)
    huart3                                   0x20001260   Data         132  usart.o(.bss)
    huart6                                   0x200012e4   Data         132  usart.o(.bss)
    htim14                                   0x20001368   Data          76  stm32f7xx_hal_timebase_tim.o(.bss)
    TIM7_Handler                             0x200050a4   Data          76  delay.o(.bss)
    motor_L0                                 0x200050f0   Data          24  pid.o(.bss)
    motor_L1                                 0x20005108   Data          24  pid.o(.bss)
    motor_R0                                 0x20005120   Data          24  pid.o(.bss)
    motor_R1                                 0x20005138   Data          24  pid.o(.bss)
    motor_pid_paramL0                        0x20005150   Data          28  pid.o(.bss)
    motor_pid_paramL1                        0x2000516c   Data          28  pid.o(.bss)
    motor_pid_paramR0                        0x20005188   Data          28  pid.o(.bss)
    motor_pid_paramR1                        0x200051a4   Data          28  pid.o(.bss)
    line_pid_param                           0x200051c0   Data          28  pid.o(.bss)
    gyroT_pid_param                          0x200051dc   Data          28  pid.o(.bss)
    gyroG_pid_param                          0x200051f8   Data          28  pid.o(.bss)
    line_pid_obj                             0x20005214   Data          28  pid.o(.bss)
    gyroT_pid                                0x20005230   Data          28  pid.o(.bss)
    gyroG_pid                                0x2000524c   Data          28  pid.o(.bss)
    TIM5_Handler                             0x20005268   Data          76  sin_generate.o(.bss)
    USART_RX_BUF                             0x200052b4   Data         200  uart.o(.bss)
    UART1_Handler                            0x2000537c   Data         132  uart.o(.bss)
    TIM4_Handler                             0x20005400   Data          76  usmart.o(.bss)
    capture_Buf_before                       0x2000544c   Data          16  encoder.o(.bss)
    capture_Buf_latter                       0x2000545c   Data          16  encoder.o(.bss)
    high_time                                0x2000546c   Data          16  encoder.o(.bss)
    real_time                                0x2000547c   Data          16  encoder.o(.bss)
    direction                                0x2000548c   Data          16  encoder.o(.bss)
    pulse_num                                0x2000549c   Data          16  encoder.o(.bss)
    pulse_out                                0x200054ac   Data          16  encoder.o(.bss)
    temp_time                                0x200054bc   Data         128  encoder.o(.bss)
    wheel_1                                  0x2000553c   Data          92  encoder.o(.bss)
    wheel_2                                  0x20005598   Data          92  encoder.o(.bss)
    wheel_3                                  0x200055f4   Data          92  encoder.o(.bss)
    wheel_4                                  0x20005650   Data          92  encoder.o(.bss)
    imu                                      0x200056b8   Data          20  imu_task.o(.bss)
    gyro                                     0x200056cc   Data         132  imu_task.o(.bss)
    mv                                       0x20005750   Data         132  openmv.o(.bss)
    nodesr                                   0x200057d4   Data          44  map.o(.bss)
    Scaner                                   0x20005800   Data          12  scaner.o(.bss)
    TC_speed                                 0x2000580c   Data          12  speed_ctrl.o(.bss)
    TG_speed                                 0x20005818   Data          12  speed_ctrl.o(.bss)
    __initial_sp                             0x20005c28   Data           0  startup_stm32f750xx.o(STACK)



==============================================================================

Memory Map of the image

  Image Entry point : 0x080001c9

  Load Region LR_IROM1 (Base: 0x08000000, Size: 0x0000b2f8, Max: 0x00010000, ABSOLUTE, COMPRESSED[0x0000a9a8])

    Execution Region ER_IROM1 (Exec base: 0x08000000, Load base: 0x08000000, Size: 0x0000a454, Max: 0x00010000, ABSOLUTE)

    Exec Addr    Load Addr    Size         Type   Attr      Idx    E Section Name        Object

    0x08000000   0x08000000   0x000001c8   Data   RO            3    RESET               startup_stm32f750xx.o
    0x080001c8   0x080001c8   0x00000000   Code   RO         6651  * .ARM.Collect$$$$00000000  mc_w.l(entry.o)
    0x080001c8   0x080001c8   0x00000004   Code   RO         6973    .ARM.Collect$$$$00000001  mc_w.l(entry2.o)
    0x080001cc   0x080001cc   0x00000004   Code   RO         6976    .ARM.Collect$$$$00000004  mc_w.l(entry5.o)
    0x080001d0   0x080001d0   0x00000000   Code   RO         6978    .ARM.Collect$$$$00000008  mc_w.l(entry7b.o)
    0x080001d0   0x080001d0   0x00000000   Code   RO         6980    .ARM.Collect$$$$0000000A  mc_w.l(entry8b.o)
    0x080001d0   0x080001d0   0x00000008   Code   RO         6981    .ARM.Collect$$$$0000000B  mc_w.l(entry9a.o)
    0x080001d8   0x080001d8   0x00000004   Code   RO         6988    .ARM.Collect$$$$0000000E  mc_w.l(entry12b.o)
    0x080001dc   0x080001dc   0x00000000   Code   RO         6983    .ARM.Collect$$$$0000000F  mc_w.l(entry10a.o)
    0x080001dc   0x080001dc   0x00000000   Code   RO         6985    .ARM.Collect$$$$00000011  mc_w.l(entry11a.o)
    0x080001dc   0x080001dc   0x00000004   Code   RO         6974    .ARM.Collect$$$$00002712  mc_w.l(entry2.o)
    0x080001e0   0x080001e0   0x000000c2   Code   RO         4968    .emb_text           port.o
    0x080002a2   0x080002a2   0x00000002   PAD
    0x080002a4   0x080002a4   0x00000024   Code   RO            4    .text               startup_stm32f750xx.o
    0x080002c8   0x080002c8   0x00000062   Code   RO         6654    .text               mc_w.l(uldiv.o)
    0x0800032a   0x0800032a   0x00000040   Code   RO         6658    .text               mc_w.l(memmovea.o)
    0x0800036a   0x0800036a   0x00000024   Code   RO         6662    .text               mc_w.l(memseta.o)
    0x0800038e   0x0800038e   0x0000014e   Code   RO         6929    .text               mf_w.l(dadd.o)
    0x080004dc   0x080004dc   0x000000e4   Code   RO         6931    .text               mf_w.l(dmul.o)
    0x080005c0   0x080005c0   0x000000de   Code   RO         6933    .text               mf_w.l(ddiv.o)
    0x0800069e   0x0800069e   0x00000022   Code   RO         6935    .text               mf_w.l(dflti.o)
    0x080006c0   0x080006c0   0x0000001a   Code   RO         6937    .text               mf_w.l(dfltui.o)
    0x080006da   0x080006da   0x00000026   Code   RO         6939    .text               mf_w.l(f2d.o)
    0x08000700   0x08000700   0x00000030   Code   RO         6941    .text               mf_w.l(cdrcmple.o)
    0x08000730   0x08000730   0x00000038   Code   RO         6943    .text               mf_w.l(d2f.o)
    0x08000768   0x08000768   0x0000001e   Code   RO         6991    .text               mc_w.l(llshl.o)
    0x08000786   0x08000786   0x00000020   Code   RO         6993    .text               mc_w.l(llushr.o)
    0x080007a6   0x080007a6   0x00000024   Code   RO         6995    .text               mc_w.l(llsshr.o)
    0x080007ca   0x080007ca   0x00000000   Code   RO         7004    .text               mc_w.l(iusefp.o)
    0x080007ca   0x080007ca   0x0000006e   Code   RO         7005    .text               mf_w.l(fepilogue.o)
    0x08000838   0x08000838   0x000000ba   Code   RO         7007    .text               mf_w.l(depilogue.o)
    0x080008f2   0x080008f2   0x00000002   PAD
    0x080008f4   0x080008f4   0x00000024   Code   RO         7023    .text               mc_w.l(init.o)
    0x08000918   0x08000918   0x00000056   Code   RO         7035    .text               mc_w.l(__dczerorl2.o)
    0x0800096e   0x0800096e   0x00000002   PAD
    0x08000970   0x08000970   0x00000018   Code   RO         6564    i.AdCircle          turn.o
    0x08000988   0x08000988   0x000001ac   Code   RO         6133    i.Barrier_Bridge    barrier.o
    0x08000b34   0x08000b34   0x00000180   Code   RO         6134    i.Barrier_Down_HighMountain  barrier.o
    0x08000cb4   0x08000cb4   0x00000264   Code   RO         6135    i.Barrier_HighMountain  barrier.o
    0x08000f18   0x08000f18   0x00000098   Code   RO         6136    i.Barrier_Hill      barrier.o
    0x08000fb0   0x08000fb0   0x00000090   Code   RO         6137    i.Barrier_WavedPlate  barrier.o
    0x08001040   0x08001040   0x00000002   Code   RO          445    i.BusFault_Handler  stm32f7xx_it.o
    0x08001042   0x08001042   0x00000002   PAD
    0x08001044   0x08001044   0x00000020   Code   RO         6526    i.CarBrake          speed_ctrl.o
    0x08001064   0x08001064   0x00000438   Code   RO         6314    i.Cross             map.o
    0x0800149c   0x0800149c   0x00000002   Code   RO          446    i.DebugMon_Handler  stm32f7xx_it.o
    0x0800149e   0x0800149e   0x00000002   PAD
    0x080014a0   0x080014a0   0x0000031c   Code   RO         5762    i.Encoder_init      encoder.o
    0x080017bc   0x080017bc   0x00000004   Code   RO           13    i.Error_Handler     main.o
    0x080017c0   0x080017c0   0x00000090   Code   RO         6476    i.Go_Line           scaner.o
    0x08001850   0x08001850   0x00000092   Code   RO         1156    i.HAL_DMA_Abort     stm32f7xx_hal_dma.o
    0x080018e2   0x080018e2   0x00000024   Code   RO         1157    i.HAL_DMA_Abort_IT  stm32f7xx_hal_dma.o
    0x08001906   0x08001906   0x00000002   PAD
    0x08001908   0x08001908   0x00000024   Code   RO         1523    i.HAL_Delay         stm32f7xx_hal.o
    0x0800192c   0x0800192c   0x00000248   Code   RO         1090    i.HAL_GPIO_Init     stm32f7xx_hal_gpio.o
    0x08001b74   0x08001b74   0x0000000a   Code   RO         1092    i.HAL_GPIO_ReadPin  stm32f7xx_hal_gpio.o
    0x08001b7e   0x08001b7e   0x00000010   Code   RO         1093    i.HAL_GPIO_TogglePin  stm32f7xx_hal_gpio.o
    0x08001b8e   0x08001b8e   0x0000000a   Code   RO         1094    i.HAL_GPIO_WritePin  stm32f7xx_hal_gpio.o
    0x08001b98   0x08001b98   0x0000000c   Code   RO         1531    i.HAL_GetTick       stm32f7xx_hal.o
    0x08001ba4   0x08001ba4   0x00000010   Code   RO         1537    i.HAL_IncTick       stm32f7xx_hal.o
    0x08001bb4   0x08001bb4   0x00000016   Code   RO         1538    i.HAL_Init          stm32f7xx_hal.o
    0x08001bca   0x08001bca   0x00000002   PAD
    0x08001bcc   0x08001bcc   0x00000074   Code   RO          569    i.HAL_InitTick      stm32f7xx_hal_timebase_tim.o
    0x08001c40   0x08001c40   0x00000038   Code   RO          545    i.HAL_MspInit       stm32f7xx_hal_msp.o
    0x08001c78   0x08001c78   0x0000001a   Code   RO          613    i.HAL_NVIC_EnableIRQ  stm32f7xx_hal_cortex.o
    0x08001c92   0x08001c92   0x00000002   PAD
    0x08001c94   0x08001c94   0x00000040   Code   RO          619    i.HAL_NVIC_SetPriority  stm32f7xx_hal_cortex.o
    0x08001cd4   0x08001cd4   0x00000024   Code   RO          620    i.HAL_NVIC_SetPriorityGrouping  stm32f7xx_hal_cortex.o
    0x08001cf8   0x08001cf8   0x0000006c   Code   RO         1430    i.HAL_PWREx_EnableOverDrive  stm32f7xx_hal_pwr_ex.o
    0x08001d64   0x08001d64   0x000004fc   Code   RO          851    i.HAL_RCCEx_PeriphCLKConfig  stm32f7xx_hal_rcc_ex.o
    0x08002260   0x08002260   0x00000130   Code   RO          744    i.HAL_RCC_ClockConfig  stm32f7xx_hal_rcc.o
    0x08002390   0x08002390   0x00000040   Code   RO          748    i.HAL_RCC_GetClockConfig  stm32f7xx_hal_rcc.o
    0x080023d0   0x080023d0   0x00000020   Code   RO          751    i.HAL_RCC_GetPCLK1Freq  stm32f7xx_hal_rcc.o
    0x080023f0   0x080023f0   0x00000020   Code   RO          752    i.HAL_RCC_GetPCLK2Freq  stm32f7xx_hal_rcc.o
    0x08002410   0x08002410   0x00000060   Code   RO          753    i.HAL_RCC_GetSysClockFreq  stm32f7xx_hal_rcc.o
    0x08002470   0x08002470   0x00000384   Code   RO          756    i.HAL_RCC_OscConfig  stm32f7xx_hal_rcc.o
    0x080027f4   0x080027f4   0x00000002   Code   RO         3006    i.HAL_TIMEx_Break2Callback  stm32f7xx_hal_tim_ex.o
    0x080027f6   0x080027f6   0x00000002   Code   RO         3007    i.HAL_TIMEx_BreakCallback  stm32f7xx_hal_tim_ex.o
    0x080027f8   0x080027f8   0x00000002   Code   RO         3008    i.HAL_TIMEx_CommutCallback  stm32f7xx_hal_tim_ex.o
    0x080027fa   0x080027fa   0x00000002   PAD
    0x080027fc   0x080027fc   0x000000a0   Code   RO         3010    i.HAL_TIMEx_ConfigBreakDeadTime  stm32f7xx_hal_tim_ex.o
    0x0800289c   0x0800289c   0x000000a4   Code   RO         3027    i.HAL_TIMEx_MasterConfigSynchronization  stm32f7xx_hal_tim_ex.o
    0x08002940   0x08002940   0x00000062   Code   RO         2292    i.HAL_TIM_Base_Init  stm32f7xx_hal_tim.o
    0x080029a2   0x080029a2   0x00000002   PAD
    0x080029a4   0x080029a4   0x000000f0   Code   RO          331    i.HAL_TIM_Base_MspInit  tim.o
    0x08002a94   0x08002a94   0x0000008c   Code   RO         2297    i.HAL_TIM_Base_Start_IT  stm32f7xx_hal_tim.o
    0x08002b20   0x08002b20   0x000000e0   Code   RO         2301    i.HAL_TIM_ConfigClockSource  stm32f7xx_hal_tim.o
    0x08002c00   0x08002c00   0x00000842   Code   RO         5763    i.HAL_TIM_IC_CaptureCallback  encoder.o
    0x08003442   0x08003442   0x00000122   Code   RO         2328    i.HAL_TIM_IC_ConfigChannel  stm32f7xx_hal_tim.o
    0x08003564   0x08003564   0x00000062   Code   RO         2331    i.HAL_TIM_IC_Init   stm32f7xx_hal_tim.o
    0x080035c6   0x080035c6   0x00000002   Code   RO         2333    i.HAL_TIM_IC_MspInit  stm32f7xx_hal_tim.o
    0x080035c8   0x080035c8   0x00000144   Code   RO         2336    i.HAL_TIM_IC_Start_IT  stm32f7xx_hal_tim.o
    0x0800370c   0x0800370c   0x000000b6   Code   RO         2339    i.HAL_TIM_IC_Stop_IT  stm32f7xx_hal_tim.o
    0x080037c2   0x080037c2   0x00000182   Code   RO         2340    i.HAL_TIM_IRQHandler  stm32f7xx_hal_tim.o
    0x08003944   0x08003944   0x00000080   Code   RO          332    i.HAL_TIM_MspPostInit  tim.o
    0x080039c4   0x080039c4   0x00000002   Code   RO         2343    i.HAL_TIM_OC_DelayElapsedCallback  stm32f7xx_hal_tim.o
    0x080039c6   0x080039c6   0x00000124   Code   RO         2364    i.HAL_TIM_PWM_ConfigChannel  stm32f7xx_hal_tim.o
    0x08003aea   0x08003aea   0x00000062   Code   RO         2367    i.HAL_TIM_PWM_Init  stm32f7xx_hal_tim.o
    0x08003b4c   0x08003b4c   0x00000002   Code   RO         2369    i.HAL_TIM_PWM_MspInit  stm32f7xx_hal_tim.o
    0x08003b4e   0x08003b4e   0x00000002   Code   RO         2370    i.HAL_TIM_PWM_PulseFinishedCallback  stm32f7xx_hal_tim.o
    0x08003b50   0x08003b50   0x000000f8   Code   RO         2372    i.HAL_TIM_PWM_Start  stm32f7xx_hal_tim.o
    0x08003c48   0x08003c48   0x00000128   Code   RO         2374    i.HAL_TIM_PWM_Start_IT  stm32f7xx_hal_tim.o
    0x08003d70   0x08003d70   0x00000014   Code   RO           14    i.HAL_TIM_PeriodElapsedCallback  main.o
    0x08003d84   0x08003d84   0x00000002   Code   RO         2383    i.HAL_TIM_TriggerCallback  stm32f7xx_hal_tim.o
    0x08003d86   0x08003d86   0x00000002   Code   RO         3294    i.HAL_UARTEx_RxEventCallback  stm32f7xx_hal_uart.o
    0x08003d88   0x08003d88   0x00000002   Code   RO         3310    i.HAL_UART_ErrorCallback  stm32f7xx_hal_uart.o
    0x08003d8a   0x08003d8a   0x0000000a   Code   RO         3312    i.HAL_UART_GetState  stm32f7xx_hal_uart.o
    0x08003d94   0x08003d94   0x00000280   Code   RO         3313    i.HAL_UART_IRQHandler  stm32f7xx_hal_uart.o
    0x08004014   0x08004014   0x00000066   Code   RO         3314    i.HAL_UART_Init     stm32f7xx_hal_uart.o
    0x0800407a   0x0800407a   0x00000002   PAD
    0x0800407c   0x0800407c   0x00000224   Code   RO          391    i.HAL_UART_MspInit  usart.o
    0x080042a0   0x080042a0   0x00000048   Code   RO         3319    i.HAL_UART_Receive_IT  stm32f7xx_hal_uart.o
    0x080042e8   0x080042e8   0x00000058   Code   RO         5508    i.HAL_UART_RxCpltCallback  uart.o
    0x08004340   0x08004340   0x00000002   Code   RO         3326    i.HAL_UART_TxCpltCallback  stm32f7xx_hal_uart.o
    0x08004342   0x08004342   0x00000002   Code   RO          447    i.HardFault_Handler  stm32f7xx_it.o
    0x08004344   0x08004344   0x0000004c   Code   RO         5090    i.IIC_Ack           iic.o
    0x08004390   0x08004390   0x00000050   Code   RO         5091    i.IIC_Init          iic.o
    0x080043e0   0x080043e0   0x0000004c   Code   RO         5092    i.IIC_NAck          iic.o
    0x0800442c   0x0800442c   0x00000070   Code   RO         5093    i.IIC_Read_Byte     iic.o
    0x0800449c   0x0800449c   0x00000070   Code   RO         5094    i.IIC_Send_Byte     iic.o
    0x0800450c   0x0800450c   0x0000004c   Code   RO         5095    i.IIC_Start         iic.o
    0x08004558   0x08004558   0x0000004c   Code   RO         5096    i.IIC_Stop          iic.o
    0x080045a4   0x080045a4   0x00000064   Code   RO         5097    i.IIC_Wait_Ack      iic.o
    0x08004608   0x08004608   0x0000015c   Code   RO         6477    i.Line_Scan         scaner.o
    0x08004764   0x08004764   0x00000002   Code   RO          285    i.MX_FREERTOS_Init  freertos.o
    0x08004766   0x08004766   0x00000002   PAD
    0x08004768   0x08004768   0x0000013c   Code   RO          261    i.MX_GPIO_Init      gpio.o
    0x080048a4   0x080048a4   0x00000104   Code   RO          333    i.MX_TIM1_Init      tim.o
    0x080049a8   0x080049a8   0x000000c8   Code   RO          334    i.MX_TIM2_Init      tim.o
    0x08004a70   0x08004a70   0x000000c8   Code   RO          335    i.MX_TIM3_Init      tim.o
    0x08004b38   0x08004b38   0x0000003c   Code   RO          392    i.MX_USART2_UART_Init  usart.o
    0x08004b74   0x08004b74   0x0000003c   Code   RO          393    i.MX_USART3_UART_Init  usart.o
    0x08004bb0   0x08004bb0   0x0000003c   Code   RO          394    i.MX_USART6_UART_Init  usart.o
    0x08004bec   0x08004bec   0x00000002   Code   RO          448    i.MemManage_Handler  stm32f7xx_it.o
    0x08004bee   0x08004bee   0x00000002   Code   RO          449    i.NMI_Handler       stm32f7xx_it.o
    0x08004bf0   0x08004bf0   0x00000340   Code   RO         6138    i.QQB_1             barrier.o
    0x08004f30   0x08004f30   0x00000080   Code   RO         5048    i.Rudder_Init       rudder_control.o
    0x08004fb0   0x08004fb0   0x0000003a   Code   RO         5049    i.Rudder_ReadOneByte  rudder_control.o
    0x08004fea   0x08004fea   0x00000036   Code   RO         5050    i.Rudder_WriteOneByte  rudder_control.o
    0x08005020   0x08005020   0x000000b6   Code   RO         5051    i.Rudder_control    rudder_control.o
    0x080050d6   0x080050d6   0x00000002   PAD
    0x080050d8   0x080050d8   0x00000048   Code   RO         5098    i.SDA               iic.o
    0x08005120   0x08005120   0x0000011c   Code   RO         6139    i.S_curve           barrier.o
    0x0800523c   0x0800523c   0x000001dc   Code   RO         6140    i.South_Pole        barrier.o
    0x08005418   0x08005418   0x000001e0   Code   RO         6141    i.Special_Node      barrier.o
    0x080055f8   0x080055f8   0x000001c0   Code   RO         6142    i.Stage             barrier.o
    0x080057b8   0x080057b8   0x00000098   Code   RO         6143    i.Stage_P2          barrier.o
    0x08005850   0x08005850   0x00000024   Code   RO         5320    i.Start_task        temporary_task.o
    0x08005874   0x08005874   0x0000002c   Code   RO         5283    i.Start_task_create  task_create.o
    0x080058a0   0x080058a0   0x000000f4   Code   RO         6144    i.Sword_Mountain    barrier.o
    0x08005994   0x08005994   0x00000030   Code   RO         4969    i.SysTick_Handler   port.o
    0x080059c4   0x080059c4   0x000000c4   Code   RO           15    i.SystemClock_Config  main.o
    0x08005a88   0x08005a88   0x00000010   Code   RO         3726    i.SystemInit        system_stm32f7xx.o
    0x08005a98   0x08005a98   0x0000000c   Code   RO          450    i.TIM1_UP_TIM10_IRQHandler  stm32f7xx_it.o
    0x08005aa4   0x08005aa4   0x0000000c   Code   RO          451    i.TIM2_IRQHandler   stm32f7xx_it.o
    0x08005ab0   0x08005ab0   0x0000000c   Code   RO          452    i.TIM3_IRQHandler   stm32f7xx_it.o
    0x08005abc   0x08005abc   0x00000034   Code   RO         5568    i.TIM4_IRQHandler   usmart.o
    0x08005af0   0x08005af0   0x00000024   Code   RO         5443    i.TIM5_IRQHandler   sin_generate.o
    0x08005b14   0x08005b14   0x0000006c   Code   RO         5162    i.TIM7_IRQHandler   delay.o
    0x08005b80   0x08005b80   0x0000000c   Code   RO          453    i.TIM8_TRG_COM_TIM14_IRQHandler  stm32f7xx_it.o
    0x08005b8c   0x08005b8c   0x000000cc   Code   RO         2385    i.TIM_Base_SetConfig  stm32f7xx_hal_tim.o
    0x08005c58   0x08005c58   0x0000001a   Code   RO         2386    i.TIM_CCxChannelCmd  stm32f7xx_hal_tim.o
    0x08005c72   0x08005c72   0x00000012   Code   RO         2396    i.TIM_ETR_SetConfig  stm32f7xx_hal_tim.o
    0x08005c84   0x08005c84   0x00000010   Code   RO         2397    i.TIM_ITRx_SetConfig  stm32f7xx_hal_tim.o
    0x08005c94   0x08005c94   0x00000074   Code   RO         2398    i.TIM_OC1_SetConfig  stm32f7xx_hal_tim.o
    0x08005d08   0x08005d08   0x00000078   Code   RO         2399    i.TIM_OC2_SetConfig  stm32f7xx_hal_tim.o
    0x08005d80   0x08005d80   0x00000078   Code   RO         2400    i.TIM_OC3_SetConfig  stm32f7xx_hal_tim.o
    0x08005df8   0x08005df8   0x00000058   Code   RO         2401    i.TIM_OC4_SetConfig  stm32f7xx_hal_tim.o
    0x08005e50   0x08005e50   0x00000058   Code   RO         2402    i.TIM_OC5_SetConfig  stm32f7xx_hal_tim.o
    0x08005ea8   0x08005ea8   0x00000058   Code   RO         2403    i.TIM_OC6_SetConfig  stm32f7xx_hal_tim.o
    0x08005f00   0x08005f00   0x00000022   Code   RO         2405    i.TIM_TI1_ConfigInputStage  stm32f7xx_hal_tim.o
    0x08005f22   0x08005f22   0x00000002   PAD
    0x08005f24   0x08005f24   0x00000080   Code   RO         2406    i.TIM_TI1_SetConfig  stm32f7xx_hal_tim.o
    0x08005fa4   0x08005fa4   0x00000024   Code   RO         2407    i.TIM_TI2_ConfigInputStage  stm32f7xx_hal_tim.o
    0x08005fc8   0x08005fc8   0x00000036   Code   RO         2408    i.TIM_TI2_SetConfig  stm32f7xx_hal_tim.o
    0x08005ffe   0x08005ffe   0x00000002   PAD
    0x08006000   0x08006000   0x00000050   Code   RO         5569    i.Timer4_Init       usmart.o
    0x08006050   0x08006050   0x00000054   Code   RO         5444    i.Timer5_Init       sin_generate.o
    0x080060a4   0x080060a4   0x000000cc   Code   RO         6565    i.Turn_Angle        turn.o
    0x08006170   0x08006170   0x000000a0   Code   RO         6567    i.Turn_Angle360     turn.o
    0x08006210   0x08006210   0x00000050   Code   RO         6568    i.Turn_Angle_Relative  turn.o
    0x08006260   0x08006260   0x000000f8   Code   RO         6014    i.UART4_IRQHandler  imu_task.o
    0x08006358   0x08006358   0x00000044   Code   RO         6081    i.UART7_IRQHandler  openmv.o
    0x0800639c   0x0800639c   0x000000c8   Code   RO         3328    i.UART_AdvFeatureConfig  stm32f7xx_hal_uart.o
    0x08006464   0x08006464   0x00000040   Code   RO         3329    i.UART_CheckIdleState  stm32f7xx_hal_uart.o
    0x080064a4   0x080064a4   0x00000014   Code   RO         3330    i.UART_DMAAbortOnError  stm32f7xx_hal_uart.o
    0x080064b8   0x080064b8   0x0000004a   Code   RO         3340    i.UART_EndRxTransfer  stm32f7xx_hal_uart.o
    0x08006502   0x08006502   0x0000009e   Code   RO         3342    i.UART_RxISR_16BIT  stm32f7xx_hal_uart.o
    0x080065a0   0x080065a0   0x0000009e   Code   RO         3343    i.UART_RxISR_8BIT   stm32f7xx_hal_uart.o
    0x0800663e   0x0800663e   0x00000002   PAD
    0x08006640   0x08006640   0x00000230   Code   RO         3344    i.UART_SetConfig    stm32f7xx_hal_uart.o
    0x08006870   0x08006870   0x000000b8   Code   RO         3346    i.UART_Start_Receive_IT  stm32f7xx_hal_uart.o
    0x08006928   0x08006928   0x000000ca   Code   RO         3349    i.UART_WaitOnFlagUntilTimeout  stm32f7xx_hal_uart.o
    0x080069f2   0x080069f2   0x00000002   PAD
    0x080069f4   0x080069f4   0x00000044   Code   RO         5509    i.USART1_IRQHandler  uart.o
    0x08006a38   0x08006a38   0x0000000c   Code   RO          454    i.USART2_IRQHandler  stm32f7xx_it.o
    0x08006a44   0x08006a44   0x0000000c   Code   RO          455    i.USART3_IRQHandler  stm32f7xx_it.o
    0x08006a50   0x08006a50   0x0000000c   Code   RO          456    i.USART6_IRQHandler  stm32f7xx_it.o
    0x08006a5c   0x08006a5c   0x00000002   Code   RO          457    i.UsageFault_Handler  stm32f7xx_it.o
    0x08006a5e   0x08006a5e   0x00000002   PAD
    0x08006a60   0x08006a60   0x00000020   Code   RO         6875    i.__0printf$8       mc_w.l(printf8.o)
    0x08006a80   0x08006a80   0x00000022   Code   RO          626    i.__NVIC_SetPriority  stm32f7xx_hal_cortex.o
    0x08006aa2   0x08006aa2   0x0000000e   Code   RO         7029    i.__scatterload_copy  mc_w.l(handlers.o)
    0x08006ab0   0x08006ab0   0x00000002   Code   RO         7030    i.__scatterload_null  mc_w.l(handlers.o)
    0x08006ab2   0x08006ab2   0x0000000e   Code   RO         7031    i.__scatterload_zeroinit  mc_w.l(handlers.o)
    0x08006ac0   0x08006ac0   0x00000404   Code   RO         6882    i._printf_core      mc_w.l(printf8.o)
    0x08006ec4   0x08006ec4   0x00000024   Code   RO         6883    i._printf_post_padding  mc_w.l(printf8.o)
    0x08006ee8   0x08006ee8   0x0000002e   Code   RO         6884    i._printf_pre_padding  mc_w.l(printf8.o)
    0x08006f16   0x08006f16   0x00000002   PAD
    0x08006f18   0x08006f18   0x00000094   Code   RO         6145    i.back              barrier.o
    0x08006fac   0x08006fac   0x0000001c   Code   RO         5927    i.buzzer_off        bsp_buzzer.o
    0x08006fc8   0x08006fc8   0x0000001c   Code   RO         5928    i.buzzer_on         bsp_buzzer.o
    0x08006fe4   0x08006fe4   0x00000014   Code   RO         5362    i.chage_target      pid.o
    0x08006ff8   0x08006ff8   0x0000014c   Code   RO         6315    i.deal_arrive       map.o
    0x08007144   0x08007144   0x00000054   Code   RO         5163    i.delay_init        delay.o
    0x08007198   0x08007198   0x0000001c   Code   RO         5164    i.delay_ms          delay.o
    0x080071b4   0x080071b4   0x00000014   Code   RO         5165    i.delay_us          delay.o
    0x080071c8   0x080071c8   0x000002ac   Code   RO         6146    i.door              barrier.o
    0x08007474   0x08007474   0x00000084   Code   RO         5764    i.encoder_clear     encoder.o
    0x080074f8   0x080074f8   0x00000014   Code   RO         5511    i.fputc             uart.o
    0x0800750c   0x0800750c   0x00000044   Code   RO         6569    i.getAngleZ         turn.o
    0x08007550   0x08007550   0x00000038   Code   RO         6316    i.getNextConnectNode  map.o
    0x08007588   0x08007588   0x000000e4   Code   RO         6478    i.get_detail        scaner.o
    0x0800766c   0x0800766c   0x00000110   Code   RO         5841    i.get_motor_speed   motor_task.o
    0x0800777c   0x0800777c   0x00000024   Code   RO         6479    i.getline_error     scaner.o
    0x080077a0   0x080077a0   0x00000052   Code   RO         6527    i.gradual_cal       speed_ctrl.o
    0x080077f2   0x080077f2   0x00000002   PAD
    0x080077f4   0x080077f4   0x00000034   Code   RO         6015    i.gyro_init         imu_task.o
    0x08007828   0x08007828   0x00000014   Code   RO         6147    i.ignore_node       barrier.o
    0x0800783c   0x0800783c   0x000000b4   Code   RO         5363    i.incremental_PID   pid.o
    0x080078f0   0x080078f0   0x00000068   Code   RO         6051    i.infrared_open     bsp_linefollower.o
    0x08007958   0x08007958   0x0000008c   Code   RO           16    i.main              main.o
    0x080079e4   0x080079e4   0x00000016   Code   RO         5223    i.main_task         main_task.o
    0x080079fa   0x080079fa   0x00000002   PAD
    0x080079fc   0x080079fc   0x00000030   Code   RO         5284    i.main_task_create  task_create.o
    0x08007a2c   0x08007a2c   0x00000034   Code   RO         6317    i.mapInit           map.o
    0x08007a60   0x08007a60   0x00000094   Code   RO         6318    i.map_function      map.o
    0x08007af4   0x08007af4   0x00000054   Code   RO         5811    i.motor_init        motor.o
    0x08007b48   0x08007b48   0x0000005c   Code   RO         5364    i.motor_pid_clear   pid.o
    0x08007ba4   0x08007ba4   0x00000078   Code   RO         5812    i.motor_set_pwm     motor.o
    0x08007c1c   0x08007c1c   0x000002ec   Code   RO         5842    i.motor_task        motor_task.o
    0x08007f08   0x08007f08   0x00000030   Code   RO         5843    i.motor_task_create  motor_task.o
    0x08007f38   0x08007f38   0x00000014   Code   RO         6570    i.mpuZreset         turn.o
    0x08007f4c   0x08007f4c   0x00000028   Code   RO         6083    i.mv_init           openmv.o
    0x08007f74   0x08007f74   0x00000034   Code   RO         6571    i.need2turn         turn.o
    0x08007fa8   0x08007fa8   0x0000000a   Code   RO         4545    i.osKernelStart     cmsis_os.o
    0x08007fb2   0x08007fb2   0x00000002   PAD
    0x08007fb4   0x08007fb4   0x00000120   Code   RO         5365    i.pid_init          pid.o
    0x080080d4   0x080080d4   0x000000e4   Code   RO         5844    i.pid_mode_switch   motor_task.o
    0x080081b8   0x080081b8   0x0000009c   Code   RO         5366    i.positional_PID    pid.o
    0x08008254   0x08008254   0x00000070   Code   RO         4228    i.prvAddCurrentTaskToDelayedList  tasks.o
    0x080082c4   0x080082c4   0x000000d0   Code   RO         4229    i.prvAddNewTaskToReadyList  tasks.o
    0x08008394   0x08008394   0x00000038   Code   RO         4230    i.prvDeleteTCB      tasks.o
    0x080083cc   0x080083cc   0x00000050   Code   RO         4907    i.prvHeapInit       heap_4.o
    0x0800841c   0x0800841c   0x00000060   Code   RO         4231    i.prvIdleTask       tasks.o
    0x0800847c   0x0800847c   0x0000009e   Code   RO         4232    i.prvInitialiseNewTask  tasks.o
    0x0800851a   0x0800851a   0x00000002   PAD
    0x0800851c   0x0800851c   0x0000004c   Code   RO         4908    i.prvInsertBlockIntoFreeList  heap_4.o
    0x08008568   0x08008568   0x00000020   Code   RO         4233    i.prvResetNextTaskUnblockTime  tasks.o
    0x08008588   0x08008588   0x00000030   Code   RO         4970    i.prvTaskExitError  port.o
    0x080085b8   0x080085b8   0x000000e4   Code   RO         4909    i.pvPortMalloc      heap_4.o
    0x0800869c   0x0800869c   0x00000030   Code   RO         4971    i.pxPortInitialiseStack  port.o
    0x080086cc   0x080086cc   0x00000004   Code   RO         5570    i.read_addr         usmart.o
    0x080086d0   0x080086d0   0x000001b8   Code   RO         6148    i.route_reset       barrier.o
    0x08008888   0x08008888   0x00000098   Code   RO         6572    i.runWithAngle      turn.o
    0x08008920   0x08008920   0x00000030   Code   RO         5367    i.speed_pid_kd      pid.o
    0x08008950   0x08008950   0x00000030   Code   RO         5368    i.speed_pid_ki      pid.o
    0x08008980   0x08008980   0x00000030   Code   RO         5369    i.speed_pid_kp      pid.o
    0x080089b0   0x080089b0   0x00000038   Code   RO         5512    i.uart_init         uart.o
    0x080089e8   0x080089e8   0x0000009c   Code   RO         6149    i.undermou          barrier.o
    0x08008a84   0x08008a84   0x0000007c   Code   RO         5321    i.user_init         temporary_task.o
    0x08008b00   0x08008b00   0x00000094   Code   RO         5571    i.usmart_cmd_rec    usmart.o
    0x08008b94   0x08008b94   0x00000264   Code   RO         5572    i.usmart_exe        usmart.o
    0x08008df8   0x08008df8   0x000000a6   Code   RO         5683    i.usmart_get_aparm  usmart_str.o
    0x08008e9e   0x08008e9e   0x0000002e   Code   RO         5684    i.usmart_get_cmdname  usmart_str.o
    0x08008ecc   0x08008ecc   0x00000174   Code   RO         5685    i.usmart_get_fname  usmart_str.o
    0x08009040   0x08009040   0x000000e4   Code   RO         5686    i.usmart_get_fparam  usmart_str.o
    0x08009124   0x08009124   0x00000024   Code   RO         5687    i.usmart_get_parmpos  usmart_str.o
    0x08009148   0x08009148   0x00000034   Code   RO         5573    i.usmart_get_runtime  usmart.o
    0x0800917c   0x0800917c   0x00000028   Code   RO         5574    i.usmart_init       usmart.o
    0x080091a4   0x080091a4   0x00000002   Code   RO         5370    i.usmart_pid        pid.o
    0x080091a6   0x080091a6   0x00000010   Code   RO         5688    i.usmart_pow        usmart_str.o
    0x080091b6   0x080091b6   0x00000002   PAD
    0x080091b8   0x080091b8   0x0000002c   Code   RO         5575    i.usmart_reset_runtime  usmart.o
    0x080091e4   0x080091e4   0x000000a4   Code   RO         5576    i.usmart_scan       usmart.o
    0x08009288   0x08009288   0x00000010   Code   RO         5689    i.usmart_search_nextc  usmart_str.o
    0x08009298   0x08009298   0x000000d8   Code   RO         5690    i.usmart_str2num    usmart_str.o
    0x08009370   0x08009370   0x00000018   Code   RO         5691    i.usmart_strcmp     usmart_str.o
    0x08009388   0x08009388   0x00000012   Code   RO         5692    i.usmart_strcopy    usmart_str.o
    0x0800939a   0x0800939a   0x00000012   Code   RO         5693    i.usmart_strlen     usmart_str.o
    0x080093ac   0x080093ac   0x00000680   Code   RO         5577    i.usmart_sys_cmd_exe  usmart.o
    0x08009a2c   0x08009a2c   0x00000026   Code   RO         3864    i.uxListRemove      list.o
    0x08009a52   0x08009a52   0x00000002   PAD
    0x08009a54   0x08009a54   0x00000018   Code   RO          286    i.vApplicationGetIdleTaskMemory  freertos.o
    0x08009a6c   0x08009a6c   0x00000016   Code   RO         3865    i.vListInitialise   list.o
    0x08009a82   0x08009a82   0x00000006   Code   RO         3866    i.vListInitialiseItem  list.o
    0x08009a88   0x08009a88   0x00000030   Code   RO         3867    i.vListInsert       list.o
    0x08009ab8   0x08009ab8   0x00000018   Code   RO         3868    i.vListInsertEnd    list.o
    0x08009ad0   0x08009ad0   0x00000048   Code   RO         4973    i.vPortEnterCritical  port.o
    0x08009b18   0x08009b18   0x0000002c   Code   RO         4974    i.vPortExitCritical  port.o
    0x08009b44   0x08009b44   0x00000064   Code   RO         4910    i.vPortFree         heap_4.o
    0x08009ba8   0x08009ba8   0x00000024   Code   RO         4975    i.vPortSetupTimerInterrupt  port.o
    0x08009bcc   0x08009bcc   0x00000050   Code   RO         4241    i.vTaskDelay        tasks.o
    0x08009c1c   0x08009c1c   0x00000098   Code   RO         4242    i.vTaskDelayUntil   tasks.o
    0x08009cb4   0x08009cb4   0x000000b0   Code   RO         4243    i.vTaskDelete       tasks.o
    0x08009d64   0x08009d64   0x00000070   Code   RO         4255    i.vTaskStartScheduler  tasks.o
    0x08009dd4   0x08009dd4   0x00000010   Code   RO         4257    i.vTaskSuspendAll   tasks.o
    0x08009de4   0x08009de4   0x00000060   Code   RO         4258    i.vTaskSwitchContext  tasks.o
    0x08009e44   0x08009e44   0x000000dc   Code   RO         6150    i.view              barrier.o
    0x08009f20   0x08009f20   0x0000003c   Code   RO         6151    i.view1             barrier.o
    0x08009f5c   0x08009f5c   0x00000004   Code   RO         5578    i.write_addr        usmart.o
    0x08009f60   0x08009f60   0x000000c0   Code   RO         4977    i.xPortStartScheduler  port.o
    0x0800a020   0x0800a020   0x0000005a   Code   RO         4260    i.xTaskCreate       tasks.o
    0x0800a07a   0x0800a07a   0x0000005e   Code   RO         4261    i.xTaskCreateStatic  tasks.o
    0x0800a0d8   0x0800a0d8   0x0000000c   Code   RO         4266    i.xTaskGetTickCount  tasks.o
    0x0800a0e4   0x0800a0e4   0x000000cc   Code   RO         4268    i.xTaskIncrementTick  tasks.o
    0x0800a1b0   0x0800a1b0   0x000000c8   Code   RO         4274    i.xTaskResumeAll    tasks.o
    0x0800a278   0x0800a278   0x00000010   Data   RO         3727    .constdata          system_stm32f7xx.o
    0x0800a288   0x0800a288   0x00000008   Data   RO         3728    .constdata          system_stm32f7xx.o
    0x0800a290   0x0800a290   0x0000001c   Data   RO         5845    .constdata          motor_task.o
    0x0800a2ac   0x0800a2ac   0x00000040   Data   RO         6481    .constdata          scaner.o
    0x0800a2ec   0x0800a2ec   0x00000028   Data   RO         5580    .conststring        usmart.o
    0x0800a314   0x0800a314   0x00000120   Data   RO         5657    .conststring        usmart_config.o
    0x0800a434   0x0800a434   0x00000020   Data   RO         7027    Region$$Table       anon$$obj.o


    Execution Region RW_IRAM1 (Exec base: 0x20000000, Load base: 0x0800a454, Size: 0x00005c28, Max: 0x00050000, ABSOLUTE, COMPRESSED[0x00000554])

    Exec Addr    Load Addr    Size         Type   Attr      Idx    E Section Name        Object

    0x20000000   COMPRESSED   0x0000000c   Data   RW         1545    .data               stm32f7xx_hal.o
    0x2000000c   COMPRESSED   0x00000004   Data   RW         3729    .data               system_stm32f7xx.o
    0x20000010   COMPRESSED   0x0000003c   Data   RW         4277    .data               tasks.o
    0x2000004c   COMPRESSED   0x00000018   Data   RW         4915    .data               heap_4.o
    0x20000064   COMPRESSED   0x0000000c   Data   RW         4978    .data               port.o
    0x20000070   COMPRESSED   0x00000001   Data   RW         5168    .data               delay.o
    0x20000071   COMPRESSED   0x00000003   PAD
    0x20000074   COMPRESSED   0x00000008   Data   RW         5285    .data               task_create.o
    0x2000007c   COMPRESSED   0x00000010   Data   RW         5447    .data               sin_generate.o
    0x2000008c   COMPRESSED   0x00000004   Data   RW         5514    .data               uart.o
    0x20000090   COMPRESSED   0x00000004   Data   RW         5515    .data               uart.o
    0x20000094   COMPRESSED   0x0000001c   Data   RW         5581    .data               usmart.o
    0x200000b0   COMPRESSED   0x00000040   Data   RW         5658    .data               usmart_config.o
    0x200000f0   COMPRESSED   0x000000f4   Data   RW         5659    .data               usmart_config.o
    0x200001e4   COMPRESSED   0x00000018   Data   RW         5766    .data               encoder.o
    0x200001fc   COMPRESSED   0x00000018   Data   RW         5846    .data               motor_task.o
    0x20000214   COMPRESSED   0x00000002   Data   RW         6017    .data               imu_task.o
    0x20000216   COMPRESSED   0x00000004   Data   RW         6052    .data               bsp_linefollower.o
    0x2000021a   COMPRESSED   0x00000002   PAD
    0x2000021c   COMPRESSED   0x00000008   Data   RW         6086    .data               openmv.o
    0x20000224   COMPRESSED   0x00000003   Data   RW         6152    .data               barrier.o
    0x20000227   COMPRESSED   0x00000001   PAD
    0x20000228   COMPRESSED   0x0000006c   Data   RW         6320    .data               map.o
    0x20000294   COMPRESSED   0x00000064   Data   RW         6321    .data               map.o
    0x200002f8   COMPRESSED   0x00000064   Data   RW         6322    .data               map.o
    0x2000035c   COMPRESSED   0x00000064   Data   RW         6323    .data               map.o
    0x200003c0   COMPRESSED   0x00000064   Data   RW         6324    .data               map.o
    0x20000424   COMPRESSED   0x000009d8   Data   RW         6377    .data               map_message.o
    0x20000dfc   COMPRESSED   0x00000034   Data   RW         6378    .data               map_message.o
    0x20000e30   COMPRESSED   0x00000035   Data   RW         6379    .data               map_message.o
    0x20000e65   COMPRESSED   0x00000003   PAD
    0x20000e68   COMPRESSED   0x00000008   Data   RW         6482    .data               scaner.o
    0x20000e70   COMPRESSED   0x0000002c   Data   RW         6530    .data               speed_ctrl.o
    0x20000e9c   COMPRESSED   0x00000008   Data   RW         6573    .data               turn.o
    0x20000ea4        -       0x00000254   Zero   RW          287    .bss                freertos.o
    0x200010f8        -       0x000000e4   Zero   RW          336    .bss                tim.o
    0x200011dc        -       0x0000018c   Zero   RW          395    .bss                usart.o
    0x20001368        -       0x0000004c   Zero   RW          572    .bss                stm32f7xx_hal_timebase_tim.o
    0x200013b4        -       0x000000f0   Zero   RW         4276    .bss                tasks.o
    0x200014a4        -       0x00003c00   Zero   RW         4914    .bss                heap_4.o
    0x200050a4        -       0x0000004c   Zero   RW         5166    .bss                delay.o
    0x200050f0        -       0x00000124   Zero   RW         5371    .bss                pid.o
    0x20005214        -       0x0000001c   Zero   RW         5372    .bss                pid.o
    0x20005230        -       0x0000001c   Zero   RW         5373    .bss                pid.o
    0x2000524c        -       0x0000001c   Zero   RW         5374    .bss                pid.o
    0x20005268        -       0x0000004c   Zero   RW         5446    .bss                sin_generate.o
    0x200052b4        -       0x0000014c   Zero   RW         5513    .bss                uart.o
    0x20005400        -       0x0000004c   Zero   RW         5579    .bss                usmart.o
    0x2000544c        -       0x00000260   Zero   RW         5765    .bss                encoder.o
    0x200056ac        -       0x000000a4   Zero   RW         6016    .bss                imu_task.o
    0x20005750        -       0x00000084   Zero   RW         6085    .bss                openmv.o
    0x200057d4        -       0x0000002c   Zero   RW         6319    .bss                map.o
    0x20005800        -       0x0000000c   Zero   RW         6480    .bss                scaner.o
    0x2000580c        -       0x0000000c   Zero   RW         6528    .bss                speed_ctrl.o
    0x20005818        -       0x0000000c   Zero   RW         6529    .bss                speed_ctrl.o
    0x20005824   COMPRESSED   0x00000004   PAD
    0x20005828        -       0x00000400   Zero   RW            1    STACK               startup_stm32f750xx.o


==============================================================================

Image component sizes


      Code (inc. data)   RO Data    RW Data    ZI Data      Debug   Object Name

      6364        814          0          3          0      17857   barrier.o
        56         10          0          0          0        989   bsp_buzzer.o
       104         12          0          4          0       1795   bsp_linefollower.o
        10          0          0          0          0      21054   cmsis_os.o
       240         40          0          1         76       4007   delay.o
      3042         54          0         24        608       5396   encoder.o
         0          0          0          0          0      15764   event_groups.o
        26          6          0          0        596       6343   freertos.o
       316         24          0          0          0       1079   gpio.o
       484         24          0         24      15360       7375   heap_4.o
       780         52          0          0          0       5404   iic.o
       300         34          0          2        164       2166   imu_task.o
       138          0          0          0          0       3542   list.o
       360         24          0          0          0     869852   main.o
        22          0          0          0          0        528   main_task.o
      1668        190          0        508         44       6458   map.o
         0          0          0       2625          0       2184   map_message.o
       204         14          0          0          0       1249   motor.o
      1296        192         28         24          0       3703   motor_task.o
       108         18          0          8        132       1260   openmv.o
       882         98          0          0        376       6819   pid.o
       682         70          0         12          0      11040   port.o
       422         10          0          0          0       3006   rudder_control.o
       756         80         64          8         12       5251   scaner.o
       120         20          0         16         76       2004   sin_generate.o
       114          8          0         44         24       2479   speed_ctrl.o
        36          8        456          0       1024        836   startup_stm32f750xx.o
        86         14          0         12          0       8342   stm32f7xx_hal.o
       160         12          0          0          0      38186   stm32f7xx_hal_cortex.o
       182          0          0          0          0       2131   stm32f7xx_hal_dma.o
       620         54          0          0          0       3568   stm32f7xx_hal_gpio.o
        56          4          0          0          0        862   stm32f7xx_hal_msp.o
       108          8          0          0          0       1264   stm32f7xx_hal_pwr_ex.o
      1428         72          0          0          0       5869   stm32f7xx_hal_rcc.o
      1276         16          0          0          0       2284   stm32f7xx_hal_rcc_ex.o
      3822        288          0          0          0      24881   stm32f7xx_hal_tim.o
       330         40          0          0          0       3992   stm32f7xx_hal_tim_ex.o
       116         16          0          0         76       1424   stm32f7xx_hal_timebase_tim.o
      2450         82          0          0          0      13885   stm32f7xx_hal_uart.o
        96         42          0          0          0       6076   stm32f7xx_it.o
         0          0          0          0          0        392   stream_buffer.o
        16          4         24          4          0       1127   system_stm32f7xx.o
        92         42          0          8          0       1244   task_create.o
      1894        136          0         60        240      22278   tasks.o
       160         18          0          0          0       1213   temporary_task.o
      1028         66          0          0        228       4414   tim.o
       760        122          0          8          0       6237   turn.o
       232         42          0          8        332       4134   uart.o
       728         74          0          0        396       3540   usart.o
      2864       1358         40         28         76       7819   usmart.o
         0          0        288        308          0       1484   usmart_config.o
      1156         22          0          0          0       9295   usmart_str.o

    ----------------------------------------------------------------------
     38234       4334        932       3748      19844    1185381   Object Totals
         0          0         32          0          0          0   (incl. Generated)
        44          0          0          9          4          0   (incl. Padding)

    ----------------------------------------------------------------------

      Code (inc. data)   RO Data    RW Data    ZI Data      Debug   Library Member Name

        86          0          0          0          0          0   __dczerorl2.o
         0          0          0          0          0          0   entry.o
         0          0          0          0          0          0   entry10a.o
         0          0          0          0          0          0   entry11a.o
         4          0          0          0          0          0   entry12b.o
         8          4          0          0          0          0   entry2.o
         4          0          0          0          0          0   entry5.o
         0          0          0          0          0          0   entry7b.o
         0          0          0          0          0          0   entry8b.o
         8          4          0          0          0          0   entry9a.o
        30          0          0          0          0          0   handlers.o
        36          8          0          0          0         68   init.o
         0          0          0          0          0          0   iusefp.o
        30          0          0          0          0         68   llshl.o
        36          0          0          0          0         68   llsshr.o
        32          0          0          0          0         68   llushr.o
        64          0          0          0          0         76   memmovea.o
        36          0          0          0          0        108   memseta.o
      1142         54          0          0          0        352   printf8.o
        98          0          0          0          0         92   uldiv.o
        48          0          0          0          0         68   cdrcmple.o
        56          0          0          0          0         88   d2f.o
       334          0          0          0          0        148   dadd.o
       222          0          0          0          0        100   ddiv.o
       186          0          0          0          0        176   depilogue.o
        34          0          0          0          0         76   dflti.o
        26          0          0          0          0         76   dfltui.o
       228          0          0          0          0         96   dmul.o
        38          0          0          0          0         68   f2d.o
       110          0          0          0          0        168   fepilogue.o

    ----------------------------------------------------------------------
      2902         70          0          0          0       1964   Library Totals
         6          0          0          0          0          0   (incl. Padding)

    ----------------------------------------------------------------------

      Code (inc. data)   RO Data    RW Data    ZI Data      Debug   Library Name

      1614         70          0          0          0        900   mc_w.l
      1282          0          0          0          0       1064   mf_w.l

    ----------------------------------------------------------------------
      2902         70          0          0          0       1964   Library Totals

    ----------------------------------------------------------------------

==============================================================================


      Code (inc. data)   RO Data    RW Data    ZI Data      Debug   

     41136       4404        932       3748      19844    1162793   Grand Totals
     41136       4404        932       1364      19844    1162793   ELF Image Totals (compressed)
     41136       4404        932       1364          0          0   ROM Totals

==============================================================================

    Total RO  Size (Code + RO Data)                42068 (  41.08kB)
    Total RW  Size (RW Data + ZI Data)             23592 (  23.04kB)
    Total ROM Size (Code + RO Data + RW Data)      43432 (  42.41kB)

==============================================================================

