Component: ARM Compiler 5.06 update 7 (build 960) Tool: armlink [4d3601]

==============================================================================

Section Cross References

    startup_stm32f750xx.o(RESET) refers to startup_stm32f750xx.o(STACK) for __initial_sp
    startup_stm32f750xx.o(RESET) refers to startup_stm32f750xx.o(.text) for Reset_Handler
    startup_stm32f750xx.o(RESET) refers to stm32f7xx_it.o(i.NMI_Handler) for NMI_Handler
    startup_stm32f750xx.o(RESET) refers to stm32f7xx_it.o(i.HardFault_Handler) for HardFault_Handler
    startup_stm32f750xx.o(RESET) refers to stm32f7xx_it.o(i.MemManage_Handler) for MemManage_Handler
    startup_stm32f750xx.o(RESET) refers to stm32f7xx_it.o(i.BusFault_Handler) for BusFault_Handler
    startup_stm32f750xx.o(RESET) refers to stm32f7xx_it.o(i.UsageFault_Handler) for UsageFault_Handler
    startup_stm32f750xx.o(RESET) refers to port.o(.emb_text) for SVC_Handler
    startup_stm32f750xx.o(RESET) refers to stm32f7xx_it.o(i.DebugMon_Handler) for DebugMon_Handler
    startup_stm32f750xx.o(RESET) refers to port.o(i.SysTick_Handler) for SysTick_Handler
    startup_stm32f750xx.o(RESET) refers to stm32f7xx_it.o(i.TIM1_UP_TIM10_IRQHandler) for TIM1_UP_TIM10_IRQHandler
    startup_stm32f750xx.o(RESET) refers to stm32f7xx_it.o(i.TIM2_IRQHandler) for TIM2_IRQHandler
    startup_stm32f750xx.o(RESET) refers to stm32f7xx_it.o(i.TIM3_IRQHandler) for TIM3_IRQHandler
    startup_stm32f750xx.o(RESET) refers to usmart.o(i.TIM4_IRQHandler) for TIM4_IRQHandler
    startup_stm32f750xx.o(RESET) refers to uart.o(i.USART1_IRQHandler) for USART1_IRQHandler
    startup_stm32f750xx.o(RESET) refers to stm32f7xx_it.o(i.USART2_IRQHandler) for USART2_IRQHandler
    startup_stm32f750xx.o(RESET) refers to stm32f7xx_it.o(i.USART3_IRQHandler) for USART3_IRQHandler
    startup_stm32f750xx.o(RESET) refers to stm32f7xx_it.o(i.TIM8_TRG_COM_TIM14_IRQHandler) for TIM8_TRG_COM_TIM14_IRQHandler
    startup_stm32f750xx.o(RESET) refers to sin_generate.o(i.TIM5_IRQHandler) for TIM5_IRQHandler
    startup_stm32f750xx.o(RESET) refers to imu_task.o(i.UART4_IRQHandler) for UART4_IRQHandler
    startup_stm32f750xx.o(RESET) refers to delay.o(i.TIM7_IRQHandler) for TIM7_IRQHandler
    startup_stm32f750xx.o(RESET) refers to stm32f7xx_it.o(i.USART6_IRQHandler) for USART6_IRQHandler
    startup_stm32f750xx.o(RESET) refers to openmv.o(i.UART7_IRQHandler) for UART7_IRQHandler
    startup_stm32f750xx.o(.text) refers to system_stm32f7xx.o(i.SystemInit) for SystemInit
    startup_stm32f750xx.o(.text) refers to entry.o(.ARM.Collect$$$$00000000) for __main
    main.o(i.HAL_TIM_PeriodElapsedCallback) refers to stm32f7xx_hal.o(i.HAL_IncTick) for HAL_IncTick
    main.o(i.SystemClock_Config) refers to memseta.o(.text) for __aeabi_memclr4
    main.o(i.SystemClock_Config) refers to stm32f7xx_hal_rcc.o(i.HAL_RCC_OscConfig) for HAL_RCC_OscConfig
    main.o(i.SystemClock_Config) refers to stm32f7xx_hal_pwr_ex.o(i.HAL_PWREx_EnableOverDrive) for HAL_PWREx_EnableOverDrive
    main.o(i.SystemClock_Config) refers to stm32f7xx_hal_rcc.o(i.HAL_RCC_ClockConfig) for HAL_RCC_ClockConfig
    main.o(i.SystemClock_Config) refers to stm32f7xx_hal_rcc_ex.o(i.HAL_RCCEx_PeriphCLKConfig) for HAL_RCCEx_PeriphCLKConfig
    main.o(i.main) refers to stm32f7xx_hal.o(i.HAL_Init) for HAL_Init
    main.o(i.main) refers to main.o(i.SystemClock_Config) for SystemClock_Config
    main.o(i.main) refers to gpio.o(i.MX_GPIO_Init) for MX_GPIO_Init
    main.o(i.main) refers to tim.o(i.MX_TIM1_Init) for MX_TIM1_Init
    main.o(i.main) refers to tim.o(i.MX_TIM2_Init) for MX_TIM2_Init
    main.o(i.main) refers to tim.o(i.MX_TIM3_Init) for MX_TIM3_Init
    main.o(i.main) refers to usart.o(i.MX_USART2_UART_Init) for MX_USART2_UART_Init
    main.o(i.main) refers to usart.o(i.MX_USART3_UART_Init) for MX_USART3_UART_Init
    main.o(i.main) refers to usart.o(i.MX_USART6_UART_Init) for MX_USART6_UART_Init
    main.o(i.main) refers to sin_generate.o(i.Timer5_Init) for Timer5_Init
    main.o(i.main) refers to delay.o(i.delay_init) for delay_init
    main.o(i.main) refers to map.o(i.mapInit) for mapInit
    main.o(i.main) refers to temporary_task.o(i.user_init) for user_init
    main.o(i.main) refers to stm32f7xx_hal_tim.o(i.HAL_TIM_PWM_Start_IT) for HAL_TIM_PWM_Start_IT
    main.o(i.main) refers to task_create.o(i.Start_task_create) for Start_task_create
    main.o(i.main) refers to freertos.o(i.MX_FREERTOS_Init) for MX_FREERTOS_Init
    main.o(i.main) refers to cmsis_os.o(i.osKernelStart) for osKernelStart
    main.o(i.main) refers to tim.o(.bss) for htim2
    gpio.o(i.MX_GPIO_Init) refers to memseta.o(.text) for __aeabi_memclr4
    gpio.o(i.MX_GPIO_Init) refers to stm32f7xx_hal_gpio.o(i.HAL_GPIO_WritePin) for HAL_GPIO_WritePin
    gpio.o(i.MX_GPIO_Init) refers to stm32f7xx_hal_gpio.o(i.HAL_GPIO_Init) for HAL_GPIO_Init
    freertos.o(i.vApplicationGetIdleTaskMemory) refers to freertos.o(.bss) for .bss
[...]
    .data                                    0x20000094   Section       28  usmart.o(.data)
    .data                                    0x200000b0   Section       64  usmart_config.o(.data)
    .data                                    0x200000f0   Section      244  usmart_config.o(.data)
    .data                                    0x200001e4   Section       24  encoder.o(.data)
    .data                                    0x200001fc   Section       24  motor_task.o(.data)
    mouse                                    0x200001fd   Data           1  motor_task.o(.data)
    .data                                    0x20000214   Section        2  imu_task.o(.data)
    i                                        0x20000214   Data           1  imu_task.o(.data)
    flag                                     0x20000215   Data           1  imu_task.o(.data)
    .data                                    0x20000218   Section        8  openmv.o(.data)
    flag                                     0x20000218   Data           1  openmv.o(.data)
    temp                                     0x2000021c   Data           4  openmv.o(.data)
    .data                                    0x20000220   Section     2520  map_message.o(.data)
    .data                                    0x20000bf8   Section        8  scaner.o(.data)
    .data                                    0x20000c00   Section       44  speed_ctrl.o(.data)
    .data                                    0x20000c2c   Section        8  turn.o(.data)
    .bss                                     0x20000c34   Section      596  freertos.o(.bss)
    xIdleTaskTCBBuffer                       0x20000c34   Data          84  freertos.o(.bss)
    xIdleStack                               0x20000c88   Data         512  freertos.o(.bss)
    .bss                                     0x20000e88   Section      228  tim.o(.bss)
    .bss                                     0x20000f6c   Section      396  usart.o(.bss)
    .bss                                     0x200010f8   Section       76  stm32f7xx_hal_timebase_tim.o(.bss)
    .bss                                     0x20001144   Section      240  tasks.o(.bss)
    pxReadyTasksLists                        0x20001144   Data         140  tasks.o(.bss)
    xDelayedTaskList1                        0x200011d0   Data          20  tasks.o(.bss)
    xDelayedTaskList2                        0x200011e4   Data          20  tasks.o(.bss)
    xPendingReadyList                        0x200011f8   Data          20  tasks.o(.bss)
    xTasksWaitingTermination                 0x2000120c   Data          20  tasks.o(.bss)
    xSuspendedTaskList                       0x20001220   Data          20  tasks.o(.bss)
    .bss                                     0x20001234   Section    15360  heap_4.o(.bss)
    ucHeap                                   0x20001234   Data       15360  heap_4.o(.bss)
    .bss                                     0x20004e34   Section       76  delay.o(.bss)
    .bss                                     0x20004e80   Section      292  pid.o(.bss)
    .bss                                     0x20004fa4   Section       28  pid.o(.bss)
    .bss                                     0x20004fc0   Section       28  pid.o(.bss)
    .bss                                     0x20004fdc   Section       28  pid.o(.bss)
    .bss                                     0x20004ff8   Section       76  sin_generate.o(.bss)
    .bss                                     0x20005044   Section      332  uart.o(.bss)
    .bss                                     0x20005190   Section       76  usmart.o(.bss)
    .bss                                     0x200051dc   Section      608  encoder.o(.bss)
    .bss                                     0x2000543c   Section      164  imu_task.o(.bss)
    data                                     0x2000543c   Data          11  imu_task.o(.bss)
    .bss                                     0x200054e0   Section      132  openmv.o(.bss)
    .bss                                     0x20005564   Section       44  map.o(.bss)
    .bss                                     0x20005590   Section       12  scaner.o(.bss)
    .bss                                     0x2000559c   Section       12  speed_ctrl.o(.bss)
    .bss                                     0x200055a8   Section       12  speed_ctrl.o(.bss)
    STACK                                    0x200055b8   Section     1024  startup_stm32f750xx.o(STACK)

    Global Symbols

    Symbol Name                              Value     Ov Type        Size  Object(Section)

    BuildAttributes$$THM_ISAv4$E$P$D$K$B$S$7EM$VFPi5$EXTD16$VFPS$VFMA$PE$PLD8$A:L22UL41UL21$X:L11$S22US41US21$IEEE1$IW$USESV6$~STKCKD$USESV7$~SHL$OTIME$ROPI$IEEEX$EBA8$MICROLIB$REQ8$PRES8$EABIv2 0x00000000   Number         0  anon$$obj.o ABSOLUTE
    __ARM_use_no_argv                        0x00000000   Number         0  main.o ABSOLUTE
    _printf_a                                0x00000000   Number         0  stubs.o ABSOLUTE
    _printf_c                                0x00000000   Number         0  stubs.o ABSOLUTE
    _printf_charcount                        0x00000000   Number         0  stubs.o ABSOLUTE
    _printf_d                                0x00000000   Number         0  stubs.o ABSOLUTE
    _printf_e                                0x00000000   Number         0  stubs.o ABSOLUTE
    _printf_f                                0x00000000   Number         0  stubs.o ABSOLUTE
    _printf_flags                            0x00000000   Number         0  stubs.o ABSOLUTE
    _printf_fp_dec                           0x00000000   Number         0  stubs.o ABSOLUTE
    _printf_fp_hex                           0x00000000   Number         0  stubs.o ABSOLUTE
    _printf_g                                0x00000000   Number         0  stubs.o ABSOLUTE
    _printf_i                                0x00000000   Number         0  stubs.o ABSOLUTE
    _printf_int_dec                          0x00000000   Number         0  stubs.o ABSOLUTE
    _printf_l                                0x00000000   Number         0  stubs.o ABSOLUTE
    _printf_lc                               0x00000000   Number         0  stubs.o ABSOLUTE
    _printf_ll                               0x00000000   Number         0  stubs.o ABSOLUTE
    _printf_lld                              0x00000000   Number         0  stubs.o ABSOLUTE
    _printf_lli                              0x00000000   Number         0  stubs.o ABSOLUTE
    _printf_llo                              0x00000000   Number         0  stubs.o ABSOLUTE
    _printf_llu                              0x00000000   Number         0  stubs.o ABSOLUTE
    _printf_llx                              0x00000000   Number         0  stubs.o ABSOLUTE
    _printf_longlong_dec                     0x00000000   Number         0  stubs.o ABSOLUTE
    _printf_longlong_hex                     0x00000000   Number         0  stubs.o ABSOLUTE
    _printf_longlong_oct                     0x00000000   Number         0  stubs.o ABSOLUTE
    _printf_ls                               0x00000000   Number         0  stubs.o ABSOLUTE
    _printf_mbtowc                           0x00000000   Number         0  stubs.o ABSOLUTE
    _printf_n                                0x00000000   Number         0  stubs.o ABSOLUTE
    _printf_o                                0x00000000   Number         0  stubs.o ABSOLUTE
    _printf_p                                0x00000000   Number         0  stubs.o ABSOLUTE
    _printf_percent                          0x00000000   Number         0  stubs.o ABSOLUTE
    _printf_pre_padding                      0x00000000   Number         0  stubs.o ABSOLUTE
    _printf_return_value                     0x00000000   Number         0  stubs.o ABSOLUTE
    _printf_s                                0x00000000   Number         0  stubs.o ABSOLUTE
    _printf_sizespec                         0x00000000   Number         0  stubs.o ABSOLUTE
    _printf_str                              0x00000000   Number         0  stubs.o ABSOLUTE
    _printf_truncate_signed                  0x00000000   Number         0  stubs.o ABSOLUTE
    _printf_truncate_unsigned                0x00000000   Number         0  stubs.o ABSOLUTE
    _printf_u                                0x00000000   Number         0  stubs.o ABSOLUTE
    _printf_wc                               0x00000000   Number         0  stubs.o ABSOLUTE
    _printf_wctomb                           0x00000000   Number         0  stubs.o ABSOLUTE
    _printf_widthprec                        0x00000000   Number         0  stubs.o ABSOLUTE
    _printf_x                                0x00000000   Number         0  stubs.o ABSOLUTE
    __arm_fini_                               - Undefined Weak Reference
    __cpp_initialize__aeabi_                  - Undefined Weak Reference
    __cxa_finalize                            - Undefined Weak Reference
    _clock_init                               - Undefined Weak Reference
    _microlib_exit                            - Undefined Weak Reference
    __Vectors_Size                           0x000001c8   Number         0  startup_stm32f750xx.o ABSOLUTE
    __Vectors                                0x08000000   Data           4  startup_stm32f750xx.o(RESET)
    __Vectors_End                            0x080001c8   Data           0  startup_stm32f750xx.o(RESET)
    __main                                   0x080001c9   Thumb Code     0  entry.o(.ARM.Collect$$$$00000000)
    _main_stk                                0x080001c9   Thumb Code     0  entry2.o(.ARM.Collect$$$$00000001)
    _main_scatterload                        0x080001cd   Thumb Code     0  entry5.o(.ARM.Collect$$$$00000004)
    __main_after_scatterload                 0x080001d1   Thumb Code     0  entry5.o(.ARM.Collect$$$$00000004)
    _main_clock                              0x080001d1   Thumb Code     0  entry7b.o(.ARM.Collect$$$$00000008)
    _main_cpp_init                           0x080001d1   Thumb Code     0  entry8b.o(.ARM.Collect$$$$0000000A)
    _main_init                               0x080001d1   Thumb Code     0  entry9a.o(.ARM.Collect$$$$0000000B)
    __rt_lib_shutdown_fini                   0x080001d9   Thumb Code     0  entry12b.o(.ARM.Collect$$$$0000000E)
    __rt_final_cpp                           0x080001dd   Thumb Code     0  entry10a.o(.ARM.Collect$$$$0000000F)
    __rt_final_exit                          0x080001dd   Thumb Code     0  entry11a.o(.ARM.Collect$$$$00000011)
    SVC_Handler                              0x080001e1   Thumb Code    28  port.o(.emb_text)
    __asm___6_port_c_39a90d8d__prvStartFirstTask 0x08000201   Thumb Code    36  port.o(.emb_text)
    __asm___6_port_c_39a90d8d__prvEnableVFP  0x08000229   Thumb Code    16  port.o(.emb_text)
    PendSV_Handler                           0x0800023d   Thumb Code    92  port.o(.emb_text)
    vPortGetIPSR                             0x0800029d   Thumb Code     6  port.o(.emb_text)
    Reset_Handler                            0x080002a5   Thumb Code     8  startup_stm32f750xx.o(.text)
    ADC_IRQHandler                           0x080002bf   Thumb Code     0  startup_stm32f750xx.o(.text)
    CAN1_RX0_IRQHandler                      0x080002bf   Thumb Code     0  startup_stm32f750xx.o(.text)
    CAN1_RX1_IRQHandler                      0x080002bf   Thumb Code     0  startup_stm32f750xx.o(.text)
    CAN1_SCE_IRQHandler                      0x080002bf   Thumb Code     0  startup_stm32f750xx.o(.text)
    CAN1_TX_IRQHandler                       0x080002bf   Thumb Code     0  startup_stm32f750xx.o(.text)
    CAN2_RX0_IRQHandler                      0x080002bf   Thumb Code     0  startup_stm32f750xx.o(.text)
    CAN2_RX1_IRQHandler                      0x080002bf   Thumb Code     0  startup_stm32f750xx.o(.text)
    CAN2_SCE_IRQHandler                      0x080002bf   Thumb Code     0  startup_stm32f750xx.o(.text)
    CAN2_TX_IRQHandler                       0x080002bf   Thumb Code     0  startup_stm32f750xx.o(.text)
    CEC_IRQHandler                           0x080002bf   Thumb Code     0  startup_stm32f750xx.o(.text)
    CRYP_IRQHandler                          0x080002bf   Thumb Code     0  startup_stm32f750xx.o(.text)
    DCMI_IRQHandler                          0x080002bf   Thumb Code     0  startup_stm32f750xx.o(.text)
    DMA1_Stream0_IRQHandler                  0x080002bf   Thumb Code     0  startup_stm32f750xx.o(.text)
    DMA1_Stream1_IRQHandler                  0x080002bf   Thumb Code     0  startup_stm32f750xx.o(.text)
    DMA1_Stream2_IRQHandler                  0x080002bf   Thumb Code     0  startup_stm32f750xx.o(.text)
    DMA1_Stream3_IRQHandler                  0x080002bf   Thumb Code     0  startup_stm32f750xx.o(.text)
    DMA1_Stream4_IRQHandler                  0x080002bf   Thumb Code     0  startup_stm32f750xx.o(.text)
    DMA1_Stream5_IRQHandler                  0x080002bf   Thumb Code     0  startup_stm32f750xx.o(.text)
    DMA1_Stream6_IRQHandler                  0x080002bf   Thumb Code     0  startup_stm32f750xx.o(.text)
    DMA1_Stream7_IRQHandler                  0x080002bf   Thumb Code     0  startup_stm32f750xx.o(.text)
    DMA2D_IRQHandler                         0x080002bf   Thumb Code     0  startup_stm32f750xx.o(.text)
    DMA2_Stream0_IRQHandler                  0x080002bf   Thumb Code     0  startup_stm32f750xx.o(.text)
    DMA2_Stream1_IRQHandler                  0x080002bf   Thumb Code     0  startup_stm32f750xx.o(.text)
    DMA2_Stream2_IRQHandler                  0x080002bf   Thumb Code     0  startup_stm32f750xx.o(.text)
    DMA2_Stream3_IRQHandler                  0x080002bf   Thumb Code     0  startup_stm32f750xx.o(.text)
    DMA2_Stream4_IRQHandler                  0x080002bf   Thumb Code     0  startup_stm32f750xx.o(.text)
    DMA2_Stream5_IRQHandler                  0x080002bf   Thumb Code     0  startup_stm32f750xx.o(.text)
    DMA2_Stream6_IRQHandler                  0x080002bf   Thumb Code     0  startup_stm32f750xx.o(.text)
    DMA2_Stream7_IRQHandler                  0x080002bf   Thumb Code     0  startup_stm32f750xx.o(.text)
    ETH_IRQHandler                           0x080002bf   Thumb Code     0  startup_stm32f750xx.o(.text)
    ETH_WKUP_IRQHandler                      0x080002bf   Thumb Code     0  startup_stm32f750xx.o(.text)
    EXTI0_IRQHandler                         0x080002bf   Thumb Code     0  startup_stm32f750xx.o(.text)
    EXTI15_10_IRQHandler                     0x080002bf   Thumb Code     0  startup_stm32f750xx.o(.text)
    EXTI1_IRQHandler                         0x080002bf   Thumb Code     0  startup_stm32f750xx.o(.text)
    EXTI2_IRQHandler                         0x080002bf   Thumb Code     0  startup_stm32f750xx.o(.text)
    EXTI3_IRQHandler                         0x080002bf   Thumb Code     0  startup_stm32f750xx.o(.text)
    EXTI4_IRQHandler                         0x080002bf   Thumb Code     0  startup_stm32f750xx.o(.text)
    EXTI9_5_IRQHandler                       0x080002bf   Thumb Code     0  startup_stm32f750xx.o(.text)
    FLASH_IRQHandler                         0x080002bf   Thumb Code     0  startup_stm32f750xx.o(.text)
    FMC_IRQHandler                           0x080002bf   Thumb Code     0  startup_stm32f750xx.o(.text)
    FPU_IRQHandler                           0x080002bf   Thumb Code     0  startup_stm32f750xx.o(.text)
    HASH_RNG_IRQHandler                      0x080002bf   Thumb Code     0  startup_stm32f750xx.o(.text)
    I2C1_ER_IRQHandler                       0x080002bf   Thumb Code     0  startup_stm32f750xx.o(.text)
    I2C1_EV_IRQHandler                       0x080002bf   Thumb Code     0  startup_stm32f750xx.o(.text)
    I2C2_ER_IRQHandler                       0x080002bf   Thumb Code     0  startup_stm32f750xx.o(.text)
    I2C2_EV_IRQHandler                       0x080002bf   Thumb Code     0  startup_stm32f750xx.o(.text)
    I2C3_ER_IRQHandler                       0x080002bf   Thumb Code     0  startup_stm32f750xx.o(.text)
    I2C3_EV_IRQHandler                       0x080002bf   Thumb Code     0  startup_stm32f750xx.o(.text)
    I2C4_ER_IRQHandler                       0x080002bf   Thumb Code     0  startup_stm32f750xx.o(.text)
    I2C4_EV_IRQHandler                       0x080002bf   Thumb Code     0  startup_stm32f750xx.o(.text)
    LPTIM1_IRQHandler                        0x080002bf   Thumb Code     0  startup_stm32f750xx.o(.text)
    LTDC_ER_IRQHandler                       0x080002bf   Thumb Code     0  startup_stm32f750xx.o(.text)
    LTDC_IRQHandler                          0x080002bf   Thumb Code     0  startup_stm32f750xx.o(.text)
    OTG_FS_IRQHandler                        0x080002bf   Thumb Code     0  startup_stm32f750xx.o(.text)
    OTG_FS_WKUP_IRQHandler                   0x080002bf   Thumb Code     0  startup_stm32f750xx.o(.text)
    OTG_HS_EP1_IN_IRQHandler                 0x080002bf   Thumb Code     0  startup_stm32f750xx.o(.text)
    OTG_HS_EP1_OUT_IRQHandler                0x080002bf   Thumb Code     0  startup_stm32f750xx.o(.text)
    OTG_HS_IRQHandler                        0x080002bf   Thumb Code     0  startup_stm32f750xx.o(.text)
    OTG_HS_WKUP_IRQHandler                   0x080002bf   Thumb Code     0  startup_stm32f750xx.o(.text)
    PVD_IRQHandler                           0x080002bf   Thumb Code     0  startup_stm32f750xx.o(.text)
    QUADSPI_IRQHandler                       0x080002bf   Thumb Code     0  startup_stm32f750xx.o(.text)
    RCC_IRQHandler                           0x080002bf   Thumb Code     0  startup_stm32f750xx.o(.text)
    RTC_Alarm_IRQHandler                     0x080002bf   Thumb Code     0  startup_stm32f750xx.o(.text)
    RTC_WKUP_IRQHandler                      0x080002bf   Thumb Code     0  startup_stm32f750xx.o(.text)
    SAI1_IRQHandler                          0x080002bf   Thumb Code     0  startup_stm32f750xx.o(.text)
    SAI2_IRQHandler                          0x080002bf   Thumb Code     0  startup_stm32f750xx.o(.text)
    SDMMC1_IRQHandler                        0x080002bf   Thumb Code     0  startup_stm32f750xx.o(.text)
    SPDIF_RX_IRQHandler                      0x080002bf   Thumb Code     0  startup_stm32f750xx.o(.text)
    SPI1_IRQHandler                          0x080002bf   Thumb Code     0  startup_stm32f750xx.o(.text)
    SPI2_IRQHandler                          0x080002bf   Thumb Code     0  startup_stm32f750xx.o(.text)
    SPI3_IRQHandler                          0x080002bf   Thumb Code     0  startup_stm32f750xx.o(.text)
    SPI4_IRQHandler                          0x080002bf   Thumb Code     0  startup_stm32f750xx.o(.text)
    SPI5_IRQHandler                          0x080002bf   Thumb Code     0  startup_stm32f750xx.o(.text)
    SPI6_IRQHandler                          0x080002bf   Thumb Code     0  startup_stm32f750xx.o(.text)
    TAMP_STAMP_IRQHandler                    0x080002bf   Thumb Code     0  startup_stm32f750xx.o(.text)
    TIM1_BRK_TIM9_IRQHandler                 0x080002bf   Thumb Code     0  startup_stm32f750xx.o(.text)
    TIM1_CC_IRQHandler                       0x080002bf   Thumb Code     0  startup_stm32f750xx.o(.text)
    TIM1_TRG_COM_TIM11_IRQHandler            0x080002bf   Thumb Code     0  startup_stm32f750xx.o(.text)
    TIM6_DAC_IRQHandler                      0x080002bf   Thumb Code     0  startup_stm32f750xx.o(.text)
    TIM8_BRK_TIM12_IRQHandler                0x080002bf   Thumb Code     0  startup_stm32f750xx.o(.text)
    TIM8_CC_IRQHandler                       0x080002bf   Thumb Code     0  startup_stm32f750xx.o(.text)
    TIM8_UP_TIM13_IRQHandler                 0x080002bf   Thumb Code     0  startup_stm32f750xx.o(.text)
    UART5_IRQHandler                         0x080002bf   Thumb Code     0  startup_stm32f750xx.o(.text)
    UART8_IRQHandler                         0x080002bf   Thumb Code     0  startup_stm32f750xx.o(.text)
    WWDG_IRQHandler                          0x080002bf   Thumb Code     0  startup_stm32f750xx.o(.text)
    __aeabi_uldivmod                         0x080002c9   Thumb Code    98  uldiv.o(.text)
    ___aeabi_memcpy8$move                    0x0800032b   Thumb Code     0  memmovea.o(.text)
    __aeabi_memcpy                           0x0800032b   Thumb Code    64  memmovea.o(.text)
    __aeabi_memcpy4                          0x0800032b   Thumb Code     0  memmovea.o(.text)
    __aeabi_memmove                          0x0800032b   Thumb Code     0  memmovea.o(.text)
    __aeabi_memmove4                         0x0800032b   Thumb Code     0  memmovea.o(.text)
    __aeabi_memmove8                         0x0800032b   Thumb Code     0  memmovea.o(.text)
    __aeabi_memset                           0x0800036b   Thumb Code    14  memseta.o(.text)
    __aeabi_memset4                          0x0800036b   Thumb Code     0  memseta.o(.text)
    __aeabi_memset8                          0x0800036b   Thumb Code     0  memseta.o(.text)
    __aeabi_memclr                           0x08000379   Thumb Code     4  memseta.o(.text)
    __aeabi_memclr4                          0x08000379   Thumb Code     0  memseta.o(.text)
    __aeabi_memclr8                          0x08000379   Thumb Code     0  memseta.o(.text)
    memset                                   0x0800037d   Thumb Code    18  memseta.o(.text)
    __aeabi_dmul                             0x0800038f   Thumb Code   228  dmul.o(.text)
    __aeabi_ddiv                             0x08000473   Thumb Code   222  ddiv.o(.text)
    __aeabi_i2d                              0x08000551   Thumb Code    34  dflti.o(.text)
    __aeabi_f2d                              0x08000573   Thumb Code    38  f2d.o(.text)
    __aeabi_d2f                              0x08000599   Thumb Code    56  d2f.o(.text)
    __aeabi_llsl                             0x080005d1   Thumb Code    30  llshl.o(.text)
    _ll_shift_l                              0x080005d1   Thumb Code     0  llshl.o(.text)
    __aeabi_llsr                             0x080005ef   Thumb Code    32  llushr.o(.text)
    _ll_ushift_r                             0x080005ef   Thumb Code     0  llushr.o(.text)
    __I$use$fp                               0x0800060f   Thumb Code     0  iusefp.o(.text)
    _float_round                             0x0800060f   Thumb Code    18  fepilogue.o(.text)
    _float_epilogue                          0x08000621   Thumb Code    92  fepilogue.o(.text)
    _double_round                            0x0800067d   Thumb Code    30  depilogue.o(.text)
    _double_epilogue                         0x0800069b   Thumb Code   156  depilogue.o(.text)
    __scatterload                            0x08000739   Thumb Code    28  init.o(.text)
    __scatterload_rt2                        0x08000739   Thumb Code     0  init.o(.text)
    __decompress                             0x0800075d   Thumb Code     0  __dczerorl2.o(.text)
    __decompress1                            0x0800075d   Thumb Code    86  __dczerorl2.o(.text)
    Barrier_WavedPlate                       0x080007b5   Thumb Code    82  barrier.o(i.Barrier_WavedPlate)
    BusFault_Handler                         0x0800081d   Thumb Code     2  stm32f7xx_it.o(i.BusFault_Handler)
    DebugMon_Handler                         0x0800081f   Thumb Code     2  stm32f7xx_it.o(i.DebugMon_Handler)
    Encoder_init                             0x08000821   Thumb Code   776  encoder.o(i.Encoder_init)
    Error_Handler                            0x08000b3d   Thumb Code     4  main.o(i.Error_Handler)
    Go_Line                                  0x08000b41   Thumb Code   108  scaner.o(i.Go_Line)
    HAL_DMA_Abort                            0x08000bd1   Thumb Code   146  stm32f7xx_hal_dma.o(i.HAL_DMA_Abort)
    HAL_DMA_Abort_IT                         0x08000c63   Thumb Code    36  stm32f7xx_hal_dma.o(i.HAL_DMA_Abort_IT)
    HAL_GPIO_Init                            0x08000c89   Thumb Code   530  stm32f7xx_hal_gpio.o(i.HAL_GPIO_Init)
    HAL_GPIO_ReadPin                         0x08000ed1   Thumb Code    10  stm32f7xx_hal_gpio.o(i.HAL_GPIO_ReadPin)
    HAL_GPIO_TogglePin                       0x08000edb   Thumb Code    16  stm32f7xx_hal_gpio.o(i.HAL_GPIO_TogglePin)
    HAL_GPIO_WritePin                        0x08000eeb   Thumb Code    10  stm32f7xx_hal_gpio.o(i.HAL_GPIO_WritePin)
    HAL_GetTick                              0x08000ef5   Thumb Code     6  stm32f7xx_hal.o(i.HAL_GetTick)
    HAL_IncTick                              0x08000f01   Thumb Code    12  stm32f7xx_hal.o(i.HAL_IncTick)
    HAL_Init                                 0x08000f11   Thumb Code    22  stm32f7xx_hal.o(i.HAL_Init)
    HAL_InitTick                             0x08000f29   Thumb Code   100  stm32f7xx_hal_timebase_tim.o(i.HAL_InitTick)
    HAL_MspInit                              0x08000f9d   Thumb Code    52  stm32f7xx_hal_msp.o(i.HAL_MspInit)
    HAL_NVIC_EnableIRQ                       0x08000fd5   Thumb Code    26  stm32f7xx_hal_cortex.o(i.HAL_NVIC_EnableIRQ)
    HAL_NVIC_SetPriority                     0x08000ff1   Thumb Code    60  stm32f7xx_hal_cortex.o(i.HAL_NVIC_SetPriority)
    HAL_NVIC_SetPriorityGrouping             0x08001031   Thumb Code    28  stm32f7xx_hal_cortex.o(i.HAL_NVIC_SetPriorityGrouping)
    HAL_PWREx_EnableOverDrive                0x08001055   Thumb Code   100  stm32f7xx_hal_pwr_ex.o(i.HAL_PWREx_EnableOverDrive)
    HAL_RCCEx_PeriphCLKConfig                0x080010c1   Thumb Code  1276  stm32f7xx_hal_rcc_ex.o(i.HAL_RCCEx_PeriphCLKConfig)
    HAL_RCC_ClockConfig                      0x080015bd   Thumb Code   284  stm32f7xx_hal_rcc.o(i.HAL_RCC_ClockConfig)
    HAL_RCC_GetClockConfig                   0x080016ed   Thumb Code    56  stm32f7xx_hal_rcc.o(i.HAL_RCC_GetClockConfig)
    HAL_RCC_GetPCLK1Freq                     0x0800172d   Thumb Code    20  stm32f7xx_hal_rcc.o(i.HAL_RCC_GetPCLK1Freq)
    HAL_RCC_GetPCLK2Freq                     0x0800174d   Thumb Code    20  stm32f7xx_hal_rcc.o(i.HAL_RCC_GetPCLK2Freq)
    HAL_RCC_GetSysClockFreq                  0x0800176d   Thumb Code    88  stm32f7xx_hal_rcc.o(i.HAL_RCC_GetSysClockFreq)
    HAL_RCC_OscConfig                        0x080017cd   Thumb Code   888  stm32f7xx_hal_rcc.o(i.HAL_RCC_OscConfig)
    HAL_TIMEx_Break2Callback                 0x08001b51   Thumb Code     2  stm32f7xx_hal_tim_ex.o(i.HAL_TIMEx_Break2Callback)
    HAL_TIMEx_BreakCallback                  0x08001b53   Thumb Code     2  stm32f7xx_hal_tim_ex.o(i.HAL_TIMEx_BreakCallback)
    HAL_TIMEx_CommutCallback                 0x08001b55   Thumb Code     2  stm32f7xx_hal_tim_ex.o(i.HAL_TIMEx_CommutCallback)
    HAL_TIMEx_ConfigBreakDeadTime            0x08001b59   Thumb Code   150  stm32f7xx_hal_tim_ex.o(i.HAL_TIMEx_ConfigBreakDeadTime)
    HAL_TIMEx_MasterConfigSynchronization    0x08001bf9   Thumb Code   134  stm32f7xx_hal_tim_ex.o(i.HAL_TIMEx_MasterConfigSynchronization)
    HAL_TIM_Base_Init                        0x08001c9d   Thumb Code    98  stm32f7xx_hal_tim.o(i.HAL_TIM_Base_Init)
    HAL_TIM_Base_MspInit                     0x08001d01   Thumb Code   214  tim.o(i.HAL_TIM_Base_MspInit)
    HAL_TIM_Base_Start_IT                    0x08001df1   Thumb Code   106  stm32f7xx_hal_tim.o(i.HAL_TIM_Base_Start_IT)
    HAL_TIM_ConfigClockSource                0x08001e7d   Thumb Code   220  stm32f7xx_hal_tim.o(i.HAL_TIM_ConfigClockSource)
    HAL_TIM_IC_CaptureCallback               0x08001f5d   Thumb Code  2114  encoder.o(i.HAL_TIM_IC_CaptureCallback)
    HAL_TIM_IC_ConfigChannel                 0x0800279f   Thumb Code   290  stm32f7xx_hal_tim.o(i.HAL_TIM_IC_ConfigChannel)
    HAL_TIM_IC_Init                          0x080028c1   Thumb Code    98  stm32f7xx_hal_tim.o(i.HAL_TIM_IC_Init)
    HAL_TIM_IC_MspInit                       0x08002923   Thumb Code     2  stm32f7xx_hal_tim.o(i.HAL_TIM_IC_MspInit)
    HAL_TIM_IC_Start_IT                      0x08002925   Thumb Code   292  stm32f7xx_hal_tim.o(i.HAL_TIM_IC_Start_IT)
    HAL_TIM_IC_Stop_IT                       0x08002a69   Thumb Code   182  stm32f7xx_hal_tim.o(i.HAL_TIM_IC_Stop_IT)
    HAL_TIM_IRQHandler                       0x08002b1f   Thumb Code   386  stm32f7xx_hal_tim.o(i.HAL_TIM_IRQHandler)
    HAL_TIM_MspPostInit                      0x08002ca1   Thumb Code   112  tim.o(i.HAL_TIM_MspPostInit)
    HAL_TIM_OC_DelayElapsedCallback          0x08002d21   Thumb Code     2  stm32f7xx_hal_tim.o(i.HAL_TIM_OC_DelayElapsedCallback)
    HAL_TIM_PWM_ConfigChannel                0x08002d23   Thumb Code   292  stm32f7xx_hal_tim.o(i.HAL_TIM_PWM_ConfigChannel)
    HAL_TIM_PWM_Init                         0x08002e47   Thumb Code    98  stm32f7xx_hal_tim.o(i.HAL_TIM_PWM_Init)
    HAL_TIM_PWM_MspInit                      0x08002ea9   Thumb Code     2  stm32f7xx_hal_tim.o(i.HAL_TIM_PWM_MspInit)
    HAL_TIM_PWM_PulseFinishedCallback        0x08002eab   Thumb Code     2  stm32f7xx_hal_tim.o(i.HAL_TIM_PWM_PulseFinishedCallback)
    HAL_TIM_PWM_Start                        0x08002ead   Thumb Code   216  stm32f7xx_hal_tim.o(i.HAL_TIM_PWM_Start)
    HAL_TIM_PWM_Start_IT                     0x08002fa5   Thumb Code   262  stm32f7xx_hal_tim.o(i.HAL_TIM_PWM_Start_IT)
    HAL_TIM_PeriodElapsedCallback            0x080030cd   Thumb Code    14  main.o(i.HAL_TIM_PeriodElapsedCallback)
    HAL_TIM_TriggerCallback                  0x080030e1   Thumb Code     2  stm32f7xx_hal_tim.o(i.HAL_TIM_TriggerCallback)
    HAL_UARTEx_RxEventCallback               0x080030e3   Thumb Code     2  stm32f7xx_hal_uart.o(i.HAL_UARTEx_RxEventCallback)
    HAL_UART_ErrorCallback                   0x080030e5   Thumb Code     2  stm32f7xx_hal_uart.o(i.HAL_UART_ErrorCallback)
    HAL_UART_GetState                        0x080030e7   Thumb Code    10  stm32f7xx_hal_uart.o(i.HAL_UART_GetState)
    HAL_UART_IRQHandler                      0x080030f1   Thumb Code   630  stm32f7xx_hal_uart.o(i.HAL_UART_IRQHandler)
    HAL_UART_Init                            0x08003371   Thumb Code   102  stm32f7xx_hal_uart.o(i.HAL_UART_Init)
    HAL_UART_MspInit                         0x080033d9   Thumb Code   498  usart.o(i.HAL_UART_MspInit)
    HAL_UART_Receive_IT                      0x080035fd   Thumb Code    72  stm32f7xx_hal_uart.o(i.HAL_UART_Receive_IT)
    HAL_UART_RxCpltCallback                  0x08003645   Thumb Code    76  uart.o(i.HAL_UART_RxCpltCallback)
    HAL_UART_TxCpltCallback                  0x0800369d   Thumb Code     2  stm32f7xx_hal_uart.o(i.HAL_UART_TxCpltCallback)
    HardFault_Handler                        0x0800369f   Thumb Code     2  stm32f7xx_it.o(i.HardFault_Handler)
    IIC_Ack                                  0x080036a1   Thumb Code    70  iic.o(i.IIC_Ack)
    IIC_Init                                 0x080036ed   Thumb Code    72  iic.o(i.IIC_Init)
    IIC_NAck                                 0x0800373d   Thumb Code    70  iic.o(i.IIC_NAck)
    IIC_Read_Byte                            0x08003789   Thumb Code   106  iic.o(i.IIC_Read_Byte)
    IIC_Send_Byte                            0x080037f9   Thumb Code   106  iic.o(i.IIC_Send_Byte)
    IIC_Start                                0x08003869   Thumb Code    70  iic.o(i.IIC_Start)
    IIC_Stop                                 0x080038b5   Thumb Code    72  iic.o(i.IIC_Stop)
    IIC_Wait_Ack                             0x08003901   Thumb Code    96  iic.o(i.IIC_Wait_Ack)
    Line_Scan                                0x08003965   Thumb Code   312  scaner.o(i.Line_Scan)
    MX_FREERTOS_Init                         0x08003aad   Thumb Code     2  freertos.o(i.MX_FREERTOS_Init)
    MX_GPIO_Init                             0x08003ab1   Thumb Code   292  gpio.o(i.MX_GPIO_Init)
    MX_TIM1_Init                             0x08003bed   Thumb Code   252  tim.o(i.MX_TIM1_Init)
    MX_TIM2_Init                             0x08003cf1   Thumb Code   194  tim.o(i.MX_TIM2_Init)
    MX_TIM3_Init                             0x08003db9   Thumb Code   190  tim.o(i.MX_TIM3_Init)
    MX_USART2_UART_Init                      0x08003e81   Thumb Code    52  usart.o(i.MX_USART2_UART_Init)
    MX_USART3_UART_Init                      0x08003ebd   Thumb Code    52  usart.o(i.MX_USART3_UART_Init)
    MX_USART6_UART_Init                      0x08003ef9   Thumb Code    52  usart.o(i.MX_USART6_UART_Init)
    MemManage_Handler                        0x08003f35   Thumb Code     2  stm32f7xx_it.o(i.MemManage_Handler)
    NMI_Handler                              0x08003f37   Thumb Code     2  stm32f7xx_it.o(i.NMI_Handler)
    Rudder_Init                              0x08003f39   Thumb Code   118  rudder_control.o(i.Rudder_Init)
    Rudder_ReadOneByte                       0x08003fb9   Thumb Code    58  rudder_control.o(i.Rudder_ReadOneByte)
    Rudder_WriteOneByte                      0x08003ff3   Thumb Code    54  rudder_control.o(i.Rudder_WriteOneByte)
    Rudder_control                           0x08004029   Thumb Code   182  rudder_control.o(i.Rudder_control)
    SDA                                      0x080040e1   Thumb Code    66  iic.o(i.SDA)
    Start_task                               0x08004129   Thumb Code    30  temporary_task.o(i.Start_task)
    Start_task_create                        0x0800414d   Thumb Code    24  task_create.o(i.Start_task_create)
    SysTick_Handler                          0x08004179   Thumb Code    42  port.o(i.SysTick_Handler)
    SystemClock_Config                       0x080041a9   Thumb Code   188  main.o(i.SystemClock_Config)
    SystemInit                               0x0800426d   Thumb Code    12  system_stm32f7xx.o(i.SystemInit)
    TIM1_UP_TIM10_IRQHandler                 0x0800427d   Thumb Code     6  stm32f7xx_it.o(i.TIM1_UP_TIM10_IRQHandler)
    TIM2_IRQHandler                          0x08004289   Thumb Code     6  stm32f7xx_it.o(i.TIM2_IRQHandler)
    TIM3_IRQHandler                          0x08004295   Thumb Code     6  stm32f7xx_it.o(i.TIM3_IRQHandler)
    TIM4_IRQHandler                          0x080042a1   Thumb Code    44  usmart.o(i.TIM4_IRQHandler)
    TIM5_IRQHandler                          0x080042d5   Thumb Code    28  sin_generate.o(i.TIM5_IRQHandler)
    TIM7_IRQHandler                          0x080042f9   Thumb Code    86  delay.o(i.TIM7_IRQHandler)
    TIM8_TRG_COM_TIM14_IRQHandler            0x08004365   Thumb Code     6  stm32f7xx_it.o(i.TIM8_TRG_COM_TIM14_IRQHandler)
    TIM_Base_SetConfig                       0x08004371   Thumb Code   158  stm32f7xx_hal_tim.o(i.TIM_Base_SetConfig)
    TIM_CCxChannelCmd                        0x0800443d   Thumb Code    26  stm32f7xx_hal_tim.o(i.TIM_CCxChannelCmd)
    TIM_ETR_SetConfig                        0x08004457   Thumb Code    18  stm32f7xx_hal_tim.o(i.TIM_ETR_SetConfig)
    TIM_OC2_SetConfig                        0x080044ed   Thumb Code   108  stm32f7xx_hal_tim.o(i.TIM_OC2_SetConfig)
    TIM_TI1_SetConfig                        0x08004709   Thumb Code   100  stm32f7xx_hal_tim.o(i.TIM_TI1_SetConfig)
    Timer4_Init                              0x080047e5   Thumb Code    68  usmart.o(i.Timer4_Init)
    Timer5_Init                              0x08004835   Thumb Code    72  sin_generate.o(i.Timer5_Init)
    Turn_Angle                               0x08004889   Thumb Code   176  turn.o(i.Turn_Angle)
    UART4_IRQHandler                         0x08004955   Thumb Code   224  imu_task.o(i.UART4_IRQHandler)
    UART7_IRQHandler                         0x08004a4d   Thumb Code    58  openmv.o(i.UART7_IRQHandler)
    UART_AdvFeatureConfig                    0x08004a91   Thumb Code   200  stm32f7xx_hal_uart.o(i.UART_AdvFeatureConfig)
    UART_CheckIdleState                      0x08004b59   Thumb Code    64  stm32f7xx_hal_uart.o(i.UART_CheckIdleState)
    UART_SetConfig                           0x08004d35   Thumb Code   516  stm32f7xx_hal_uart.o(i.UART_SetConfig)
    UART_Start_Receive_IT                    0x08004f65   Thumb Code   176  stm32f7xx_hal_uart.o(i.UART_Start_Receive_IT)
    UART_WaitOnFlagUntilTimeout              0x0800501d   Thumb Code   202  stm32f7xx_hal_uart.o(i.UART_WaitOnFlagUntilTimeout)
    USART1_IRQHandler                        0x080050e9   Thumb Code    56  uart.o(i.USART1_IRQHandler)
    USART2_IRQHandler                        0x0800512d   Thumb Code     6  stm32f7xx_it.o(i.USART2_IRQHandler)
    USART3_IRQHandler                        0x08005139   Thumb Code     6  stm32f7xx_it.o(i.USART3_IRQHandler)
    USART6_IRQHandler                        0x08005145   Thumb Code     6  stm32f7xx_it.o(i.USART6_IRQHandler)
    UsageFault_Handler                       0x08005151   Thumb Code     2  stm32f7xx_it.o(i.UsageFault_Handler)
    __0printf$8                              0x08005155   Thumb Code    22  printf8.o(i.__0printf$8)
    __1printf$8                              0x08005155   Thumb Code     0  printf8.o(i.__0printf$8)
    __2printf                                0x08005155   Thumb Code     0  printf8.o(i.__0printf$8)
    __scatterload_copy                       0x08005197   Thumb Code    14  handlers.o(i.__scatterload_copy)
    __scatterload_null                       0x080051a5   Thumb Code     2  handlers.o(i.__scatterload_null)
    __scatterload_zeroinit                   0x080051a7   Thumb Code    14  handlers.o(i.__scatterload_zeroinit)
    chage_target                             0x0800560d   Thumb Code    12  pid.o(i.chage_target)
    delay_init                               0x08005621   Thumb Code    72  delay.o(i.delay_init)
    delay_ms                                 0x08005675   Thumb Code    28  delay.o(i.delay_ms)
    delay_us                                 0x08005691   Thumb Code    14  delay.o(i.delay_us)
    fputc                                    0x080056a5   Thumb Code    14  uart.o(i.fputc)
    getAngleZ                                0x080056b9   Thumb Code    50  turn.o(i.getAngleZ)
    get_detail                               0x080056fd   Thumb Code   208  scaner.o(i.get_detail)
    get_motor_speed                          0x080057e1   Thumb Code   238  motor_task.o(i.get_motor_speed)
    getline_error                            0x080058f1   Thumb Code    28  scaner.o(i.getline_error)
    gradual_cal                              0x08005915   Thumb Code    82  speed_ctrl.o(i.gradual_cal)
    gyro_init                                0x08005969   Thumb Code    42  imu_task.o(i.gyro_init)
    incremental_PID                          0x0800599d   Thumb Code   176  pid.o(i.incremental_PID)
    main                                     0x08005a51   Thumb Code   130  main.o(i.main)
    main_task                                0x08005add   Thumb Code    34  main_task.o(i.main_task)
    main_task_create                         0x08005b05   Thumb Code    26  task_create.o(i.main_task_create)
    mapInit                                  0x08005b35   Thumb Code    74  map.o(i.mapInit)
    motor_init                               0x08005b91   Thumb Code    74  motor.o(i.motor_init)
    motor_pid_clear                          0x08005be5   Thumb Code    86  pid.o(i.motor_pid_clear)
    motor_set_pwm                            0x08005c41   Thumb Code   116  motor.o(i.motor_set_pwm)
    motor_task                               0x08005cb9   Thumb Code   654  motor_task.o(i.motor_task)
    motor_task_create                        0x08005fbd   Thumb Code    26  motor_task.o(i.motor_task_create)
    mpuZreset                                0x08005fed   Thumb Code    14  turn.o(i.mpuZreset)
    mv_init                                  0x08006001   Thumb Code    32  openmv.o(i.mv_init)
    need2turn                                0x08006029   Thumb Code    40  turn.o(i.need2turn)
    osKernelStart                            0x0800605d   Thumb Code    10  cmsis_os.o(i.osKernelStart)
    pid_init                                 0x08006069   Thumb Code   250  pid.o(i.pid_init)
    pid_mode_switch                          0x08006189   Thumb Code   202  motor_task.o(i.pid_mode_switch)
    positional_PID                           0x0800626d   Thumb Code   156  pid.o(i.positional_PID)
    pvPortMalloc                             0x0800666d   Thumb Code   222  heap_4.o(i.pvPortMalloc)
    pxPortInitialiseStack                    0x08006751   Thumb Code    42  port.o(i.pxPortInitialiseStack)
    read_addr                                0x08006781   Thumb Code     4  usmart.o(i.read_addr)
    runWithAngle                             0x08006785   Thumb Code   130  turn.o(i.runWithAngle)
    speed_pid_kd                             0x0800681d   Thumb Code    34  pid.o(i.speed_pid_kd)
    speed_pid_ki                             0x0800684d   Thumb Code    34  pid.o(i.speed_pid_ki)
    speed_pid_kp                             0x0800687d   Thumb Code    34  pid.o(i.speed_pid_kp)
    uart_init                                0x080068ad   Thumb Code    44  uart.o(i.uart_init)
    user_init                                0x080068e5   Thumb Code   112  temporary_task.o(i.user_init)
    usmart_cmd_rec                           0x08006961   Thumb Code   142  usmart.o(i.usmart_cmd_rec)
    usmart_exe                               0x080069f5   Thumb Code   514  usmart.o(i.usmart_exe)
    usmart_get_aparm                         0x08006c59   Thumb Code   166  usmart_str.o(i.usmart_get_aparm)
    usmart_get_cmdname                       0x08006cff   Thumb Code    46  usmart_str.o(i.usmart_get_cmdname)
    usmart_get_fname                         0x08006d2d   Thumb Code   362  usmart_str.o(i.usmart_get_fname)
    usmart_get_fparam                        0x08006ea1   Thumb Code   222  usmart_str.o(i.usmart_get_fparam)
    usmart_get_parmpos                       0x08006f85   Thumb Code    30  usmart_str.o(i.usmart_get_parmpos)
    usmart_get_runtime                       0x08006fa9   Thumb Code    42  usmart.o(i.usmart_get_runtime)
    usmart_init                              0x08006fdd   Thumb Code    36  usmart.o(i.usmart_init)
    usmart_pid                               0x08007005   Thumb Code     2  pid.o(i.usmart_pid)
    usmart_pow                               0x08007007   Thumb Code    16  usmart_str.o(i.usmart_pow)
    usmart_reset_runtime                     0x08007019   Thumb Code    34  usmart.o(i.usmart_reset_runtime)
    usmart_scan                              0x08007045   Thumb Code    94  usmart.o(i.usmart_scan)
    usmart_search_nextc                      0x080070e9   Thumb Code    16  usmart_str.o(i.usmart_search_nextc)
    usmart_str2num                           0x080070f9   Thumb Code   216  usmart_str.o(i.usmart_str2num)
    usmart_strcmp                            0x080071d1   Thumb Code    24  usmart_str.o(i.usmart_strcmp)
    usmart_strcopy                           0x080071e9   Thumb Code    18  usmart_str.o(i.usmart_strcopy)
    usmart_strlen                            0x080071fb   Thumb Code    18  usmart_str.o(i.usmart_strlen)
    usmart_sys_cmd_exe                       0x0800720d   Thumb Code  1458  usmart.o(i.usmart_sys_cmd_exe)
    uxListRemove                             0x0800788d   Thumb Code    38  list.o(i.uxListRemove)
    vApplicationGetIdleTaskMemory            0x080078b5   Thumb Code    18  freertos.o(i.vApplicationGetIdleTaskMemory)
    vListInitialise                          0x080078cd   Thumb Code    22  list.o(i.vListInitialise)
    vListInitialiseItem                      0x080078e3   Thumb Code     6  list.o(i.vListInitialiseItem)
    vListInsert                              0x080078e9   Thumb Code    48  list.o(i.vListInsert)
    vListInsertEnd                           0x08007919   Thumb Code    24  list.o(i.vListInsertEnd)
    vPortEnterCritical                       0x08007931   Thumb Code    62  port.o(i.vPortEnterCritical)
    vPortExitCritical                        0x08007979   Thumb Code    38  port.o(i.vPortExitCritical)
    vPortFree                                0x080079a5   Thumb Code    96  heap_4.o(i.vPortFree)
    vPortSetupTimerInterrupt                 0x08007a09   Thumb Code    32  port.o(i.vPortSetupTimerInterrupt)
    vTaskDelay                               0x08007a2d   Thumb Code    70  tasks.o(i.vTaskDelay)
    vTaskDelayUntil                          0x08007a7d   Thumb Code   144  tasks.o(i.vTaskDelayUntil)
    vTaskDelete                              0x08007b15   Thumb Code   162  tasks.o(i.vTaskDelete)
    vTaskStartScheduler                      0x08007bc5   Thumb Code    94  tasks.o(i.vTaskStartScheduler)
    vTaskSuspendAll                          0x08007c35   Thumb Code    10  tasks.o(i.vTaskSuspendAll)
    vTaskSwitchContext                       0x08007c45   Thumb Code    86  tasks.o(i.vTaskSwitchContext)
    write_addr                               0x08007ca5   Thumb Code     4  usmart.o(i.write_addr)
    xPortStartScheduler                      0x08007ca9   Thumb Code   176  port.o(i.xPortStartScheduler)
    xTaskCreate                              0x08007d69   Thumb Code    90  tasks.o(i.xTaskCreate)
    xTaskCreateStatic                        0x08007dc3   Thumb Code    94  tasks.o(i.xTaskCreateStatic)
    xTaskGetTickCount                        0x08007e21   Thumb Code     6  tasks.o(i.xTaskGetTickCount)
    xTaskIncrementTick                       0x08007e2d   Thumb Code   196  tasks.o(i.xTaskIncrementTick)
    xTaskResumeAll                           0x08007ef9   Thumb Code   188  tasks.o(i.xTaskResumeAll)
    AHBPrescTable                            0x08007fc0   Data          16  system_stm32f7xx.o(.constdata)
    APBPrescTable                            0x08007fd0   Data           8  system_stm32f7xx.o(.constdata)
    line_weight                              0x08007ff4   Data          64  scaner.o(.constdata)
    Region$$Table$$Base                      0x0800817c   Number         0  anon$$obj.o(Region$$Table)
    Region$$Table$$Limit                     0x0800819c   Number         0  anon$$obj.o(Region$$Table)
    uwTickFreq                               0x20000000   Data           1  stm32f7xx_hal.o(.data)
    uwTickPrio                               0x20000004   Data           4  stm32f7xx_hal.o(.data)
    uwTick                                   0x20000008   Data           4  stm32f7xx_hal.o(.data)
    SystemCoreClock                          0x2000000c   Data           4  system_stm32f7xx.o(.data)
    pxCurrentTCB                             0x20000010   Data           4  tasks.o(.data)
    Start_handler                            0x20000074   Data           4  task_create.o(.data)
    main_handler                             0x20000078   Data           4  task_create.o(.data)
    sin1                                     0x2000007c   Data          16  sin_generate.o(.data)
    aRxBuffer                                0x2000008c   Data           1  uart.o(.data)
    USART_RX_STA                             0x2000008e   Data           2  uart.o(.data)
    __stdout                                 0x20000090   Data           4  uart.o(.data)
    sys_cmd_tab                              0x20000094   Data          28  usmart.o(.data)
    usmart_nametab                           0x200000b0   Data          64  usmart_config.o(.data)
    usmart_dev                               0x200000f0   Data         244  usmart_config.o(.data)
    capture_Cnt                              0x200001e4   Data           4  encoder.o(.data)
    level_before                             0x200001e8   Data           4  encoder.o(.data)
    level_latter                             0x200001ec   Data           4  encoder.o(.data)
    frist_flag                               0x200001f0   Data           4  encoder.o(.data)
    temp_i                                   0x200001f4   Data           4  encoder.o(.data)
    dog                                      0x200001f8   Data           4  encoder.o(.data)
    line_gyro_switch                         0x200001fc   Data           1  motor_task.o(.data)
    PIDMode                                  0x200001fe   Data           1  motor_task.o(.data)
    motor_handler                            0x20000200   Data           4  motor_task.o(.data)
    dirct                                    0x20000204   Data          16  motor_task.o(.data)
    color                                    0x20000219   Data           1  openmv.o(.data)
    Node                                     0x20000220   Data        2520  map_message.o(.data)
    scaner_set                               0x20000bf8   Data           8  scaner.o(.data)
    motor_all                                0x20000c00   Data          44  speed_ctrl.o(.data)
    angle                                    0x20000c2c   Data           8  turn.o(.data)
    htim1                                    0x20000e88   Data          76  tim.o(.bss)
    htim2                                    0x20000ed4   Data          76  tim.o(.bss)
    htim3                                    0x20000f20   Data          76  tim.o(.bss)
    huart2                                   0x20000f6c   Data         132  usart.o(.bss)
    huart3                                   0x20000ff0   Data         132  usart.o(.bss)
    huart6                                   0x20001074   Data         132  usart.o(.bss)
    htim14                                   0x200010f8   Data          76  stm32f7xx_hal_timebase_tim.o(.bss)
    TIM7_Handler                             0x20004e34   Data          76  delay.o(.bss)
    motor_L0                                 0x20004e80   Data          24  pid.o(.bss)
    motor_L1                                 0x20004e98   Data          24  pid.o(.bss)
    motor_R0                                 0x20004eb0   Data          24  pid.o(.bss)
    motor_R1                                 0x20004ec8   Data          24  pid.o(.bss)
    motor_pid_paramL0                        0x20004ee0   Data          28  pid.o(.bss)
    motor_pid_paramL1                        0x20004efc   Data          28  pid.o(.bss)
    motor_pid_paramR0                        0x20004f18   Data          28  pid.o(.bss)
    motor_pid_paramR1                        0x20004f34   Data          28  pid.o(.bss)
    line_pid_param                           0x20004f50   Data          28  pid.o(.bss)
    gyroT_pid_param                          0x20004f6c   Data          28  pid.o(.bss)
    gyroG_pid_param                          0x20004f88   Data          28  pid.o(.bss)
    line_pid_obj                             0x20004fa4   Data          28  pid.o(.bss)
    gyroT_pid                                0x20004fc0   Data          28  pid.o(.bss)
    gyroG_pid                                0x20004fdc   Data          28  pid.o(.bss)
    TIM5_Handler                             0x20004ff8   Data          76  sin_generate.o(.bss)
    USART_RX_BUF                             0x20005044   Data         200  uart.o(.bss)
    UART1_Handler                            0x2000510c   Data         132  uart.o(.bss)
    TIM4_Handler                             0x20005190   Data          76  usmart.o(.bss)
    capture_Buf_before                       0x200051dc   Data          16  encoder.o(.bss)
    capture_Buf_latter                       0x200051ec   Data          16  encoder.o(.bss)
    high_time                                0x200051fc   Data          16  encoder.o(.bss)
    real_time                                0x2000520c   Data          16  encoder.o(.bss)
    direction                                0x2000521c   Data          16  encoder.o(.bss)
    pulse_num                                0x2000522c   Data          16  encoder.o(.bss)
    pulse_out                                0x2000523c   Data          16  encoder.o(.bss)
    temp_time                                0x2000524c   Data         128  encoder.o(.bss)
    wheel_1                                  0x200052cc   Data          92  encoder.o(.bss)
    wheel_2                                  0x20005328   Data          92  encoder.o(.bss)
    wheel_3                                  0x20005384   Data          92  encoder.o(.bss)
    wheel_4                                  0x200053e0   Data          92  encoder.o(.bss)
    imu                                      0x20005448   Data          20  imu_task.o(.bss)
    gyro                                     0x2000545c   Data         132  imu_task.o(.bss)
    mv                                       0x200054e0   Data         132  openmv.o(.bss)
    nodesr                                   0x20005564   Data          44  map.o(.bss)
    Scaner                                   0x20005590   Data          12  scaner.o(.bss)
    TC_speed                                 0x2000559c   Data          12  speed_ctrl.o(.bss)
    TG_speed                                 0x200055a8   Data          12  speed_ctrl.o(.bss)
    __initial_sp                             0x200059b8   Data           0  startup_stm32f750xx.o(STACK)



==============================================================================

Memory Map of the image

  Image Entry point : 0x080001c9

  Load Region LR_IROM1 (Base: 0x08000000, Size: 0x00008dd0, Max: 0x00010000, ABSOLUTE, COMPRESSED[0x00008654])

    Execution Region ER_IROM1 (Exec base: 0x08000000, Load base: 0x08000000, Size: 0x0000819c, Max: 0x00010000, ABSOLUTE)

    Exec Addr    Load Addr    Size         Type   Attr      Idx    E Section Name        Object

    0x08000000   0x08000000   0x000001c8   Data   RO            3    RESET               startup_stm32f750xx.o
    0x080001c8   0x080001c8   0x00000000   Code   RO         6645  * .ARM.Collect$$$$00000000  mc_w.l(entry.o)
    0x080001c8   0x080001c8   0x00000004   Code   RO         6967    .ARM.Collect$$$$00000001  mc_w.l(entry2.o)
    0x080001cc   0x080001cc   0x00000004   Code   RO         6970    .ARM.Collect$$$$00000004  mc_w.l(entry5.o)
    0x080001d0   0x080001d0   0x00000000   Code   RO         6972    .ARM.Collect$$$$00000008  mc_w.l(entry7b.o)
    0x080001d0   0x080001d0   0x00000000   Code   RO         6974    .ARM.Collect$$$$0000000A  mc_w.l(entry8b.o)
    0x080001d0   0x080001d0   0x00000008   Code   RO         6975    .ARM.Collect$$$$0000000B  mc_w.l(entry9a.o)
    0x080001d8   0x080001d8   0x00000004   Code   RO         6982    .ARM.Collect$$$$0000000E  mc_w.l(entry12b.o)
    0x080001dc   0x080001dc   0x00000000   Code   RO         6977    .ARM.Collect$$$$0000000F  mc_w.l(entry10a.o)
    0x080001dc   0x080001dc   0x00000000   Code   RO         6979    .ARM.Collect$$$$00000011  mc_w.l(entry11a.o)
    0x080001dc   0x080001dc   0x00000004   Code   RO         6968    .ARM.Collect$$$$00002712  mc_w.l(entry2.o)
    0x080001e0   0x080001e0   0x000000c2   Code   RO         4968    .emb_text           port.o
    0x080002a2   0x080002a2   0x00000002   PAD
    0x080002a4   0x080002a4   0x00000024   Code   RO            4    .text               startup_stm32f750xx.o
    0x080002c8   0x080002c8   0x00000062   Code   RO         6648    .text               mc_w.l(uldiv.o)
    0x0800032a   0x0800032a   0x00000040   Code   RO         6652    .text               mc_w.l(memmovea.o)
    0x0800036a   0x0800036a   0x00000024   Code   RO         6656    .text               mc_w.l(memseta.o)
    0x0800038e   0x0800038e   0x000000e4   Code   RO         6925    .text               mf_w.l(dmul.o)
    0x08000472   0x08000472   0x000000de   Code   RO         6927    .text               mf_w.l(ddiv.o)
    0x08000550   0x08000550   0x00000022   Code   RO         6929    .text               mf_w.l(dflti.o)
    0x08000572   0x08000572   0x00000026   Code   RO         6933    .text               mf_w.l(f2d.o)
    0x08000598   0x08000598   0x00000038   Code   RO         6937    .text               mf_w.l(d2f.o)
    0x080005d0   0x080005d0   0x0000001e   Code   RO         6985    .text               mc_w.l(llshl.o)
    0x080005ee   0x080005ee   0x00000020   Code   RO         6987    .text               mc_w.l(llushr.o)
    0x0800060e   0x0800060e   0x00000000   Code   RO         6998    .text               mc_w.l(iusefp.o)
    0x0800060e   0x0800060e   0x0000006e   Code   RO         6999    .text               mf_w.l(fepilogue.o)
    0x0800067c   0x0800067c   0x000000ba   Code   RO         7001    .text               mf_w.l(depilogue.o)
    0x08000736   0x08000736   0x00000002   PAD
    0x08000738   0x08000738   0x00000024   Code   RO         7017    .text               mc_w.l(init.o)
    0x0800075c   0x0800075c   0x00000056   Code   RO         7029    .text               mc_w.l(__dczerorl2.o)
    0x080007b2   0x080007b2   0x00000002   PAD
    0x080007b4   0x080007b4   0x00000068   Code   RO         6137    i.Barrier_WavedPlate  barrier.o
    0x0800081c   0x0800081c   0x00000002   Code   RO          445    i.BusFault_Handler  stm32f7xx_it.o
    0x0800081e   0x0800081e   0x00000002   Code   RO          446    i.DebugMon_Handler  stm32f7xx_it.o
    0x08000820   0x08000820   0x0000031c   Code   RO         5762    i.Encoder_init      encoder.o
    0x08000b3c   0x08000b3c   0x00000004   Code   RO           13    i.Error_Handler     main.o
    0x08000b40   0x08000b40   0x00000090   Code   RO         6476    i.Go_Line           scaner.o
    0x08000bd0   0x08000bd0   0x00000092   Code   RO         1156    i.HAL_DMA_Abort     stm32f7xx_hal_dma.o
    0x08000c62   0x08000c62   0x00000024   Code   RO         1157    i.HAL_DMA_Abort_IT  stm32f7xx_hal_dma.o
    0x08000c86   0x08000c86   0x00000002   PAD
    0x08000c88   0x08000c88   0x00000248   Code   RO         1090    i.HAL_GPIO_Init     stm32f7xx_hal_gpio.o
    0x08000ed0   0x08000ed0   0x0000000a   Code   RO         1092    i.HAL_GPIO_ReadPin  stm32f7xx_hal_gpio.o
    0x08000eda   0x08000eda   0x00000010   Code   RO         1093    i.HAL_GPIO_TogglePin  stm32f7xx_hal_gpio.o
    0x08000eea   0x08000eea   0x0000000a   Code   RO         1094    i.HAL_GPIO_WritePin  stm32f7xx_hal_gpio.o
    0x08000ef4   0x08000ef4   0x0000000c   Code   RO         1531    i.HAL_GetTick       stm32f7xx_hal.o
    0x08000f00   0x08000f00   0x00000010   Code   RO         1537    i.HAL_IncTick       stm32f7xx_hal.o
    0x08000f10   0x08000f10   0x00000016   Code   RO         1538    i.HAL_Init          stm32f7xx_hal.o
    0x08000f26   0x08000f26   0x00000002   PAD
    0x08000f28   0x08000f28   0x00000074   Code   RO          569    i.HAL_InitTick      stm32f7xx_hal_timebase_tim.o
    0x08000f9c   0x08000f9c   0x00000038   Code   RO          545    i.HAL_MspInit       stm32f7xx_hal_msp.o
    0x08000fd4   0x08000fd4   0x0000001a   Code   RO          613    i.HAL_NVIC_EnableIRQ  stm32f7xx_hal_cortex.o
    0x08000fee   0x08000fee   0x00000002   PAD
    0x08000ff0   0x08000ff0   0x00000040   Code   RO          619    i.HAL_NVIC_SetPriority  stm32f7xx_hal_cortex.o
    0x08001030   0x08001030   0x00000024   Code   RO          620    i.HAL_NVIC_SetPriorityGrouping  stm32f7xx_hal_cortex.o
    0x08001054   0x08001054   0x0000006c   Code   RO         1430    i.HAL_PWREx_EnableOverDrive  stm32f7xx_hal_pwr_ex.o
    0x080010c0   0x080010c0   0x000004fc   Code   RO          851    i.HAL_RCCEx_PeriphCLKConfig  stm32f7xx_hal_rcc_ex.o
    0x080015bc   0x080015bc   0x00000130   Code   RO          744    i.HAL_RCC_ClockConfig  stm32f7xx_hal_rcc.o
    0x080016ec   0x080016ec   0x00000040   Code   RO          748    i.HAL_RCC_GetClockConfig  stm32f7xx_hal_rcc.o
    0x0800172c   0x0800172c   0x00000020   Code   RO          751    i.HAL_RCC_GetPCLK1Freq  stm32f7xx_hal_rcc.o
    0x0800174c   0x0800174c   0x00000020   Code   RO          752    i.HAL_RCC_GetPCLK2Freq  stm32f7xx_hal_rcc.o
    0x0800176c   0x0800176c   0x00000060   Code   RO          753    i.HAL_RCC_GetSysClockFreq  stm32f7xx_hal_rcc.o
    0x080017cc   0x080017cc   0x00000384   Code   RO          756    i.HAL_RCC_OscConfig  stm32f7xx_hal_rcc.o
    0x08001b50   0x08001b50   0x00000002   Code   RO         3006    i.HAL_TIMEx_Break2Callback  stm32f7xx_hal_tim_ex.o
    0x08001b52   0x08001b52   0x00000002   Code   RO         3007    i.HAL_TIMEx_BreakCallback  stm32f7xx_hal_tim_ex.o
    0x08001b54   0x08001b54   0x00000002   Code   RO         3008    i.HAL_TIMEx_CommutCallback  stm32f7xx_hal_tim_ex.o
    0x08001b56   0x08001b56   0x00000002   PAD
    0x08001b58   0x08001b58   0x000000a0   Code   RO         3010    i.HAL_TIMEx_ConfigBreakDeadTime  stm32f7xx_hal_tim_ex.o
    0x08001bf8   0x08001bf8   0x000000a4   Code   RO         3027    i.HAL_TIMEx_MasterConfigSynchronization  stm32f7xx_hal_tim_ex.o
    0x08001c9c   0x08001c9c   0x00000062   Code   RO         2292    i.HAL_TIM_Base_Init  stm32f7xx_hal_tim.o
    0x08001cfe   0x08001cfe   0x00000002   PAD
    0x08001d00   0x08001d00   0x000000f0   Code   RO          331    i.HAL_TIM_Base_MspInit  tim.o
    0x08001df0   0x08001df0   0x0000008c   Code   RO         2297    i.HAL_TIM_Base_Start_IT  stm32f7xx_hal_tim.o
    0x08001e7c   0x08001e7c   0x000000e0   Code   RO         2301    i.HAL_TIM_ConfigClockSource  stm32f7xx_hal_tim.o
    0x08001f5c   0x08001f5c   0x00000842   Code   RO         5763    i.HAL_TIM_IC_CaptureCallback  encoder.o
    0x0800279e   0x0800279e   0x00000122   Code   RO         2328    i.HAL_TIM_IC_ConfigChannel  stm32f7xx_hal_tim.o
    0x080028c0   0x080028c0   0x00000062   Code   RO         2331    i.HAL_TIM_IC_Init   stm32f7xx_hal_tim.o
    0x08002922   0x08002922   0x00000002   Code   RO         2333    i.HAL_TIM_IC_MspInit  stm32f7xx_hal_tim.o
    0x08002924   0x08002924   0x00000144   Code   RO         2336    i.HAL_TIM_IC_Start_IT  stm32f7xx_hal_tim.o
    0x08002a68   0x08002a68   0x000000b6   Code   RO         2339    i.HAL_TIM_IC_Stop_IT  stm32f7xx_hal_tim.o
    0x08002b1e   0x08002b1e   0x00000182   Code   RO         2340    i.HAL_TIM_IRQHandler  stm32f7xx_hal_tim.o
    0x08002ca0   0x08002ca0   0x00000080   Code   RO          332    i.HAL_TIM_MspPostInit  tim.o
    0x08002d20   0x08002d20   0x00000002   Code   RO         2343    i.HAL_TIM_OC_DelayElapsedCallback  stm32f7xx_hal_tim.o
    0x08002d22   0x08002d22   0x00000124   Code   RO         2364    i.HAL_TIM_PWM_ConfigChannel  stm32f7xx_hal_tim.o
    0x08002e46   0x08002e46   0x00000062   Code   RO         2367    i.HAL_TIM_PWM_Init  stm32f7xx_hal_tim.o
    0x08002ea8   0x08002ea8   0x00000002   Code   RO         2369    i.HAL_TIM_PWM_MspInit  stm32f7xx_hal_tim.o
    0x08002eaa   0x08002eaa   0x00000002   Code   RO         2370    i.HAL_TIM_PWM_PulseFinishedCallback  stm32f7xx_hal_tim.o
    0x08002eac   0x08002eac   0x000000f8   Code   RO         2372    i.HAL_TIM_PWM_Start  stm32f7xx_hal_tim.o
    0x08002fa4   0x08002fa4   0x00000128   Code   RO         2374    i.HAL_TIM_PWM_Start_IT  stm32f7xx_hal_tim.o
    0x080030cc   0x080030cc   0x00000014   Code   RO           14    i.HAL_TIM_PeriodElapsedCallback  main.o
    0x080030e0   0x080030e0   0x00000002   Code   RO         2383    i.HAL_TIM_TriggerCallback  stm32f7xx_hal_tim.o
    0x080030e2   0x080030e2   0x00000002   Code   RO         3294    i.HAL_UARTEx_RxEventCallback  stm32f7xx_hal_uart.o
    0x080030e4   0x080030e4   0x00000002   Code   RO         3310    i.HAL_UART_ErrorCallback  stm32f7xx_hal_uart.o
    0x080030e6   0x080030e6   0x0000000a   Code   RO         3312    i.HAL_UART_GetState  stm32f7xx_hal_uart.o
    0x080030f0   0x080030f0   0x00000280   Code   RO         3313    i.HAL_UART_IRQHandler  stm32f7xx_hal_uart.o
    0x08003370   0x08003370   0x00000066   Code   RO         3314    i.HAL_UART_Init     stm32f7xx_hal_uart.o
    0x080033d6   0x080033d6   0x00000002   PAD
    0x080033d8   0x080033d8   0x00000224   Code   RO          391    i.HAL_UART_MspInit  usart.o
    0x080035fc   0x080035fc   0x00000048   Code   RO         3319    i.HAL_UART_Receive_IT  stm32f7xx_hal_uart.o
    0x08003644   0x08003644   0x00000058   Code   RO         5508    i.HAL_UART_RxCpltCallback  uart.o
    0x0800369c   0x0800369c   0x00000002   Code   RO         3326    i.HAL_UART_TxCpltCallback  stm32f7xx_hal_uart.o
    0x0800369e   0x0800369e   0x00000002   Code   RO          447    i.HardFault_Handler  stm32f7xx_it.o
    0x080036a0   0x080036a0   0x0000004c   Code   RO         5090    i.IIC_Ack           iic.o
    0x080036ec   0x080036ec   0x00000050   Code   RO         5091    i.IIC_Init          iic.o
    0x0800373c   0x0800373c   0x0000004c   Code   RO         5092    i.IIC_NAck          iic.o
    0x08003788   0x08003788   0x00000070   Code   RO         5093    i.IIC_Read_Byte     iic.o
    0x080037f8   0x080037f8   0x00000070   Code   RO         5094    i.IIC_Send_Byte     iic.o
    0x08003868   0x08003868   0x0000004c   Code   RO         5095    i.IIC_Start         iic.o
    0x080038b4   0x080038b4   0x0000004c   Code   RO         5096    i.IIC_Stop          iic.o
    0x08003900   0x08003900   0x00000064   Code   RO         5097    i.IIC_Wait_Ack      iic.o
    0x08003964   0x08003964   0x00000148   Code   RO         6477    i.Line_Scan         scaner.o
    0x08003aac   0x08003aac   0x00000002   Code   RO          285    i.MX_FREERTOS_Init  freertos.o
    0x08003aae   0x08003aae   0x00000002   PAD
    0x08003ab0   0x08003ab0   0x0000013c   Code   RO          261    i.MX_GPIO_Init      gpio.o
    0x08003bec   0x08003bec   0x00000104   Code   RO          333    i.MX_TIM1_Init      tim.o
    0x08003cf0   0x08003cf0   0x000000c8   Code   RO          334    i.MX_TIM2_Init      tim.o
    0x08003db8   0x08003db8   0x000000c8   Code   RO          335    i.MX_TIM3_Init      tim.o
    0x08003e80   0x08003e80   0x0000003c   Code   RO          392    i.MX_USART2_UART_Init  usart.o
    0x08003ebc   0x08003ebc   0x0000003c   Code   RO          393    i.MX_USART3_UART_Init  usart.o
    0x08003ef8   0x08003ef8   0x0000003c   Code   RO          394    i.MX_USART6_UART_Init  usart.o
    0x08003f34   0x08003f34   0x00000002   Code   RO          448    i.MemManage_Handler  stm32f7xx_it.o
    0x08003f36   0x08003f36   0x00000002   Code   RO          449    i.NMI_Handler       stm32f7xx_it.o
    0x08003f38   0x08003f38   0x00000080   Code   RO         5048    i.Rudder_Init       rudder_control.o
    0x08003fb8   0x08003fb8   0x0000003a   Code   RO         5049    i.Rudder_ReadOneByte  rudder_control.o
    0x08003ff2   0x08003ff2   0x00000036   Code   RO         5050    i.Rudder_WriteOneByte  rudder_control.o
    0x08004028   0x08004028   0x000000b6   Code   RO         5051    i.Rudder_control    rudder_control.o
    0x080040de   0x080040de   0x00000002   PAD
    0x080040e0   0x080040e0   0x00000048   Code   RO         5098    i.SDA               iic.o
    0x08004128   0x08004128   0x00000024   Code   RO         5320    i.Start_task        temporary_task.o
    0x0800414c   0x0800414c   0x0000002c   Code   RO         5283    i.Start_task_create  task_create.o
    0x08004178   0x08004178   0x00000030   Code   RO         4969    i.SysTick_Handler   port.o
    0x080041a8   0x080041a8   0x000000c4   Code   RO           15    i.SystemClock_Config  main.o
    0x0800426c   0x0800426c   0x00000010   Code   RO         3726    i.SystemInit        system_stm32f7xx.o
    0x0800427c   0x0800427c   0x0000000c   Code   RO          450    i.TIM1_UP_TIM10_IRQHandler  stm32f7xx_it.o
    0x08004288   0x08004288   0x0000000c   Code   RO          451    i.TIM2_IRQHandler   stm32f7xx_it.o
    0x08004294   0x08004294   0x0000000c   Code   RO          452    i.TIM3_IRQHandler   stm32f7xx_it.o
    0x080042a0   0x080042a0   0x00000034   Code   RO         5568    i.TIM4_IRQHandler   usmart.o
    0x080042d4   0x080042d4   0x00000024   Code   RO         5443    i.TIM5_IRQHandler   sin_generate.o
    0x080042f8   0x080042f8   0x0000006c   Code   RO         5162    i.TIM7_IRQHandler   delay.o
    0x08004364   0x08004364   0x0000000c   Code   RO          453    i.TIM8_TRG_COM_TIM14_IRQHandler  stm32f7xx_it.o
    0x08004370   0x08004370   0x000000cc   Code   RO         2385    i.TIM_Base_SetConfig  stm32f7xx_hal_tim.o
    0x0800443c   0x0800443c   0x0000001a   Code   RO         2386    i.TIM_CCxChannelCmd  stm32f7xx_hal_tim.o
    0x08004456   0x08004456   0x00000012   Code   RO         2396    i.TIM_ETR_SetConfig  stm32f7xx_hal_tim.o
    0x08004468   0x08004468   0x00000010   Code   RO         2397    i.TIM_ITRx_SetConfig  stm32f7xx_hal_tim.o
    0x08004478   0x08004478   0x00000074   Code   RO         2398    i.TIM_OC1_SetConfig  stm32f7xx_hal_tim.o
    0x080044ec   0x080044ec   0x00000078   Code   RO         2399    i.TIM_OC2_SetConfig  stm32f7xx_hal_tim.o
    0x08004564   0x08004564   0x00000078   Code   RO         2400    i.TIM_OC3_SetConfig  stm32f7xx_hal_tim.o
    0x080045dc   0x080045dc   0x00000058   Code   RO         2401    i.TIM_OC4_SetConfig  stm32f7xx_hal_tim.o
    0x08004634   0x08004634   0x00000058   Code   RO         2402    i.TIM_OC5_SetConfig  stm32f7xx_hal_tim.o
    0x0800468c   0x0800468c   0x00000058   Code   RO         2403    i.TIM_OC6_SetConfig  stm32f7xx_hal_tim.o
    0x080046e4   0x080046e4   0x00000022   Code   RO         2405    i.TIM_TI1_ConfigInputStage  stm32f7xx_hal_tim.o
    0x08004706   0x08004706   0x00000002   PAD
    0x08004708   0x08004708   0x00000080   Code   RO         2406    i.TIM_TI1_SetConfig  stm32f7xx_hal_tim.o
    0x08004788   0x08004788   0x00000024   Code   RO         2407    i.TIM_TI2_ConfigInputStage  stm32f7xx_hal_tim.o
    0x080047ac   0x080047ac   0x00000036   Code   RO         2408    i.TIM_TI2_SetConfig  stm32f7xx_hal_tim.o
    0x080047e2   0x080047e2   0x00000002   PAD
    0x080047e4   0x080047e4   0x00000050   Code   RO         5569    i.Timer4_Init       usmart.o
    0x08004834   0x08004834   0x00000054   Code   RO         5444    i.Timer5_Init       sin_generate.o
    0x08004888   0x08004888   0x000000cc   Code   RO         6565    i.Turn_Angle        turn.o
    0x08004954   0x08004954   0x000000f8   Code   RO         6014    i.UART4_IRQHandler  imu_task.o
    0x08004a4c   0x08004a4c   0x00000044   Code   RO         6081    i.UART7_IRQHandler  openmv.o
    0x08004a90   0x08004a90   0x000000c8   Code   RO         3328    i.UART_AdvFeatureConfig  stm32f7xx_hal_uart.o
    0x08004b58   0x08004b58   0x00000040   Code   RO         3329    i.UART_CheckIdleState  stm32f7xx_hal_uart.o
    0x08004b98   0x08004b98   0x00000014   Code   RO         3330    i.UART_DMAAbortOnError  stm32f7xx_hal_uart.o
    0x08004bac   0x08004bac   0x0000004a   Code   RO         3340    i.UART_EndRxTransfer  stm32f7xx_hal_uart.o
    0x08004bf6   0x08004bf6   0x0000009e   Code   RO         3342    i.UART_RxISR_16BIT  stm32f7xx_hal_uart.o
    0x08004c94   0x08004c94   0x0000009e   Code   RO         3343    i.UART_RxISR_8BIT   stm32f7xx_hal_uart.o
    0x08004d32   0x08004d32   0x00000002   PAD
    0x08004d34   0x08004d34   0x00000230   Code   RO         3344    i.UART_SetConfig    stm32f7xx_hal_uart.o
    0x08004f64   0x08004f64   0x000000b8   Code   RO         3346    i.UART_Start_Receive_IT  stm32f7xx_hal_uart.o
    0x0800501c   0x0800501c   0x000000ca   Code   RO         3349    i.UART_WaitOnFlagUntilTimeout  stm32f7xx_hal_uart.o
    0x080050e6   0x080050e6   0x00000002   PAD
    0x080050e8   0x080050e8   0x00000044   Code   RO         5509    i.USART1_IRQHandler  uart.o
    0x0800512c   0x0800512c   0x0000000c   Code   RO          454    i.USART2_IRQHandler  stm32f7xx_it.o
    0x08005138   0x08005138   0x0000000c   Code   RO          455    i.USART3_IRQHandler  stm32f7xx_it.o
    0x08005144   0x08005144   0x0000000c   Code   RO          456    i.USART6_IRQHandler  stm32f7xx_it.o
    0x08005150   0x08005150   0x00000002   Code   RO          457    i.UsageFault_Handler  stm32f7xx_it.o
    0x08005152   0x08005152   0x00000002   PAD
    0x08005154   0x08005154   0x00000020   Code   RO         6869    i.__0printf$8       mc_w.l(printf8.o)
    0x08005174   0x08005174   0x00000022   Code   RO          626    i.__NVIC_SetPriority  stm32f7xx_hal_cortex.o
    0x08005196   0x08005196   0x0000000e   Code   RO         7023    i.__scatterload_copy  mc_w.l(handlers.o)
    0x080051a4   0x080051a4   0x00000002   Code   RO         7024    i.__scatterload_null  mc_w.l(handlers.o)
    0x080051a6   0x080051a6   0x0000000e   Code   RO         7025    i.__scatterload_zeroinit  mc_w.l(handlers.o)
    0x080051b4   0x080051b4   0x00000404   Code   RO         6876    i._printf_core      mc_w.l(printf8.o)
    0x080055b8   0x080055b8   0x00000024   Code   RO         6877    i._printf_post_padding  mc_w.l(printf8.o)
    0x080055dc   0x080055dc   0x0000002e   Code   RO         6878    i._printf_pre_padding  mc_w.l(printf8.o)
    0x0800560a   0x0800560a   0x00000002   PAD
    0x0800560c   0x0800560c   0x00000014   Code   RO         5362    i.chage_target      pid.o
    0x08005620   0x08005620   0x00000054   Code   RO         5163    i.delay_init        delay.o
    0x08005674   0x08005674   0x0000001c   Code   RO         5164    i.delay_ms          delay.o
    0x08005690   0x08005690   0x00000014   Code   RO         5165    i.delay_us          delay.o
    0x080056a4   0x080056a4   0x00000014   Code   RO         5511    i.fputc             uart.o
    0x080056b8   0x080056b8   0x00000044   Code   RO         6568    i.getAngleZ         turn.o
    0x080056fc   0x080056fc   0x000000e4   Code   RO         6478    i.get_detail        scaner.o
    0x080057e0   0x080057e0   0x00000110   Code   RO         5841    i.get_motor_speed   motor_task.o
    0x080058f0   0x080058f0   0x00000024   Code   RO         6479    i.getline_error     scaner.o
    0x08005914   0x08005914   0x00000052   Code   RO         6527    i.gradual_cal       speed_ctrl.o
    0x08005966   0x08005966   0x00000002   PAD
    0x08005968   0x08005968   0x00000034   Code   RO         6015    i.gyro_init         imu_task.o
    0x0800599c   0x0800599c   0x000000b4   Code   RO         5363    i.incremental_PID   pid.o
    0x08005a50   0x08005a50   0x0000008c   Code   RO           16    i.main              main.o
    0x08005adc   0x08005adc   0x00000028   Code   RO         5223    i.main_task         main_task.o
    0x08005b04   0x08005b04   0x00000030   Code   RO         5284    i.main_task_create  task_create.o
    0x08005b34   0x08005b34   0x0000005c   Code   RO         6317    i.mapInit           map.o
    0x08005b90   0x08005b90   0x00000054   Code   RO         5811    i.motor_init        motor.o
    0x08005be4   0x08005be4   0x0000005c   Code   RO         5364    i.motor_pid_clear   pid.o
    0x08005c40   0x08005c40   0x00000078   Code   RO         5812    i.motor_set_pwm     motor.o
    0x08005cb8   0x08005cb8   0x00000304   Code   RO         5842    i.motor_task        motor_task.o
    0x08005fbc   0x08005fbc   0x00000030   Code   RO         5843    i.motor_task_create  motor_task.o
    0x08005fec   0x08005fec   0x00000014   Code   RO         6569    i.mpuZreset         turn.o
    0x08006000   0x08006000   0x00000028   Code   RO         6083    i.mv_init           openmv.o
    0x08006028   0x08006028   0x00000034   Code   RO         6570    i.need2turn         turn.o
    0x0800605c   0x0800605c   0x0000000a   Code   RO         4545    i.osKernelStart     cmsis_os.o
    0x08006066   0x08006066   0x00000002   PAD
    0x08006068   0x08006068   0x00000120   Code   RO         5365    i.pid_init          pid.o
    0x08006188   0x08006188   0x000000e4   Code   RO         5844    i.pid_mode_switch   motor_task.o
    0x0800626c   0x0800626c   0x0000009c   Code   RO         5366    i.positional_PID    pid.o
    0x08006308   0x08006308   0x00000070   Code   RO         4228    i.prvAddCurrentTaskToDelayedList  tasks.o
    0x08006378   0x08006378   0x000000d0   Code   RO         4229    i.prvAddNewTaskToReadyList  tasks.o
    0x08006448   0x08006448   0x00000038   Code   RO         4230    i.prvDeleteTCB      tasks.o
    0x08006480   0x08006480   0x00000050   Code   RO         4907    i.prvHeapInit       heap_4.o
    0x080064d0   0x080064d0   0x00000060   Code   RO         4231    i.prvIdleTask       tasks.o
    0x08006530   0x08006530   0x0000009e   Code   RO         4232    i.prvInitialiseNewTask  tasks.o
    0x080065ce   0x080065ce   0x00000002   PAD
    0x080065d0   0x080065d0   0x0000004c   Code   RO         4908    i.prvInsertBlockIntoFreeList  heap_4.o
    0x0800661c   0x0800661c   0x00000020   Code   RO         4233    i.prvResetNextTaskUnblockTime  tasks.o
    0x0800663c   0x0800663c   0x00000030   Code   RO         4970    i.prvTaskExitError  port.o
    0x0800666c   0x0800666c   0x000000e4   Code   RO         4909    i.pvPortMalloc      heap_4.o
    0x08006750   0x08006750   0x00000030   Code   RO         4971    i.pxPortInitialiseStack  port.o
    0x08006780   0x08006780   0x00000004   Code   RO         5570    i.read_addr         usmart.o
    0x08006784   0x08006784   0x00000098   Code   RO         6571    i.runWithAngle      turn.o
    0x0800681c   0x0800681c   0x00000030   Code   RO         5367    i.speed_pid_kd      pid.o
    0x0800684c   0x0800684c   0x00000030   Code   RO         5368    i.speed_pid_ki      pid.o
    0x0800687c   0x0800687c   0x00000030   Code   RO         5369    i.speed_pid_kp      pid.o
    0x080068ac   0x080068ac   0x00000038   Code   RO         5512    i.uart_init         uart.o
    0x080068e4   0x080068e4   0x0000007c   Code   RO         5321    i.user_init         temporary_task.o
    0x08006960   0x08006960   0x00000094   Code   RO         5571    i.usmart_cmd_rec    usmart.o
    0x080069f4   0x080069f4   0x00000264   Code   RO         5572    i.usmart_exe        usmart.o
    0x08006c58   0x08006c58   0x000000a6   Code   RO         5683    i.usmart_get_aparm  usmart_str.o
    0x08006cfe   0x08006cfe   0x0000002e   Code   RO         5684    i.usmart_get_cmdname  usmart_str.o
    0x08006d2c   0x08006d2c   0x00000174   Code   RO         5685    i.usmart_get_fname  usmart_str.o
    0x08006ea0   0x08006ea0   0x000000e4   Code   RO         5686    i.usmart_get_fparam  usmart_str.o
    0x08006f84   0x08006f84   0x00000024   Code   RO         5687    i.usmart_get_parmpos  usmart_str.o
    0x08006fa8   0x08006fa8   0x00000034   Code   RO         5573    i.usmart_get_runtime  usmart.o
    0x08006fdc   0x08006fdc   0x00000028   Code   RO         5574    i.usmart_init       usmart.o
    0x08007004   0x08007004   0x00000002   Code   RO         5370    i.usmart_pid        pid.o
    0x08007006   0x08007006   0x00000010   Code   RO         5688    i.usmart_pow        usmart_str.o
    0x08007016   0x08007016   0x00000002   PAD
    0x08007018   0x08007018   0x0000002c   Code   RO         5575    i.usmart_reset_runtime  usmart.o
    0x08007044   0x08007044   0x000000a4   Code   RO         5576    i.usmart_scan       usmart.o
    0x080070e8   0x080070e8   0x00000010   Code   RO         5689    i.usmart_search_nextc  usmart_str.o
    0x080070f8   0x080070f8   0x000000d8   Code   RO         5690    i.usmart_str2num    usmart_str.o
    0x080071d0   0x080071d0   0x00000018   Code   RO         5691    i.usmart_strcmp     usmart_str.o
    0x080071e8   0x080071e8   0x00000012   Code   RO         5692    i.usmart_strcopy    usmart_str.o
    0x080071fa   0x080071fa   0x00000012   Code   RO         5693    i.usmart_strlen     usmart_str.o
    0x0800720c   0x0800720c   0x00000680   Code   RO         5577    i.usmart_sys_cmd_exe  usmart.o
    0x0800788c   0x0800788c   0x00000026   Code   RO         3864    i.uxListRemove      list.o
    0x080078b2   0x080078b2   0x00000002   PAD
    0x080078b4   0x080078b4   0x00000018   Code   RO          286    i.vApplicationGetIdleTaskMemory  freertos.o
    0x080078cc   0x080078cc   0x00000016   Code   RO         3865    i.vListInitialise   list.o
    0x080078e2   0x080078e2   0x00000006   Code   RO         3866    i.vListInitialiseItem  list.o
    0x080078e8   0x080078e8   0x00000030   Code   RO         3867    i.vListInsert       list.o
    0x08007918   0x08007918   0x00000018   Code   RO         3868    i.vListInsertEnd    list.o
    0x08007930   0x08007930   0x00000048   Code   RO         4973    i.vPortEnterCritical  port.o
    0x08007978   0x08007978   0x0000002c   Code   RO         4974    i.vPortExitCritical  port.o
    0x080079a4   0x080079a4   0x00000064   Code   RO         4910    i.vPortFree         heap_4.o
    0x08007a08   0x08007a08   0x00000024   Code   RO         4975    i.vPortSetupTimerInterrupt  port.o
    0x08007a2c   0x08007a2c   0x00000050   Code   RO         4241    i.vTaskDelay        tasks.o
    0x08007a7c   0x08007a7c   0x00000098   Code   RO         4242    i.vTaskDelayUntil   tasks.o
    0x08007b14   0x08007b14   0x000000b0   Code   RO         4243    i.vTaskDelete       tasks.o
    0x08007bc4   0x08007bc4   0x00000070   Code   RO         4255    i.vTaskStartScheduler  tasks.o
    0x08007c34   0x08007c34   0x00000010   Code   RO         4257    i.vTaskSuspendAll   tasks.o
    0x08007c44   0x08007c44   0x00000060   Code   RO         4258    i.vTaskSwitchContext  tasks.o
    0x08007ca4   0x08007ca4   0x00000004   Code   RO         5578    i.write_addr        usmart.o
    0x08007ca8   0x08007ca8   0x000000c0   Code   RO         4977    i.xPortStartScheduler  port.o
    0x08007d68   0x08007d68   0x0000005a   Code   RO         4260    i.xTaskCreate       tasks.o
    0x08007dc2   0x08007dc2   0x0000005e   Code   RO         4261    i.xTaskCreateStatic  tasks.o
    0x08007e20   0x08007e20   0x0000000c   Code   RO         4266    i.xTaskGetTickCount  tasks.o
    0x08007e2c   0x08007e2c   0x000000cc   Code   RO         4268    i.xTaskIncrementTick  tasks.o
    0x08007ef8   0x08007ef8   0x000000c8   Code   RO         4274    i.xTaskResumeAll    tasks.o
    0x08007fc0   0x08007fc0   0x00000010   Data   RO         3727    .constdata          system_stm32f7xx.o
    0x08007fd0   0x08007fd0   0x00000008   Data   RO         3728    .constdata          system_stm32f7xx.o
    0x08007fd8   0x08007fd8   0x0000001c   Data   RO         5845    .constdata          motor_task.o
    0x08007ff4   0x08007ff4   0x00000040   Data   RO         6481    .constdata          scaner.o
    0x08008034   0x08008034   0x00000028   Data   RO         5580    .conststring        usmart.o
    0x0800805c   0x0800805c   0x00000120   Data   RO         5657    .conststring        usmart_config.o
    0x0800817c   0x0800817c   0x00000020   Data   RO         7021    Region$$Table       anon$$obj.o


    Execution Region RW_IRAM1 (Exec base: 0x20000000, Load base: 0x0800819c, Size: 0x000059b8, Max: 0x00050000, ABSOLUTE, COMPRESSED[0x000004b8])

    Exec Addr    Load Addr    Size         Type   Attr      Idx    E Section Name        Object

    0x20000000   COMPRESSED   0x0000000c   Data   RW         1545    .data               stm32f7xx_hal.o
    0x2000000c   COMPRESSED   0x00000004   Data   RW         3729    .data               system_stm32f7xx.o
    0x20000010   COMPRESSED   0x0000003c   Data   RW         4277    .data               tasks.o
    0x2000004c   COMPRESSED   0x00000018   Data   RW         4915    .data               heap_4.o
    0x20000064   COMPRESSED   0x0000000c   Data   RW         4978    .data               port.o
    0x20000070   COMPRESSED   0x00000001   Data   RW         5168    .data               delay.o
    0x20000071   COMPRESSED   0x00000003   PAD
    0x20000074   COMPRESSED   0x00000008   Data   RW         5285    .data               task_create.o
    0x2000007c   COMPRESSED   0x00000010   Data   RW         5447    .data               sin_generate.o
    0x2000008c   COMPRESSED   0x00000004   Data   RW         5514    .data               uart.o
    0x20000090   COMPRESSED   0x00000004   Data   RW         5515    .data               uart.o
    0x20000094   COMPRESSED   0x0000001c   Data   RW         5581    .data               usmart.o
    0x200000b0   COMPRESSED   0x00000040   Data   RW         5658    .data               usmart_config.o
    0x200000f0   COMPRESSED   0x000000f4   Data   RW         5659    .data               usmart_config.o
    0x200001e4   COMPRESSED   0x00000018   Data   RW         5766    .data               encoder.o
    0x200001fc   COMPRESSED   0x00000018   Data   RW         5846    .data               motor_task.o
    0x20000214   COMPRESSED   0x00000002   Data   RW         6017    .data               imu_task.o
    0x20000216   COMPRESSED   0x00000002   PAD
    0x20000218   COMPRESSED   0x00000008   Data   RW         6086    .data               openmv.o
    0x20000220   COMPRESSED   0x000009d8   Data   RW         6377    .data               map_message.o
    0x20000bf8   COMPRESSED   0x00000008   Data   RW         6482    .data               scaner.o
    0x20000c00   COMPRESSED   0x0000002c   Data   RW         6530    .data               speed_ctrl.o
    0x20000c2c   COMPRESSED   0x00000008   Data   RW         6572    .data               turn.o
    0x20000c34        -       0x00000254   Zero   RW          287    .bss                freertos.o
    0x20000e88        -       0x000000e4   Zero   RW          336    .bss                tim.o
    0x20000f6c        -       0x0000018c   Zero   RW          395    .bss                usart.o
    0x200010f8        -       0x0000004c   Zero   RW          572    .bss                stm32f7xx_hal_timebase_tim.o
    0x20001144        -       0x000000f0   Zero   RW         4276    .bss                tasks.o
    0x20001234        -       0x00003c00   Zero   RW         4914    .bss                heap_4.o
    0x20004e34        -       0x0000004c   Zero   RW         5166    .bss                delay.o
    0x20004e80        -       0x00000124   Zero   RW         5371    .bss                pid.o
    0x20004fa4        -       0x0000001c   Zero   RW         5372    .bss                pid.o
    0x20004fc0        -       0x0000001c   Zero   RW         5373    .bss                pid.o
    0x20004fdc        -       0x0000001c   Zero   RW         5374    .bss                pid.o
    0x20004ff8        -       0x0000004c   Zero   RW         5446    .bss                sin_generate.o
    0x20005044        -       0x0000014c   Zero   RW         5513    .bss                uart.o
    0x20005190        -       0x0000004c   Zero   RW         5579    .bss                usmart.o
    0x200051dc        -       0x00000260   Zero   RW         5765    .bss                encoder.o
    0x2000543c        -       0x000000a4   Zero   RW         6016    .bss                imu_task.o
    0x200054e0        -       0x00000084   Zero   RW         6085    .bss                openmv.o
    0x20005564        -       0x0000002c   Zero   RW         6319    .bss                map.o
    0x20005590        -       0x0000000c   Zero   RW         6480    .bss                scaner.o
    0x2000559c        -       0x0000000c   Zero   RW         6528    .bss                speed_ctrl.o
    0x200055a8        -       0x0000000c   Zero   RW         6529    .bss                speed_ctrl.o
    0x200055b4   COMPRESSED   0x00000004   PAD
    0x200055b8        -       0x00000400   Zero   RW            1    STACK               startup_stm32f750xx.o


==============================================================================

Image component sizes


      Code (inc. data)   RO Data    RW Data    ZI Data      Debug   Object Name

       104         22          0          0          0       2521   barrier.o
        10          0          0          0          0      21054   cmsis_os.o
       240         40          0          1         76       2853   delay.o
      2910         40          0         24        608       4844   encoder.o
         0          0          0          0          0      15764   event_groups.o
        26          6          0          0        596       6343   freertos.o
       316         24          0          0          0       1079   gpio.o
       484         24          0         24      15360       7375   heap_4.o
       780         52          0          0          0       5404   iic.o
       300         34          0          2        164       2166   imu_task.o
       138          0          0          0          0       3542   list.o
       360         24          0          0          0     869852   main.o
        40          6          0          0          0        552   main_task.o
        92         18          0          0         44       2964   map.o
         0          0          0       2520          0       2184   map_message.o
       204         14          0          0          0       1249   motor.o
      1320        206         28         24          0       3695   motor_task.o
       108         18          0          8        132       1260   openmv.o
       882         98          0          0        376       6819   pid.o
       682         70          0         12          0      11040   port.o
       422         10          0          0          0       3006   rudder_control.o
       736         80         64          8         12       5251   scaner.o
       120         20          0         16         76       2004   sin_generate.o
        82          0          0         44         24       1992   speed_ctrl.o
        36          8        456          0       1024        836   startup_stm32f750xx.o
        50         10          0         12          0       7710   stm32f7xx_hal.o
       160         12          0          0          0      38186   stm32f7xx_hal_cortex.o
       182          0          0          0          0       2131   stm32f7xx_hal_dma.o
       620         54          0          0          0       3568   stm32f7xx_hal_gpio.o
        56          4          0          0          0        862   stm32f7xx_hal_msp.o
       108          8          0          0          0       1264   stm32f7xx_hal_pwr_ex.o
      1428         72          0          0          0       5869   stm32f7xx_hal_rcc.o
      1276         16          0          0          0       2284   stm32f7xx_hal_rcc_ex.o
      3822        288          0          0          0      24881   stm32f7xx_hal_tim.o
       330         40          0          0          0       3992   stm32f7xx_hal_tim_ex.o
       116         16          0          0         76       1424   stm32f7xx_hal_timebase_tim.o
      2450         82          0          0          0      13885   stm32f7xx_hal_uart.o
        96         42          0          0          0       6076   stm32f7xx_it.o
         0          0          0          0          0        392   stream_buffer.o
        16          4         24          4          0       1127   system_stm32f7xx.o
        92         42          0          8          0       1244   task_create.o
      1894        136          0         60        240      22278   tasks.o
       160         18          0          0          0       1213   temporary_task.o
      1028         66          0          0        228       4414   tim.o
       496         86          0          8          0       4408   turn.o
       232         42          0          8        332       4134   uart.o
       728         74          0          0        396       3540   usart.o
      2864       1358         40         28         76       7819   usmart.o
         0          0        288        308          0       1484   usmart_config.o
      1156         22          0          0          0       9295   usmart_str.o

    ----------------------------------------------------------------------
     29790       3306        932       3124      19844    1159129   Object Totals
         0          0         32          0          0          0   (incl. Generated)
        38          0          0          5          4          0   (incl. Padding)

    ----------------------------------------------------------------------

      Code (inc. data)   RO Data    RW Data    ZI Data      Debug   Library Member Name

        86          0          0          0          0          0   __dczerorl2.o
         0          0          0          0          0          0   entry.o
         0          0          0          0          0          0   entry10a.o
         0          0          0          0          0          0   entry11a.o
         4          0          0          0          0          0   entry12b.o
         8          4          0          0          0          0   entry2.o
         4          0          0          0          0          0   entry5.o
         0          0          0          0          0          0   entry7b.o
         0          0          0          0          0          0   entry8b.o
         8          4          0          0          0          0   entry9a.o
        30          0          0          0          0          0   handlers.o
        36          8          0          0          0         68   init.o
         0          0          0          0          0          0   iusefp.o
        30          0          0          0          0         68   llshl.o
        32          0          0          0          0         68   llushr.o
        64          0          0          0          0         76   memmovea.o
        36          0          0          0          0        108   memseta.o
      1142         54          0          0          0        352   printf8.o
        98          0          0          0          0         92   uldiv.o
        56          0          0          0          0         88   d2f.o
       222          0          0          0          0        100   ddiv.o
       186          0          0          0          0        176   depilogue.o
        34          0          0          0          0         76   dflti.o
       228          0          0          0          0         96   dmul.o
        38          0          0          0          0         68   f2d.o
       110          0          0          0          0        168   fepilogue.o

    ----------------------------------------------------------------------
      2458         70          0          0          0       1604   Library Totals
         6          0          0          0          0          0   (incl. Padding)

    ----------------------------------------------------------------------

      Code (inc. data)   RO Data    RW Data    ZI Data      Debug   Library Name

      1578         70          0          0          0        832   mc_w.l
       874          0          0          0          0        772   mf_w.l

    ----------------------------------------------------------------------
      2458         70          0          0          0       1604   Library Totals

    ----------------------------------------------------------------------

==============================================================================


      Code (inc. data)   RO Data    RW Data    ZI Data      Debug   

     32248       3376        932       3124      19844    1139389   Grand Totals
     32248       3376        932       1208      19844    1139389   ELF Image Totals (compressed)
     32248       3376        932       1208          0          0   ROM Totals

==============================================================================

    Total RO  Size (Code + RO Data)                33180 (  32.40kB)
    Total RW  Size (RW Data + ZI Data)             22968 (  22.43kB)
    Total ROM Size (Code + RO Data + RW Data)      34388 (  33.58kB)

==============================================================================

